[0.117s] Invoking command in '/home/laura_benitez/urdf_ws/build/joy': CMAKE_PREFIX_PATH=${CMAKE_PREFIX_PATH}:/opt/ros/humble /usr/bin/cmake --build /home/laura_benitez/urdf_ws/build/joy -- -j16 -l16
[0.621s] [ 33%] Built target joy_enumerate_devices
[0.621s] [100%] Built target joy
[0.621s] [100%] Built target joy_node
[1.122s] Invoked command in '/home/laura_benitez/urdf_ws/build/joy' returned '0': CMAKE_PREFIX_PATH=${CMAKE_PREFIX_PATH}:/opt/ros/humble /usr/bin/cmake --build /home/laura_benitez/urdf_ws/build/joy -- -j16 -l16
[1.140s] Invoking command in '/home/laura_benitez/urdf_ws/build/joy': CMAKE_PREFIX_PATH=${CMAKE_PREFIX_PATH}:/opt/ros/humble /usr/bin/cmake --install /home/laura_benitez/urdf_ws/build/joy
[1.171s] -- Install configuration: ""
[1.195s] -- Up-to-date: /home/laura_benitez/urdf_ws/install/joy/lib/libjoy.so
[1.206s] -- Up-to-date: /home/laura_benitez/urdf_ws/install/joy/lib/joy/joy_node
[1.214s] -- Up-to-date: /home/laura_benitez/urdf_ws/install/joy/lib/joy/joy_enumerate_devices
[1.214s] -- Up-to-date: /home/laura_benitez/urdf_ws/install/joy/include/joy
[1.215s] -- Up-to-date: /home/laura_benitez/urdf_ws/install/joy/include/joy/joy
[1.215s] -- Up-to-date: /home/laura_benitez/urdf_ws/install/joy/include/joy/joy/joy.hpp
[1.215s] -- Up-to-date: /home/laura_benitez/urdf_ws/install/joy/include/joy/joy/joy.hpp:Zone.Identifier
[1.215s] -- Up-to-date: /home/laura_benitez/urdf_ws/install/joy/share/joy/config
[1.215s] -- Up-to-date: /home/laura_benitez/urdf_ws/install/joy/share/joy/config/joy-params.yaml
[1.216s] -- Up-to-date: /home/laura_benitez/urdf_ws/install/joy/share/joy/config/joy-params.yaml:Zone.Identifier
[1.216s] -- Up-to-date: /home/laura_benitez/urdf_ws/install/joy/share/joy/launch
[1.216s] -- Up-to-date: /home/laura_benitez/urdf_ws/install/joy/share/joy/launch/joy-composed-launch.py
[1.216s] -- Up-to-date: /home/laura_benitez/urdf_ws/install/joy/share/joy/launch/joy-composed-launch.py:Zone.Identifier
[1.217s] -- Up-to-date: /home/laura_benitez/urdf_ws/install/joy/share/joy/launch/joy-launch_test.py
[1.217s] -- Up-to-date: /home/laura_benitez/urdf_ws/install/joy/share/joy/launch/joy-launch_test.py:Zone.Identifier
[1.217s] -- Up-to-date: /home/laura_benitez/urdf_ws/install/joy/share/ament_index/resource_index/package_run_dependencies/joy
[1.217s] -- Up-to-date: /home/laura_benitez/urdf_ws/install/joy/share/ament_index/resource_index/parent_prefix_path/joy
[1.218s] -- Up-to-date: /home/laura_benitez/urdf_ws/install/joy/share/joy/environment/ament_prefix_path.sh
[1.218s] -- Up-to-date: /home/laura_benitez/urdf_ws/install/joy/share/joy/environment/ament_prefix_path.dsv
[1.218s] -- Up-to-date: /home/laura_benitez/urdf_ws/install/joy/share/joy/environment/path.sh
[1.218s] -- Up-to-date: /home/laura_benitez/urdf_ws/install/joy/share/joy/environment/path.dsv
[1.219s] -- Up-to-date: /home/laura_benitez/urdf_ws/install/joy/share/joy/local_setup.bash
[1.219s] -- Up-to-date: /home/laura_benitez/urdf_ws/install/joy/share/joy/local_setup.sh
[1.219s] -- Up-to-date: /home/laura_benitez/urdf_ws/install/joy/share/joy/local_setup.zsh
[1.219s] -- Up-to-date: /home/laura_benitez/urdf_ws/install/joy/share/joy/local_setup.dsv
[1.220s] -- Installing: /home/laura_benitez/urdf_ws/install/joy/share/joy/package.dsv
[1.228s] -- Up-to-date: /home/laura_benitez/urdf_ws/install/joy/share/ament_index/resource_index/packages/joy
[1.229s] -- Up-to-date: /home/laura_benitez/urdf_ws/install/joy/share/ament_index/resource_index/rclcpp_components/joy
[1.240s] -- Up-to-date: /home/laura_benitez/urdf_ws/install/joy/share/joy/cmake/export_joyExport.cmake
[1.240s] -- Up-to-date: /home/laura_benitez/urdf_ws/install/joy/share/joy/cmake/export_joyExport-noconfig.cmake
[1.240s] -- Up-to-date: /home/laura_benitez/urdf_ws/install/joy/share/joy/cmake/ament_cmake_export_targets-extras.cmake
[1.241s] -- Up-to-date: /home/laura_benitez/urdf_ws/install/joy/share/joy/cmake/ament_cmake_export_dependencies-extras.cmake
[1.241s] -- Up-to-date: /home/laura_benitez/urdf_ws/install/joy/share/joy/cmake/joyConfig.cmake
[1.241s] -- Up-to-date: /home/laura_benitez/urdf_ws/install/joy/share/joy/cmake/joyConfig-version.cmake
[1.242s] -- Up-to-date: /home/laura_benitez/urdf_ws/install/joy/share/joy/package.xml
[1.315s] Invoked command in '/home/laura_benitez/urdf_ws/build/joy' returned '0': CMAKE_PREFIX_PATH=${CMAKE_PREFIX_PATH}:/opt/ros/humble /usr/bin/cmake --install /home/laura_benitez/urdf_ws/build/joy
