[0.168s] Invoking command in '/home/laura_benitez/urdf_ws/build/cartographer_example': CMAKE_PREFIX_PATH=${CMAKE_PREFIX_PATH}:/home/laura_benitez/urdf_ws/install/teleop_twist_keyboard:/home/laura_benitez/urdf_ws/install/ros_tcp_endpoint:/home/laura_benitez/urdf_ws/install/kml_exporter:/home/laura_benitez/urdf_ws/install/gpx_loader:/opt/ros/humble /usr/bin/cmake --build /home/laura_benitez/urdf_ws/build/cartographer_example -- -j16 -l16
[1.328s] Invoked command in '/home/laura_benitez/urdf_ws/build/cartographer_example' returned '0': CMAKE_PREFIX_PATH=${CMAKE_PREFIX_PATH}:/home/laura_benitez/urdf_ws/install/teleop_twist_keyboard:/home/laura_benitez/urdf_ws/install/ros_tcp_endpoint:/home/laura_benitez/urdf_ws/install/kml_exporter:/home/laura_benitez/urdf_ws/install/gpx_loader:/opt/ros/humble /usr/bin/cmake --build /home/laura_benitez/urdf_ws/build/cartographer_example -- -j16 -l16
[1.344s] Invoking command in '/home/laura_benitez/urdf_ws/build/cartographer_example': CMAKE_PREFIX_PATH=${CMAKE_PREFIX_PATH}:/home/laura_benitez/urdf_ws/install/teleop_twist_keyboard:/home/laura_benitez/urdf_ws/install/ros_tcp_endpoint:/home/laura_benitez/urdf_ws/install/kml_exporter:/home/laura_benitez/urdf_ws/install/gpx_loader:/opt/ros/humble /usr/bin/cmake --install /home/laura_benitez/urdf_ws/build/cartographer_example
[1.844s] -- Install configuration: ""
[1.844s] -- Up-to-date: /home/laura_benitez/urdf_ws/install/cartographer_example/share/ament_index/resource_index/package_run_dependencies/cartographer_example
[1.844s] -- Up-to-date: /home/laura_benitez/urdf_ws/install/cartographer_example/share/ament_index/resource_index/parent_prefix_path/cartographer_example
[1.844s] -- Up-to-date: /home/laura_benitez/urdf_ws/install/cartographer_example/share/cartographer_example/environment/ament_prefix_path.sh
[1.844s] -- Up-to-date: /home/laura_benitez/urdf_ws/install/cartographer_example/share/cartographer_example/environment/ament_prefix_path.dsv
[1.845s] -- Up-to-date: /home/laura_benitez/urdf_ws/install/cartographer_example/share/cartographer_example/environment/path.sh
[1.845s] -- Up-to-date: /home/laura_benitez/urdf_ws/install/cartographer_example/share/cartographer_example/environment/path.dsv
[1.845s] -- Up-to-date: /home/laura_benitez/urdf_ws/install/cartographer_example/share/cartographer_example/local_setup.bash
[1.845s] -- Up-to-date: /home/laura_benitez/urdf_ws/install/cartographer_example/share/cartographer_example/local_setup.sh
[1.845s] -- Up-to-date: /home/laura_benitez/urdf_ws/install/cartographer_example/share/cartographer_example/local_setup.zsh
[1.845s] -- Up-to-date: /home/laura_benitez/urdf_ws/install/cartographer_example/share/cartographer_example/local_setup.dsv
[1.845s] -- Installing: /home/laura_benitez/urdf_ws/install/cartographer_example/share/cartographer_example/package.dsv
[1.845s] -- Up-to-date: /home/laura_benitez/urdf_ws/install/cartographer_example/share/ament_index/resource_index/packages/cartographer_example
[1.845s] -- Up-to-date: /home/laura_benitez/urdf_ws/install/cartographer_example/share/cartographer_example/cmake/cartographer_exampleConfig.cmake
[1.845s] -- Up-to-date: /home/laura_benitez/urdf_ws/install/cartographer_example/share/cartographer_example/cmake/cartographer_exampleConfig-version.cmake
[1.845s] -- Up-to-date: /home/laura_benitez/urdf_ws/install/cartographer_example/share/cartographer_example/package.xml
[1.852s] Invoked command in '/home/laura_benitez/urdf_ws/build/cartographer_example' returned '0': CMAKE_PREFIX_PATH=${CMAKE_PREFIX_PATH}:/home/laura_benitez/urdf_ws/install/teleop_twist_keyboard:/home/laura_benitez/urdf_ws/install/ros_tcp_endpoint:/home/laura_benitez/urdf_ws/install/kml_exporter:/home/laura_benitez/urdf_ws/install/gpx_loader:/opt/ros/humble /usr/bin/cmake --install /home/laura_benitez/urdf_ws/build/cartographer_example
