-- The C compiler identification is GNU 11.4.0
-- The CXX compiler identification is GNU 11.4.0
-- Detecting C compiler ABI info
-- Detecting C compiler ABI info - done
-- Check for working C compiler: /usr/bin/cc - skipped
-- Detecting C compile features
-- Detecting C compile features - done
-- Detecting CXX compiler ABI info
-- Detecting CXX compiler ABI info - done
-- Check for working CXX compiler: /usr/bin/c++ - skipped
-- Detecting CXX compile features
-- Detecting CXX compile features - done
-- Found ament_cmake: 1.3.11 (/opt/ros/humble/share/ament_cmake/cmake)
-- Found Python3: /usr/bin/python3 (found version "3.10.12") found components: Interpreter 
-- Found ament_lint_auto: 0.12.11 (/opt/ros/humble/share/ament_lint_auto/cmake)
-- Added test 'flake8' to check Python code syntax and style conventions
-- Added test 'lint_cmake' to check CMake code style
-- Added test 'pep257' to check Python code against some of the docstring style conventions in PEP 257
-- Added test 'xmllint' to check XML markup files
-- Configuring done
-- Generating done
-- Build files have been written to: /home/laura_benitez/urdf_ws/build/cartographer_example
-- Install configuration: ""
-- Installing: /home/laura_benitez/urdf_ws/install/cartographer_example/share/ament_index/resource_index/package_run_dependencies/cartographer_example
-- Installing: /home/laura_benitez/urdf_ws/install/cartographer_example/share/ament_index/resource_index/parent_prefix_path/cartographer_example
-- Installing: /home/laura_benitez/urdf_ws/install/cartographer_example/share/cartographer_example/environment/ament_prefix_path.sh
-- Installing: /home/laura_benitez/urdf_ws/install/cartographer_example/share/cartographer_example/environment/ament_prefix_path.dsv
-- Installing: /home/laura_benitez/urdf_ws/install/cartographer_example/share/cartographer_example/environment/path.sh
-- Installing: /home/laura_benitez/urdf_ws/install/cartographer_example/share/cartographer_example/environment/path.dsv
-- Installing: /home/laura_benitez/urdf_ws/install/cartographer_example/share/cartographer_example/local_setup.bash
-- Installing: /home/laura_benitez/urdf_ws/install/cartographer_example/share/cartographer_example/local_setup.sh
-- Installing: /home/laura_benitez/urdf_ws/install/cartographer_example/share/cartographer_example/local_setup.zsh
-- Installing: /home/laura_benitez/urdf_ws/install/cartographer_example/share/cartographer_example/local_setup.dsv
-- Installing: /home/laura_benitez/urdf_ws/install/cartographer_example/share/cartographer_example/package.dsv
-- Installing: /home/laura_benitez/urdf_ws/install/cartographer_example/share/ament_index/resource_index/packages/cartographer_example
-- Installing: /home/laura_benitez/urdf_ws/install/cartographer_example/share/cartographer_example/cmake/cartographer_exampleConfig.cmake
-- Installing: /home/laura_benitez/urdf_ws/install/cartographer_example/share/cartographer_example/cmake/cartographer_exampleConfig-version.cmake
-- Installing: /home/laura_benitez/urdf_ws/install/cartographer_example/share/cartographer_example/package.xml
