[0.146s] Invoking command in '/home/laura_benitez/urdf_ws/build/cuadriga': AMENT_PREFIX_PATH=/home/laura_benitez/urdf_ws/install/cuadriga_interfaces:${AMENT_PREFIX_PATH} CMAKE_PREFIX_PATH=/home/laura_benitez/urdf_ws/install/cuadriga_interfaces:/home/laura_benitez/test_ws/install/mi_robot_description:/home/laura_benitez/rosgame_ws/install/warrior_15:/home/laura_benitez/rosgame_ws/install/rosgame_msgs:/home/laura_benitez/rosgame_ws/install/rosgame_bridge:/home/laura_benitez/cypr_ws/install/navigation:/home/laura_benitez/cypr_ws/install/motion:/home/laura_benitez/cypr_ws/install/localization:/home/laura_benitez/cypr_ws/install/keyboard_control:/home/laura_benitez/cypr_ws/install/arm_controller:/opt/ros/humble LD_LIBRARY_PATH=/home/laura_benitez/urdf_ws/install/cuadriga_interfaces/lib:${LD_LIBRARY_PATH} PYTHONPATH=/home/laura_benitez/urdf_ws/install/cuadriga_interfaces/local/lib/python3.10/dist-packages:${PYTHONPATH} /usr/bin/cmake --build /home/laura_benitez/urdf_ws/build/cuadriga -- -j16 -l16
[0.612s] [100%] Built target cuadriga
[1.298s] Invoked command in '/home/laura_benitez/urdf_ws/build/cuadriga' returned '0': AMENT_PREFIX_PATH=/home/laura_benitez/urdf_ws/install/cuadriga_interfaces:${AMENT_PREFIX_PATH} CMAKE_PREFIX_PATH=/home/laura_benitez/urdf_ws/install/cuadriga_interfaces:/home/laura_benitez/test_ws/install/mi_robot_description:/home/laura_benitez/rosgame_ws/install/warrior_15:/home/laura_benitez/rosgame_ws/install/rosgame_msgs:/home/laura_benitez/rosgame_ws/install/rosgame_bridge:/home/laura_benitez/cypr_ws/install/navigation:/home/laura_benitez/cypr_ws/install/motion:/home/laura_benitez/cypr_ws/install/localization:/home/laura_benitez/cypr_ws/install/keyboard_control:/home/laura_benitez/cypr_ws/install/arm_controller:/opt/ros/humble LD_LIBRARY_PATH=/home/laura_benitez/urdf_ws/install/cuadriga_interfaces/lib:${LD_LIBRARY_PATH} PYTHONPATH=/home/laura_benitez/urdf_ws/install/cuadriga_interfaces/local/lib/python3.10/dist-packages:${PYTHONPATH} /usr/bin/cmake --build /home/laura_benitez/urdf_ws/build/cuadriga -- -j16 -l16
[1.305s] Invoking command in '/home/laura_benitez/urdf_ws/build/cuadriga': AMENT_PREFIX_PATH=/home/laura_benitez/urdf_ws/install/cuadriga_interfaces:${AMENT_PREFIX_PATH} CMAKE_PREFIX_PATH=/home/laura_benitez/urdf_ws/install/cuadriga_interfaces:/home/laura_benitez/test_ws/install/mi_robot_description:/home/laura_benitez/rosgame_ws/install/warrior_15:/home/laura_benitez/rosgame_ws/install/rosgame_msgs:/home/laura_benitez/rosgame_ws/install/rosgame_bridge:/home/laura_benitez/cypr_ws/install/navigation:/home/laura_benitez/cypr_ws/install/motion:/home/laura_benitez/cypr_ws/install/localization:/home/laura_benitez/cypr_ws/install/keyboard_control:/home/laura_benitez/cypr_ws/install/arm_controller:/opt/ros/humble LD_LIBRARY_PATH=/home/laura_benitez/urdf_ws/install/cuadriga_interfaces/lib:${LD_LIBRARY_PATH} PYTHONPATH=/home/laura_benitez/urdf_ws/install/cuadriga_interfaces/local/lib/python3.10/dist-packages:${PYTHONPATH} /usr/bin/cmake --install /home/laura_benitez/urdf_ws/build/cuadriga
[1.377s] -- Install configuration: ""
[1.378s] -- Up-to-date: /home/laura_benitez/urdf_ws/install/cuadriga/lib/cuadriga/cuadriga
[1.380s] -- Up-to-date: /home/laura_benitez/urdf_ws/install/cuadriga/share/cuadriga//launch
[1.381s] -- Up-to-date: /home/laura_benitez/urdf_ws/install/cuadriga/share/cuadriga//launch/cuadriga_launch.py
[1.381s] -- Up-to-date: /home/laura_benitez/urdf_ws/install/cuadriga/share/cuadriga//launch/cuadriga_launch.py:Zone.Identifier
[1.382s] -- Up-to-date: /home/laura_benitez/urdf_ws/install/cuadriga/share/ament_index/resource_index/package_run_dependencies/cuadriga
[1.383s] -- Up-to-date: /home/laura_benitez/urdf_ws/install/cuadriga/share/ament_index/resource_index/parent_prefix_path/cuadriga
[1.383s] -- Up-to-date: /home/laura_benitez/urdf_ws/install/cuadriga/share/cuadriga/environment/ament_prefix_path.sh
[1.383s] -- Up-to-date: /home/laura_benitez/urdf_ws/install/cuadriga/share/cuadriga/environment/ament_prefix_path.dsv
[1.383s] -- Up-to-date: /home/laura_benitez/urdf_ws/install/cuadriga/share/cuadriga/environment/path.sh
[1.384s] -- Up-to-date: /home/laura_benitez/urdf_ws/install/cuadriga/share/cuadriga/environment/path.dsv
[1.384s] -- Up-to-date: /home/laura_benitez/urdf_ws/install/cuadriga/share/cuadriga/local_setup.bash
[1.384s] -- Up-to-date: /home/laura_benitez/urdf_ws/install/cuadriga/share/cuadriga/local_setup.sh
[1.384s] -- Up-to-date: /home/laura_benitez/urdf_ws/install/cuadriga/share/cuadriga/local_setup.zsh
[1.385s] -- Up-to-date: /home/laura_benitez/urdf_ws/install/cuadriga/share/cuadriga/local_setup.dsv
[1.385s] -- Installing: /home/laura_benitez/urdf_ws/install/cuadriga/share/cuadriga/package.dsv
[1.390s] -- Up-to-date: /home/laura_benitez/urdf_ws/install/cuadriga/share/ament_index/resource_index/packages/cuadriga
[1.390s] -- Up-to-date: /home/laura_benitez/urdf_ws/install/cuadriga/share/cuadriga/cmake/cuadrigaConfig.cmake
[1.390s] -- Up-to-date: /home/laura_benitez/urdf_ws/install/cuadriga/share/cuadriga/cmake/cuadrigaConfig-version.cmake
[1.391s] -- Up-to-date: /home/laura_benitez/urdf_ws/install/cuadriga/share/cuadriga/package.xml
[1.397s] Invoked command in '/home/laura_benitez/urdf_ws/build/cuadriga' returned '0': AMENT_PREFIX_PATH=/home/laura_benitez/urdf_ws/install/cuadriga_interfaces:${AMENT_PREFIX_PATH} CMAKE_PREFIX_PATH=/home/laura_benitez/urdf_ws/install/cuadriga_interfaces:/home/laura_benitez/test_ws/install/mi_robot_description:/home/laura_benitez/rosgame_ws/install/warrior_15:/home/laura_benitez/rosgame_ws/install/rosgame_msgs:/home/laura_benitez/rosgame_ws/install/rosgame_bridge:/home/laura_benitez/cypr_ws/install/navigation:/home/laura_benitez/cypr_ws/install/motion:/home/laura_benitez/cypr_ws/install/localization:/home/laura_benitez/cypr_ws/install/keyboard_control:/home/laura_benitez/cypr_ws/install/arm_controller:/opt/ros/humble LD_LIBRARY_PATH=/home/laura_benitez/urdf_ws/install/cuadriga_interfaces/lib:${LD_LIBRARY_PATH} PYTHONPATH=/home/laura_benitez/urdf_ws/install/cuadriga_interfaces/local/lib/python3.10/dist-packages:${PYTHONPATH} /usr/bin/cmake --install /home/laura_benitez/urdf_ws/build/cuadriga
