[6.711s] Invoking command in '/home/laura_benitez/urdf_ws/src/ROS-TCP-Endpoint-main-ros2': PYTHONPATH=/home/laura_benitez/urdf_ws/build/ros_tcp_endpoint/prefix_override:/usr/lib/python3/dist-packages/colcon_core/task/python/colcon_distutils_commands:/home/laura_benitez/urdf_ws/install/ros_tcp_endpoint/lib/python3.10/site-packages:${PYTHONPATH} /usr/bin/python3 -W ignore:setup.py install is deprecated -W ignore:easy_install command is deprecated setup.py egg_info --egg-base ../../build/ros_tcp_endpoint build --build-base /home/laura_benitez/urdf_ws/build/ros_tcp_endpoint/build install --record /home/laura_benitez/urdf_ws/build/ros_tcp_endpoint/install.log --install-scripts $base/lib/ros_tcp_endpoint --single-version-externally-managed install_data
[7.147s] /usr/lib/python3/dist-packages/setuptools/dist.py:723: UserWarning: Usage of dash-separated 'script-dir' will not be supported in future versions. Please use the underscore name 'script_dir' instead
[7.147s]   warnings.warn(
[7.158s] running egg_info
[7.159s] writing ../../build/ros_tcp_endpoint/ros_tcp_endpoint.egg-info/PKG-INFO
[7.160s] writing dependency_links to ../../build/ros_tcp_endpoint/ros_tcp_endpoint.egg-info/dependency_links.txt
[7.162s] writing entry points to ../../build/ros_tcp_endpoint/ros_tcp_endpoint.egg-info/entry_points.txt
[7.162s] writing requirements to ../../build/ros_tcp_endpoint/ros_tcp_endpoint.egg-info/requires.txt
[7.162s] writing top-level names to ../../build/ros_tcp_endpoint/ros_tcp_endpoint.egg-info/top_level.txt
[7.169s] reading manifest file '../../build/ros_tcp_endpoint/ros_tcp_endpoint.egg-info/SOURCES.txt'
[7.178s] adding license file 'LICENSE'
[7.178s] adding license file 'LICENSE:Zone.Identifier'
[7.179s] writing manifest file '../../build/ros_tcp_endpoint/ros_tcp_endpoint.egg-info/SOURCES.txt'
[7.180s] running build
[7.180s] running build_py
[7.183s] running install
[7.183s] running install_lib
[7.190s] running install_data
[7.191s] running install_egg_info
[7.195s] removing '/home/laura_benitez/urdf_ws/install/ros_tcp_endpoint/lib/python3.10/site-packages/ros_tcp_endpoint-0.0.1-py3.10.egg-info' (and everything under it)
[7.198s] Copying ../../build/ros_tcp_endpoint/ros_tcp_endpoint.egg-info to /home/laura_benitez/urdf_ws/install/ros_tcp_endpoint/lib/python3.10/site-packages/ros_tcp_endpoint-0.0.1-py3.10.egg-info
[7.206s] running install_scripts
[7.237s] Installing default_server_endpoint script to /home/laura_benitez/urdf_ws/install/ros_tcp_endpoint/lib/ros_tcp_endpoint
[7.238s] writing list of installed files to '/home/laura_benitez/urdf_ws/build/ros_tcp_endpoint/install.log'
[7.304s] Invoked command in '/home/laura_benitez/urdf_ws/src/ROS-TCP-Endpoint-main-ros2' returned '0': PYTHONPATH=/home/laura_benitez/urdf_ws/build/ros_tcp_endpoint/prefix_override:/usr/lib/python3/dist-packages/colcon_core/task/python/colcon_distutils_commands:/home/laura_benitez/urdf_ws/install/ros_tcp_endpoint/lib/python3.10/site-packages:${PYTHONPATH} /usr/bin/python3 -W ignore:setup.py install is deprecated -W ignore:easy_install command is deprecated setup.py egg_info --egg-base ../../build/ros_tcp_endpoint build --build-base /home/laura_benitez/urdf_ws/build/ros_tcp_endpoint/build install --record /home/laura_benitez/urdf_ws/build/ros_tcp_endpoint/install.log --install-scripts $base/lib/ros_tcp_endpoint --single-version-externally-managed install_data
