[0.087s] Invoking command in '/home/laura_benitez/urdf_ws/build/cuadriga_interfaces': CMAKE_PREFIX_PATH=${CMAKE_PREFIX_PATH}:/home/laura_benitez/urdf_ws/install/teleop_twist_keyboard:/home/laura_benitez/urdf_ws/install/ros_tcp_endpoint:/opt/ros/humble /usr/bin/cmake --build /home/laura_benitez/urdf_ws/build/cuadriga_interfaces -- -j16 -l16
[0.687s] [  3%] Built target cuadriga_interfaces__cpp
[0.688s] [ 12%] Built target cuadriga_interfaces__rosidl_generator_c
[0.688s] [ 12%] Built target ament_cmake_python_copy_cuadriga_interfaces
[0.689s] [ 22%] Built target cuadriga_interfaces__rosidl_typesupport_cpp
[0.690s] [ 32%] Built target cuadriga_interfaces__rosidl_typesupport_fastrtps_cpp
[0.692s] [ 41%] Built target cuadriga_interfaces__rosidl_typesupport_introspection_cpp
[0.692s] [ 51%] Built target cuadriga_interfaces__rosidl_typesupport_fastrtps_c
[0.693s] [ 61%] Built target cuadriga_interfaces__rosidl_typesupport_c
[0.693s] [ 70%] Built target cuadriga_interfaces__rosidl_typesupport_introspection_c
[0.693s] [ 70%] Built target cuadriga_interfaces
[0.720s] [ 74%] Built target cuadriga_interfaces__py
[0.844s] [ 80%] Built target cuadriga_interfaces__rosidl_generator_py
[0.946s] [ 87%] Built target cuadriga_interfaces__rosidl_typesupport_fastrtps_c__pyext
[0.958s] [100%] Built target cuadriga_interfaces__rosidl_typesupport_introspection_c__pyext
[0.958s] [100%] Built target cuadriga_interfaces__rosidl_typesupport_c__pyext
[1.014s] running egg_info
[1.015s] writing cuadriga_interfaces.egg-info/PKG-INFO
[1.016s] writing dependency_links to cuadriga_interfaces.egg-info/dependency_links.txt
[1.017s] writing top-level names to cuadriga_interfaces.egg-info/top_level.txt
[1.022s] reading manifest file 'cuadriga_interfaces.egg-info/SOURCES.txt'
[1.022s] writing manifest file 'cuadriga_interfaces.egg-info/SOURCES.txt'
[1.079s] [100%] Built target ament_cmake_python_build_cuadriga_interfaces_egg
[1.241s] Invoked command in '/home/laura_benitez/urdf_ws/build/cuadriga_interfaces' returned '0': CMAKE_PREFIX_PATH=${CMAKE_PREFIX_PATH}:/home/laura_benitez/urdf_ws/install/teleop_twist_keyboard:/home/laura_benitez/urdf_ws/install/ros_tcp_endpoint:/opt/ros/humble /usr/bin/cmake --build /home/laura_benitez/urdf_ws/build/cuadriga_interfaces -- -j16 -l16
[1.244s] Invoking command in '/home/laura_benitez/urdf_ws/build/cuadriga_interfaces': CMAKE_PREFIX_PATH=${CMAKE_PREFIX_PATH}:/home/laura_benitez/urdf_ws/install/teleop_twist_keyboard:/home/laura_benitez/urdf_ws/install/ros_tcp_endpoint:/opt/ros/humble /usr/bin/cmake --install /home/laura_benitez/urdf_ws/build/cuadriga_interfaces
[1.272s] -- Install configuration: ""
[1.272s] -- Up-to-date: /home/laura_benitez/urdf_ws/install/cuadriga_interfaces/share/ament_index/resource_index/rosidl_interfaces/cuadriga_interfaces
[1.273s] -- Up-to-date: /home/laura_benitez/urdf_ws/install/cuadriga_interfaces/include/cuadriga_interfaces/cuadriga_interfaces
[1.273s] -- Up-to-date: /home/laura_benitez/urdf_ws/install/cuadriga_interfaces/include/cuadriga_interfaces/cuadriga_interfaces/msg
[1.273s] -- Up-to-date: /home/laura_benitez/urdf_ws/install/cuadriga_interfaces/include/cuadriga_interfaces/cuadriga_interfaces/msg/detail
[1.274s] -- Up-to-date: /home/laura_benitez/urdf_ws/install/cuadriga_interfaces/include/cuadriga_interfaces/cuadriga_interfaces/msg/detail/gpx_path__functions.c
[1.274s] -- Up-to-date: /home/laura_benitez/urdf_ws/install/cuadriga_interfaces/include/cuadriga_interfaces/cuadriga_interfaces/msg/detail/gpx_path__functions.h
[1.274s] -- Up-to-date: /home/laura_benitez/urdf_ws/install/cuadriga_interfaces/include/cuadriga_interfaces/cuadriga_interfaces/msg/detail/gpx_path__struct.h
[1.274s] -- Up-to-date: /home/laura_benitez/urdf_ws/install/cuadriga_interfaces/include/cuadriga_interfaces/cuadriga_interfaces/msg/detail/gpx_path__type_support.h
[1.274s] -- Up-to-date: /home/laura_benitez/urdf_ws/install/cuadriga_interfaces/include/cuadriga_interfaces/cuadriga_interfaces/msg/detail/gpx_point__functions.c
[1.275s] -- Up-to-date: /home/laura_benitez/urdf_ws/install/cuadriga_interfaces/include/cuadriga_interfaces/cuadriga_interfaces/msg/detail/gpx_point__functions.h
[1.275s] -- Up-to-date: /home/laura_benitez/urdf_ws/install/cuadriga_interfaces/include/cuadriga_interfaces/cuadriga_interfaces/msg/detail/gpx_point__struct.h
[1.275s] -- Up-to-date: /home/laura_benitez/urdf_ws/install/cuadriga_interfaces/include/cuadriga_interfaces/cuadriga_interfaces/msg/detail/gpx_point__type_support.h
[1.276s] -- Up-to-date: /home/laura_benitez/urdf_ws/install/cuadriga_interfaces/include/cuadriga_interfaces/cuadriga_interfaces/msg/gpx_path.h
[1.276s] -- Up-to-date: /home/laura_benitez/urdf_ws/install/cuadriga_interfaces/include/cuadriga_interfaces/cuadriga_interfaces/msg/gpx_point.h
[1.276s] -- Up-to-date: /home/laura_benitez/urdf_ws/install/cuadriga_interfaces/include/cuadriga_interfaces/cuadriga_interfaces/msg/rosidl_generator_c__visibility_control.h
[1.277s] -- Up-to-date: /home/laura_benitez/urdf_ws/install/cuadriga_interfaces/share/cuadriga_interfaces/environment/library_path.sh
[1.277s] -- Up-to-date: /home/laura_benitez/urdf_ws/install/cuadriga_interfaces/share/cuadriga_interfaces/environment/library_path.dsv
[1.278s] -- Up-to-date: /home/laura_benitez/urdf_ws/install/cuadriga_interfaces/lib/libcuadriga_interfaces__rosidl_generator_c.so
[1.279s] -- Up-to-date: /home/laura_benitez/urdf_ws/install/cuadriga_interfaces/include/cuadriga_interfaces/cuadriga_interfaces
[1.279s] -- Up-to-date: /home/laura_benitez/urdf_ws/install/cuadriga_interfaces/include/cuadriga_interfaces/cuadriga_interfaces/msg
[1.279s] -- Up-to-date: /home/laura_benitez/urdf_ws/install/cuadriga_interfaces/include/cuadriga_interfaces/cuadriga_interfaces/msg/detail
[1.279s] -- Up-to-date: /home/laura_benitez/urdf_ws/install/cuadriga_interfaces/include/cuadriga_interfaces/cuadriga_interfaces/msg/detail/gpx_path__rosidl_typesupport_fastrtps_c.h
[1.279s] -- Up-to-date: /home/laura_benitez/urdf_ws/install/cuadriga_interfaces/include/cuadriga_interfaces/cuadriga_interfaces/msg/detail/gpx_point__rosidl_typesupport_fastrtps_c.h
[1.280s] -- Up-to-date: /home/laura_benitez/urdf_ws/install/cuadriga_interfaces/include/cuadriga_interfaces/cuadriga_interfaces/msg/rosidl_typesupport_fastrtps_c__visibility_control.h
[1.281s] -- Up-to-date: /home/laura_benitez/urdf_ws/install/cuadriga_interfaces/lib/libcuadriga_interfaces__rosidl_typesupport_fastrtps_c.so
[1.283s] -- Up-to-date: /home/laura_benitez/urdf_ws/install/cuadriga_interfaces/include/cuadriga_interfaces/cuadriga_interfaces
[1.283s] -- Up-to-date: /home/laura_benitez/urdf_ws/install/cuadriga_interfaces/include/cuadriga_interfaces/cuadriga_interfaces/msg
[1.283s] -- Up-to-date: /home/laura_benitez/urdf_ws/install/cuadriga_interfaces/include/cuadriga_interfaces/cuadriga_interfaces/msg/detail
[1.283s] -- Up-to-date: /home/laura_benitez/urdf_ws/install/cuadriga_interfaces/include/cuadriga_interfaces/cuadriga_interfaces/msg/detail/gpx_path__rosidl_typesupport_introspection_c.h
[1.284s] -- Up-to-date: /home/laura_benitez/urdf_ws/install/cuadriga_interfaces/include/cuadriga_interfaces/cuadriga_interfaces/msg/detail/gpx_path__type_support.c
[1.284s] -- Up-to-date: /home/laura_benitez/urdf_ws/install/cuadriga_interfaces/include/cuadriga_interfaces/cuadriga_interfaces/msg/detail/gpx_point__rosidl_typesupport_introspection_c.h
[1.284s] -- Up-to-date: /home/laura_benitez/urdf_ws/install/cuadriga_interfaces/include/cuadriga_interfaces/cuadriga_interfaces/msg/detail/gpx_point__type_support.c
[1.284s] -- Up-to-date: /home/laura_benitez/urdf_ws/install/cuadriga_interfaces/include/cuadriga_interfaces/cuadriga_interfaces/msg/rosidl_typesupport_introspection_c__visibility_control.h
[1.284s] -- Up-to-date: /home/laura_benitez/urdf_ws/install/cuadriga_interfaces/lib/libcuadriga_interfaces__rosidl_typesupport_introspection_c.so
[1.285s] -- Up-to-date: /home/laura_benitez/urdf_ws/install/cuadriga_interfaces/lib/libcuadriga_interfaces__rosidl_typesupport_c.so
[1.286s] -- Up-to-date: /home/laura_benitez/urdf_ws/install/cuadriga_interfaces/include/cuadriga_interfaces/cuadriga_interfaces
[1.286s] -- Up-to-date: /home/laura_benitez/urdf_ws/install/cuadriga_interfaces/include/cuadriga_interfaces/cuadriga_interfaces/msg
[1.287s] -- Up-to-date: /home/laura_benitez/urdf_ws/install/cuadriga_interfaces/include/cuadriga_interfaces/cuadriga_interfaces/msg/detail
[1.287s] -- Up-to-date: /home/laura_benitez/urdf_ws/install/cuadriga_interfaces/include/cuadriga_interfaces/cuadriga_interfaces/msg/detail/gpx_path__builder.hpp
[1.287s] -- Up-to-date: /home/laura_benitez/urdf_ws/install/cuadriga_interfaces/include/cuadriga_interfaces/cuadriga_interfaces/msg/detail/gpx_path__struct.hpp
[1.287s] -- Up-to-date: /home/laura_benitez/urdf_ws/install/cuadriga_interfaces/include/cuadriga_interfaces/cuadriga_interfaces/msg/detail/gpx_path__traits.hpp
[1.288s] -- Up-to-date: /home/laura_benitez/urdf_ws/install/cuadriga_interfaces/include/cuadriga_interfaces/cuadriga_interfaces/msg/detail/gpx_path__type_support.hpp
[1.288s] -- Up-to-date: /home/laura_benitez/urdf_ws/install/cuadriga_interfaces/include/cuadriga_interfaces/cuadriga_interfaces/msg/detail/gpx_point__builder.hpp
[1.288s] -- Up-to-date: /home/laura_benitez/urdf_ws/install/cuadriga_interfaces/include/cuadriga_interfaces/cuadriga_interfaces/msg/detail/gpx_point__struct.hpp
[1.288s] -- Up-to-date: /home/laura_benitez/urdf_ws/install/cuadriga_interfaces/include/cuadriga_interfaces/cuadriga_interfaces/msg/detail/gpx_point__traits.hpp
[1.289s] -- Up-to-date: /home/laura_benitez/urdf_ws/install/cuadriga_interfaces/include/cuadriga_interfaces/cuadriga_interfaces/msg/detail/gpx_point__type_support.hpp
[1.289s] -- Up-to-date: /home/laura_benitez/urdf_ws/install/cuadriga_interfaces/include/cuadriga_interfaces/cuadriga_interfaces/msg/gpx_path.hpp
[1.289s] -- Up-to-date: /home/laura_benitez/urdf_ws/install/cuadriga_interfaces/include/cuadriga_interfaces/cuadriga_interfaces/msg/gpx_point.hpp
[1.289s] -- Up-to-date: /home/laura_benitez/urdf_ws/install/cuadriga_interfaces/include/cuadriga_interfaces/cuadriga_interfaces/msg/rosidl_generator_cpp__visibility_control.hpp
[1.289s] -- Up-to-date: /home/laura_benitez/urdf_ws/install/cuadriga_interfaces/include/cuadriga_interfaces/cuadriga_interfaces
[1.290s] -- Up-to-date: /home/laura_benitez/urdf_ws/install/cuadriga_interfaces/include/cuadriga_interfaces/cuadriga_interfaces/msg
[1.290s] -- Up-to-date: /home/laura_benitez/urdf_ws/install/cuadriga_interfaces/include/cuadriga_interfaces/cuadriga_interfaces/msg/detail
[1.290s] -- Up-to-date: /home/laura_benitez/urdf_ws/install/cuadriga_interfaces/include/cuadriga_interfaces/cuadriga_interfaces/msg/detail/dds_fastrtps
[1.290s] -- Up-to-date: /home/laura_benitez/urdf_ws/install/cuadriga_interfaces/include/cuadriga_interfaces/cuadriga_interfaces/msg/detail/gpx_path__rosidl_typesupport_fastrtps_cpp.hpp
[1.290s] -- Up-to-date: /home/laura_benitez/urdf_ws/install/cuadriga_interfaces/include/cuadriga_interfaces/cuadriga_interfaces/msg/detail/gpx_point__rosidl_typesupport_fastrtps_cpp.hpp
[1.291s] -- Up-to-date: /home/laura_benitez/urdf_ws/install/cuadriga_interfaces/include/cuadriga_interfaces/cuadriga_interfaces/msg/rosidl_typesupport_fastrtps_cpp__visibility_control.h
[1.291s] -- Up-to-date: /home/laura_benitez/urdf_ws/install/cuadriga_interfaces/lib/libcuadriga_interfaces__rosidl_typesupport_fastrtps_cpp.so
[1.292s] -- Up-to-date: /home/laura_benitez/urdf_ws/install/cuadriga_interfaces/include/cuadriga_interfaces/cuadriga_interfaces
[1.292s] -- Up-to-date: /home/laura_benitez/urdf_ws/install/cuadriga_interfaces/include/cuadriga_interfaces/cuadriga_interfaces/msg
[1.292s] -- Up-to-date: /home/laura_benitez/urdf_ws/install/cuadriga_interfaces/include/cuadriga_interfaces/cuadriga_interfaces/msg/detail
[1.293s] -- Up-to-date: /home/laura_benitez/urdf_ws/install/cuadriga_interfaces/include/cuadriga_interfaces/cuadriga_interfaces/msg/detail/gpx_path__rosidl_typesupport_introspection_cpp.hpp
[1.293s] -- Up-to-date: /home/laura_benitez/urdf_ws/install/cuadriga_interfaces/include/cuadriga_interfaces/cuadriga_interfaces/msg/detail/gpx_path__type_support.cpp
[1.294s] -- Up-to-date: /home/laura_benitez/urdf_ws/install/cuadriga_interfaces/include/cuadriga_interfaces/cuadriga_interfaces/msg/detail/gpx_point__rosidl_typesupport_introspection_cpp.hpp
[1.295s] -- Up-to-date: /home/laura_benitez/urdf_ws/install/cuadriga_interfaces/include/cuadriga_interfaces/cuadriga_interfaces/msg/detail/gpx_point__type_support.cpp
[1.295s] -- Up-to-date: /home/laura_benitez/urdf_ws/install/cuadriga_interfaces/lib/libcuadriga_interfaces__rosidl_typesupport_introspection_cpp.so
[1.296s] -- Up-to-date: /home/laura_benitez/urdf_ws/install/cuadriga_interfaces/lib/libcuadriga_interfaces__rosidl_typesupport_cpp.so
[1.297s] -- Up-to-date: /home/laura_benitez/urdf_ws/install/cuadriga_interfaces/share/cuadriga_interfaces/environment/pythonpath.sh
[1.297s] -- Up-to-date: /home/laura_benitez/urdf_ws/install/cuadriga_interfaces/share/cuadriga_interfaces/environment/pythonpath.dsv
[1.297s] -- Up-to-date: /home/laura_benitez/urdf_ws/install/cuadriga_interfaces/local/lib/python3.10/dist-packages/cuadriga_interfaces-0.0.0-py3.10.egg-info
[1.297s] -- Installing: /home/laura_benitez/urdf_ws/install/cuadriga_interfaces/local/lib/python3.10/dist-packages/cuadriga_interfaces-0.0.0-py3.10.egg-info/dependency_links.txt
[1.299s] -- Installing: /home/laura_benitez/urdf_ws/install/cuadriga_interfaces/local/lib/python3.10/dist-packages/cuadriga_interfaces-0.0.0-py3.10.egg-info/PKG-INFO
[1.301s] -- Installing: /home/laura_benitez/urdf_ws/install/cuadriga_interfaces/local/lib/python3.10/dist-packages/cuadriga_interfaces-0.0.0-py3.10.egg-info/SOURCES.txt
[1.303s] -- Installing: /home/laura_benitez/urdf_ws/install/cuadriga_interfaces/local/lib/python3.10/dist-packages/cuadriga_interfaces-0.0.0-py3.10.egg-info/top_level.txt
[1.305s] -- Up-to-date: /home/laura_benitez/urdf_ws/install/cuadriga_interfaces/local/lib/python3.10/dist-packages/cuadriga_interfaces
[1.305s] -- Up-to-date: /home/laura_benitez/urdf_ws/install/cuadriga_interfaces/local/lib/python3.10/dist-packages/cuadriga_interfaces/cuadriga_interfaces_s__rosidl_typesupport_c.cpython-310-x86_64-linux-gnu.so
[1.306s] -- Up-to-date: /home/laura_benitez/urdf_ws/install/cuadriga_interfaces/local/lib/python3.10/dist-packages/cuadriga_interfaces/cuadriga_interfaces_s__rosidl_typesupport_fastrtps_c.cpython-310-x86_64-linux-gnu.so
[1.306s] -- Up-to-date: /home/laura_benitez/urdf_ws/install/cuadriga_interfaces/local/lib/python3.10/dist-packages/cuadriga_interfaces/cuadriga_interfaces_s__rosidl_typesupport_introspection_c.cpython-310-x86_64-linux-gnu.so
[1.306s] -- Up-to-date: /home/laura_benitez/urdf_ws/install/cuadriga_interfaces/local/lib/python3.10/dist-packages/cuadriga_interfaces/libcuadriga_interfaces__rosidl_generator_py.so
[1.307s] -- Up-to-date: /home/laura_benitez/urdf_ws/install/cuadriga_interfaces/local/lib/python3.10/dist-packages/cuadriga_interfaces/msg
[1.307s] -- Up-to-date: /home/laura_benitez/urdf_ws/install/cuadriga_interfaces/local/lib/python3.10/dist-packages/cuadriga_interfaces/msg/_gpx_path.py
[1.307s] -- Up-to-date: /home/laura_benitez/urdf_ws/install/cuadriga_interfaces/local/lib/python3.10/dist-packages/cuadriga_interfaces/msg/_gpx_path_s.c
[1.308s] -- Up-to-date: /home/laura_benitez/urdf_ws/install/cuadriga_interfaces/local/lib/python3.10/dist-packages/cuadriga_interfaces/msg/_gpx_point.py
[1.308s] -- Up-to-date: /home/laura_benitez/urdf_ws/install/cuadriga_interfaces/local/lib/python3.10/dist-packages/cuadriga_interfaces/msg/_gpx_point_s.c
[1.309s] -- Up-to-date: /home/laura_benitez/urdf_ws/install/cuadriga_interfaces/local/lib/python3.10/dist-packages/cuadriga_interfaces/msg/__init__.py
[1.310s] -- Up-to-date: /home/laura_benitez/urdf_ws/install/cuadriga_interfaces/local/lib/python3.10/dist-packages/cuadriga_interfaces/_cuadriga_interfaces_s.ep.rosidl_typesupport_c.c
[1.310s] -- Up-to-date: /home/laura_benitez/urdf_ws/install/cuadriga_interfaces/local/lib/python3.10/dist-packages/cuadriga_interfaces/_cuadriga_interfaces_s.ep.rosidl_typesupport_fastrtps_c.c
[1.310s] -- Up-to-date: /home/laura_benitez/urdf_ws/install/cuadriga_interfaces/local/lib/python3.10/dist-packages/cuadriga_interfaces/_cuadriga_interfaces_s.ep.rosidl_typesupport_introspection_c.c
[1.311s] -- Up-to-date: /home/laura_benitez/urdf_ws/install/cuadriga_interfaces/local/lib/python3.10/dist-packages/cuadriga_interfaces/__init__.py
[1.385s] Listing '/home/laura_benitez/urdf_ws/install/cuadriga_interfaces/local/lib/python3.10/dist-packages/cuadriga_interfaces'...
[1.385s] Listing '/home/laura_benitez/urdf_ws/install/cuadriga_interfaces/local/lib/python3.10/dist-packages/cuadriga_interfaces/msg'...
[1.390s] -- Up-to-date: /home/laura_benitez/urdf_ws/install/cuadriga_interfaces/local/lib/python3.10/dist-packages/cuadriga_interfaces/cuadriga_interfaces_s__rosidl_typesupport_fastrtps_c.cpython-310-x86_64-linux-gnu.so
[1.391s] -- Up-to-date: /home/laura_benitez/urdf_ws/install/cuadriga_interfaces/local/lib/python3.10/dist-packages/cuadriga_interfaces/cuadriga_interfaces_s__rosidl_typesupport_introspection_c.cpython-310-x86_64-linux-gnu.so
[1.392s] -- Up-to-date: /home/laura_benitez/urdf_ws/install/cuadriga_interfaces/local/lib/python3.10/dist-packages/cuadriga_interfaces/cuadriga_interfaces_s__rosidl_typesupport_c.cpython-310-x86_64-linux-gnu.so
[1.393s] -- Up-to-date: /home/laura_benitez/urdf_ws/install/cuadriga_interfaces/lib/libcuadriga_interfaces__rosidl_generator_py.so
[1.394s] -- Up-to-date: /home/laura_benitez/urdf_ws/install/cuadriga_interfaces/share/cuadriga_interfaces/msg/GPXPath.idl
[1.394s] -- Up-to-date: /home/laura_benitez/urdf_ws/install/cuadriga_interfaces/share/cuadriga_interfaces/msg/GPXPath.msg
[1.394s] -- Up-to-date: /home/laura_benitez/urdf_ws/install/cuadriga_interfaces/share/ament_index/resource_index/package_run_dependencies/cuadriga_interfaces
[1.395s] -- Up-to-date: /home/laura_benitez/urdf_ws/install/cuadriga_interfaces/share/ament_index/resource_index/parent_prefix_path/cuadriga_interfaces
[1.395s] -- Up-to-date: /home/laura_benitez/urdf_ws/install/cuadriga_interfaces/share/cuadriga_interfaces/environment/ament_prefix_path.sh
[1.395s] -- Up-to-date: /home/laura_benitez/urdf_ws/install/cuadriga_interfaces/share/cuadriga_interfaces/environment/ament_prefix_path.dsv
[1.395s] -- Up-to-date: /home/laura_benitez/urdf_ws/install/cuadriga_interfaces/share/cuadriga_interfaces/environment/path.sh
[1.396s] -- Up-to-date: /home/laura_benitez/urdf_ws/install/cuadriga_interfaces/share/cuadriga_interfaces/environment/path.dsv
[1.396s] -- Up-to-date: /home/laura_benitez/urdf_ws/install/cuadriga_interfaces/share/cuadriga_interfaces/local_setup.bash
[1.396s] -- Up-to-date: /home/laura_benitez/urdf_ws/install/cuadriga_interfaces/share/cuadriga_interfaces/local_setup.sh
[1.396s] -- Up-to-date: /home/laura_benitez/urdf_ws/install/cuadriga_interfaces/share/cuadriga_interfaces/local_setup.zsh
[1.396s] -- Up-to-date: /home/laura_benitez/urdf_ws/install/cuadriga_interfaces/share/cuadriga_interfaces/local_setup.dsv
[1.397s] -- Installing: /home/laura_benitez/urdf_ws/install/cuadriga_interfaces/share/cuadriga_interfaces/package.dsv
[1.398s] -- Up-to-date: /home/laura_benitez/urdf_ws/install/cuadriga_interfaces/share/ament_index/resource_index/packages/cuadriga_interfaces
[1.399s] -- Up-to-date: /home/laura_benitez/urdf_ws/install/cuadriga_interfaces/share/cuadriga_interfaces/cmake/export_cuadriga_interfaces__rosidl_generator_cExport.cmake
[1.400s] -- Up-to-date: /home/laura_benitez/urdf_ws/install/cuadriga_interfaces/share/cuadriga_interfaces/cmake/export_cuadriga_interfaces__rosidl_generator_cExport-noconfig.cmake
[1.400s] -- Up-to-date: /home/laura_benitez/urdf_ws/install/cuadriga_interfaces/share/cuadriga_interfaces/cmake/export_cuadriga_interfaces__rosidl_typesupport_fastrtps_cExport.cmake
[1.401s] -- Up-to-date: /home/laura_benitez/urdf_ws/install/cuadriga_interfaces/share/cuadriga_interfaces/cmake/export_cuadriga_interfaces__rosidl_typesupport_fastrtps_cExport-noconfig.cmake
[1.401s] -- Up-to-date: /home/laura_benitez/urdf_ws/install/cuadriga_interfaces/share/cuadriga_interfaces/cmake/cuadriga_interfaces__rosidl_typesupport_introspection_cExport.cmake
[1.401s] -- Up-to-date: /home/laura_benitez/urdf_ws/install/cuadriga_interfaces/share/cuadriga_interfaces/cmake/cuadriga_interfaces__rosidl_typesupport_introspection_cExport-noconfig.cmake
[1.402s] -- Up-to-date: /home/laura_benitez/urdf_ws/install/cuadriga_interfaces/share/cuadriga_interfaces/cmake/cuadriga_interfaces__rosidl_typesupport_cExport.cmake
[1.402s] -- Up-to-date: /home/laura_benitez/urdf_ws/install/cuadriga_interfaces/share/cuadriga_interfaces/cmake/cuadriga_interfaces__rosidl_typesupport_cExport-noconfig.cmake
[1.403s] -- Up-to-date: /home/laura_benitez/urdf_ws/install/cuadriga_interfaces/share/cuadriga_interfaces/cmake/export_cuadriga_interfaces__rosidl_generator_cppExport.cmake
[1.403s] -- Up-to-date: /home/laura_benitez/urdf_ws/install/cuadriga_interfaces/share/cuadriga_interfaces/cmake/export_cuadriga_interfaces__rosidl_typesupport_fastrtps_cppExport.cmake
[1.403s] -- Up-to-date: /home/laura_benitez/urdf_ws/install/cuadriga_interfaces/share/cuadriga_interfaces/cmake/export_cuadriga_interfaces__rosidl_typesupport_fastrtps_cppExport-noconfig.cmake
[1.404s] -- Up-to-date: /home/laura_benitez/urdf_ws/install/cuadriga_interfaces/share/cuadriga_interfaces/cmake/cuadriga_interfaces__rosidl_typesupport_introspection_cppExport.cmake
[1.404s] -- Up-to-date: /home/laura_benitez/urdf_ws/install/cuadriga_interfaces/share/cuadriga_interfaces/cmake/cuadriga_interfaces__rosidl_typesupport_introspection_cppExport-noconfig.cmake
[1.405s] -- Up-to-date: /home/laura_benitez/urdf_ws/install/cuadriga_interfaces/share/cuadriga_interfaces/cmake/cuadriga_interfaces__rosidl_typesupport_cppExport.cmake
[1.405s] -- Up-to-date: /home/laura_benitez/urdf_ws/install/cuadriga_interfaces/share/cuadriga_interfaces/cmake/cuadriga_interfaces__rosidl_typesupport_cppExport-noconfig.cmake
[1.406s] -- Up-to-date: /home/laura_benitez/urdf_ws/install/cuadriga_interfaces/share/cuadriga_interfaces/cmake/export_cuadriga_interfaces__rosidl_generator_pyExport.cmake
[1.406s] -- Up-to-date: /home/laura_benitez/urdf_ws/install/cuadriga_interfaces/share/cuadriga_interfaces/cmake/export_cuadriga_interfaces__rosidl_generator_pyExport-noconfig.cmake
[1.406s] -- Up-to-date: /home/laura_benitez/urdf_ws/install/cuadriga_interfaces/share/cuadriga_interfaces/cmake/rosidl_cmake-extras.cmake
[1.407s] -- Up-to-date: /home/laura_benitez/urdf_ws/install/cuadriga_interfaces/share/cuadriga_interfaces/cmake/ament_cmake_export_dependencies-extras.cmake
[1.407s] -- Up-to-date: /home/laura_benitez/urdf_ws/install/cuadriga_interfaces/share/cuadriga_interfaces/cmake/ament_cmake_export_include_directories-extras.cmake
[1.407s] -- Up-to-date: /home/laura_benitez/urdf_ws/install/cuadriga_interfaces/share/cuadriga_interfaces/cmake/ament_cmake_export_libraries-extras.cmake
[1.407s] -- Up-to-date: /home/laura_benitez/urdf_ws/install/cuadriga_interfaces/share/cuadriga_interfaces/cmake/ament_cmake_export_targets-extras.cmake
[1.407s] -- Up-to-date: /home/laura_benitez/urdf_ws/install/cuadriga_interfaces/share/cuadriga_interfaces/cmake/rosidl_cmake_export_typesupport_targets-extras.cmake
[1.408s] -- Up-to-date: /home/laura_benitez/urdf_ws/install/cuadriga_interfaces/share/cuadriga_interfaces/cmake/rosidl_cmake_export_typesupport_libraries-extras.cmake
[1.408s] -- Up-to-date: /home/laura_benitez/urdf_ws/install/cuadriga_interfaces/share/cuadriga_interfaces/cmake/cuadriga_interfacesConfig.cmake
[1.408s] -- Up-to-date: /home/laura_benitez/urdf_ws/install/cuadriga_interfaces/share/cuadriga_interfaces/cmake/cuadriga_interfacesConfig-version.cmake
[1.408s] -- Up-to-date: /home/laura_benitez/urdf_ws/install/cuadriga_interfaces/share/cuadriga_interfaces/package.xml
[1.413s] Invoked command in '/home/laura_benitez/urdf_ws/build/cuadriga_interfaces' returned '0': CMAKE_PREFIX_PATH=${CMAKE_PREFIX_PATH}:/home/laura_benitez/urdf_ws/install/teleop_twist_keyboard:/home/laura_benitez/urdf_ws/install/ros_tcp_endpoint:/opt/ros/humble /usr/bin/cmake --install /home/laura_benitez/urdf_ws/build/cuadriga_interfaces
