[0.175s] Invoking command in '/home/laura_benitez/urdf_ws/build/cuadriganuevo': CMAKE_PREFIX_PATH=${CMAKE_PREFIX_PATH}:/opt/ros/humble /usr/bin/cmake --build /home/laura_benitez/urdf_ws/build/cuadriganuevo -- -j16 -l16
[2.269s] Invoked command in '/home/laura_benitez/urdf_ws/build/cuadriganuevo' returned '0': CMAKE_PREFIX_PATH=${CMAKE_PREFIX_PATH}:/opt/ros/humble /usr/bin/cmake --build /home/laura_benitez/urdf_ws/build/cuadriganuevo -- -j16 -l16
[2.352s] Invoking command in '/home/laura_benitez/urdf_ws/build/cuadriganuevo': CMAKE_PREFIX_PATH=${CMAKE_PREFIX_PATH}:/opt/ros/humble /usr/bin/cmake --install /home/laura_benitez/urdf_ws/build/cuadriganuevo
[2.418s] -- Install configuration: ""
[2.418s] -- Up-to-date: /home/laura_benitez/urdf_ws/install/cuadriganuevo/share/cuadriganuevo//launch
[2.418s] -- Up-to-date: /home/laura_benitez/urdf_ws/install/cuadriganuevo/share/cuadriganuevo//launch/display.launch
[2.419s] -- Up-to-date: /home/laura_benitez/urdf_ws/install/cuadriganuevo/share/cuadriganuevo//launch/display.launch.py
[2.419s] -- Up-to-date: /home/laura_benitez/urdf_ws/install/cuadriganuevo/share/cuadriganuevo//meshes
[2.420s] -- Up-to-date: /home/laura_benitez/urdf_ws/install/cuadriganuevo/share/cuadriganuevo//meshes/Cadena_Derch_Link.STL
[2.423s] -- Up-to-date: /home/laura_benitez/urdf_ws/install/cuadriganuevo/share/cuadriganuevo//meshes/Cadena_Izq_Link.STL
[2.423s] -- Up-to-date: /home/laura_benitez/urdf_ws/install/cuadriganuevo/share/cuadriganuevo//meshes/Chasis_link.STL
[2.424s] -- Up-to-date: /home/laura_benitez/urdf_ws/install/cuadriganuevo/share/cuadriganuevo//meshes/Eng_RDD_Link.STL
[2.424s] -- Up-to-date: /home/laura_benitez/urdf_ws/install/cuadriganuevo/share/cuadriganuevo//meshes/Eng_RDI_Link.STL
[2.425s] -- Up-to-date: /home/laura_benitez/urdf_ws/install/cuadriganuevo/share/cuadriganuevo//meshes/Eng_RTD_Link.STL
[2.426s] -- Up-to-date: /home/laura_benitez/urdf_ws/install/cuadriganuevo/share/cuadriganuevo//meshes/Eng_RTI_Link.STL
[2.427s] -- Up-to-date: /home/laura_benitez/urdf_ws/install/cuadriganuevo/share/cuadriganuevo//meshes/E_Central_Derch_Link.STL
[2.428s] -- Up-to-date: /home/laura_benitez/urdf_ws/install/cuadriganuevo/share/cuadriganuevo//meshes/E_Central_Izq_Link.STL
[2.430s] -- Up-to-date: /home/laura_benitez/urdf_ws/install/cuadriganuevo/share/cuadriganuevo//meshes/Motor_D_Link.STL
[2.430s] -- Up-to-date: /home/laura_benitez/urdf_ws/install/cuadriganuevo/share/cuadriganuevo//meshes/Motor_I_Link.STL
[2.431s] -- Up-to-date: /home/laura_benitez/urdf_ws/install/cuadriganuevo/share/cuadriganuevo//meshes/RDD_Link.STL
[2.432s] -- Up-to-date: /home/laura_benitez/urdf_ws/install/cuadriganuevo/share/cuadriganuevo//meshes/RDI_Link.STL
[2.433s] -- Up-to-date: /home/laura_benitez/urdf_ws/install/cuadriganuevo/share/cuadriganuevo//meshes/RTD_Link.STL
[2.437s] -- Up-to-date: /home/laura_benitez/urdf_ws/install/cuadriganuevo/share/cuadriganuevo//meshes/RTI_Link.STL
[2.437s] -- Up-to-date: /home/laura_benitez/urdf_ws/install/cuadriganuevo/share/cuadriganuevo//urdf
[2.438s] -- Up-to-date: /home/laura_benitez/urdf_ws/install/cuadriganuevo/share/cuadriganuevo//urdf/cuadriganuevo.csv
[2.438s] -- Up-to-date: /home/laura_benitez/urdf_ws/install/cuadriganuevo/share/cuadriganuevo//urdf/cuadriganuevo.urdf
[2.438s] -- Up-to-date: /home/laura_benitez/urdf_ws/install/cuadriganuevo/share/cuadriganuevo//config
[2.438s] -- Up-to-date: /home/laura_benitez/urdf_ws/install/cuadriganuevo/share/cuadriganuevo//config/joint_names_CuadrigaNuevo.SLDASM.yaml
[2.439s] -- Up-to-date: /home/laura_benitez/urdf_ws/install/cuadriganuevo/share/cuadriganuevo//config/params.yaml
[2.439s] -- Up-to-date: /home/laura_benitez/urdf_ws/install/cuadriganuevo/share/ament_index/resource_index/package_run_dependencies/cuadriganuevo
[2.439s] -- Up-to-date: /home/laura_benitez/urdf_ws/install/cuadriganuevo/share/ament_index/resource_index/parent_prefix_path/cuadriganuevo
[2.440s] -- Up-to-date: /home/laura_benitez/urdf_ws/install/cuadriganuevo/share/cuadriganuevo/environment/ament_prefix_path.sh
[2.440s] -- Up-to-date: /home/laura_benitez/urdf_ws/install/cuadriganuevo/share/cuadriganuevo/environment/ament_prefix_path.dsv
[2.440s] -- Up-to-date: /home/laura_benitez/urdf_ws/install/cuadriganuevo/share/cuadriganuevo/environment/path.sh
[2.451s] -- Up-to-date: /home/laura_benitez/urdf_ws/install/cuadriganuevo/share/cuadriganuevo/environment/path.dsv
[2.451s] -- Up-to-date: /home/laura_benitez/urdf_ws/install/cuadriganuevo/share/cuadriganuevo/local_setup.bash
[2.451s] -- Up-to-date: /home/laura_benitez/urdf_ws/install/cuadriganuevo/share/cuadriganuevo/local_setup.sh
[2.451s] -- Up-to-date: /home/laura_benitez/urdf_ws/install/cuadriganuevo/share/cuadriganuevo/local_setup.zsh
[2.451s] -- Up-to-date: /home/laura_benitez/urdf_ws/install/cuadriganuevo/share/cuadriganuevo/local_setup.dsv
[2.451s] -- Installing: /home/laura_benitez/urdf_ws/install/cuadriganuevo/share/cuadriganuevo/package.dsv
[2.461s] -- Up-to-date: /home/laura_benitez/urdf_ws/install/cuadriganuevo/share/ament_index/resource_index/packages/cuadriganuevo
[2.461s] -- Up-to-date: /home/laura_benitez/urdf_ws/install/cuadriganuevo/share/cuadriganuevo/cmake/cuadriganuevoConfig.cmake
[2.462s] -- Up-to-date: /home/laura_benitez/urdf_ws/install/cuadriganuevo/share/cuadriganuevo/cmake/cuadriganuevoConfig-version.cmake
[2.462s] -- Up-to-date: /home/laura_benitez/urdf_ws/install/cuadriganuevo/share/cuadriganuevo/package.xml
[2.510s] Invoked command in '/home/laura_benitez/urdf_ws/build/cuadriganuevo' returned '0': CMAKE_PREFIX_PATH=${CMAKE_PREFIX_PATH}:/opt/ros/humble /usr/bin/cmake --install /home/laura_benitez/urdf_ws/build/cuadriganuevo
