[4.312s] Invoking command in '/home/laura_benitez/urdf_ws/src/gpx_loader': AMENT_PREFIX_PATH=/home/laura_benitez/urdf_ws/install/cuadriga_interfaces:${AMENT_PREFIX_PATH} CMAKE_PREFIX_PATH=/home/laura_benitez/urdf_ws/install/cuadriga_interfaces:${CMAKE_PREFIX_PATH} LD_LIBRARY_PATH=/home/laura_benitez/urdf_ws/install/cuadriga_interfaces/lib:${LD_LIBRARY_PATH} PYTHONPATH=/home/laura_benitez/urdf_ws/build/gpx_loader/prefix_override:/usr/lib/python3/dist-packages/colcon_core/task/python/colcon_distutils_commands:/home/laura_benitez/urdf_ws/install/gpx_loader/lib/python3.10/site-packages:/home/laura_benitez/urdf_ws/install/cuadriga_interfaces/local/lib/python3.10/dist-packages:${PYTHONPATH} /usr/bin/python3 -W ignore:setup.py install is deprecated -W ignore:easy_install command is deprecated setup.py egg_info --egg-base ../../build/gpx_loader build --build-base /home/laura_benitez/urdf_ws/build/gpx_loader/build install --record /home/laura_benitez/urdf_ws/build/gpx_loader/install.log --single-version-externally-managed install_data
[4.773s] running egg_info
[4.773s] writing ../../build/gpx_loader/gpx_loader.egg-info/PKG-INFO
[4.774s] writing dependency_links to ../../build/gpx_loader/gpx_loader.egg-info/dependency_links.txt
[4.775s] writing entry points to ../../build/gpx_loader/gpx_loader.egg-info/entry_points.txt
[4.776s] writing requirements to ../../build/gpx_loader/gpx_loader.egg-info/requires.txt
[4.776s] writing top-level names to ../../build/gpx_loader/gpx_loader.egg-info/top_level.txt
[4.783s] reading manifest file '../../build/gpx_loader/gpx_loader.egg-info/SOURCES.txt'
[4.792s] writing manifest file '../../build/gpx_loader/gpx_loader.egg-info/SOURCES.txt'
[4.793s] running build
[4.793s] running build_py
[4.794s] running install
[4.795s] running install_lib
[4.798s] running install_data
[4.798s] running install_egg_info
[4.803s] removing '/home/laura_benitez/urdf_ws/install/gpx_loader/lib/python3.10/site-packages/gpx_loader-0.0.0-py3.10.egg-info' (and everything under it)
[4.806s] Copying ../../build/gpx_loader/gpx_loader.egg-info to /home/laura_benitez/urdf_ws/install/gpx_loader/lib/python3.10/site-packages/gpx_loader-0.0.0-py3.10.egg-info
[4.813s] running install_scripts
[4.847s] Installing gpx_loader_node script to /home/laura_benitez/urdf_ws/install/gpx_loader/lib/gpx_loader
[4.848s] writing list of installed files to '/home/laura_benitez/urdf_ws/build/gpx_loader/install.log'
[4.902s] Invoked command in '/home/laura_benitez/urdf_ws/src/gpx_loader' returned '0': AMENT_PREFIX_PATH=/home/laura_benitez/urdf_ws/install/cuadriga_interfaces:${AMENT_PREFIX_PATH} CMAKE_PREFIX_PATH=/home/laura_benitez/urdf_ws/install/cuadriga_interfaces:${CMAKE_PREFIX_PATH} LD_LIBRARY_PATH=/home/laura_benitez/urdf_ws/install/cuadriga_interfaces/lib:${LD_LIBRARY_PATH} PYTHONPATH=/home/laura_benitez/urdf_ws/build/gpx_loader/prefix_override:/usr/lib/python3/dist-packages/colcon_core/task/python/colcon_distutils_commands:/home/laura_benitez/urdf_ws/install/gpx_loader/lib/python3.10/site-packages:/home/laura_benitez/urdf_ws/install/cuadriga_interfaces/local/lib/python3.10/dist-packages:${PYTHONPATH} /usr/bin/python3 -W ignore:setup.py install is deprecated -W ignore:easy_install command is deprecated setup.py egg_info --egg-base ../../build/gpx_loader build --build-base /home/laura_benitez/urdf_ws/build/gpx_loader/build install --record /home/laura_benitez/urdf_ws/build/gpx_loader/install.log --single-version-externally-managed install_data
