[3.432s] Invoking command in '/home/laura_benitez/urdf_ws/src/gpx_loader': AMENT_PREFIX_PATH=/home/laura_benitez/urdf_ws/install/cuadriga_interfaces:${AMENT_PREFIX_PATH} CMAKE_PREFIX_PATH=/home/laura_benitez/urdf_ws/install/cuadriga_interfaces:${CMAKE_PREFIX_PATH} LD_LIBRARY_PATH=/home/laura_benitez/urdf_ws/install/cuadriga_interfaces/lib:${LD_LIBRARY_PATH} PYTHONPATH=/home/laura_benitez/urdf_ws/build/gpx_loader/prefix_override:/usr/lib/python3/dist-packages/colcon_core/task/python/colcon_distutils_commands:/home/laura_benitez/urdf_ws/install/gpx_loader/lib/python3.10/site-packages:/home/laura_benitez/urdf_ws/install/cuadriga_interfaces/local/lib/python3.10/dist-packages:${PYTHONPATH} /usr/bin/python3 -W ignore:setup.py install is deprecated -W ignore:easy_install command is deprecated setup.py egg_info --egg-base ../../build/gpx_loader build --build-base /home/laura_benitez/urdf_ws/build/gpx_loader/build install --record /home/laura_benitez/urdf_ws/build/gpx_loader/install.log --single-version-externally-managed install_data
[3.839s] running egg_info
[3.840s] writing ../../build/gpx_loader/gpx_loader.egg-info/PKG-INFO
[3.841s] writing dependency_links to ../../build/gpx_loader/gpx_loader.egg-info/dependency_links.txt
[3.841s] writing entry points to ../../build/gpx_loader/gpx_loader.egg-info/entry_points.txt
[3.846s] writing requirements to ../../build/gpx_loader/gpx_loader.egg-info/requires.txt
[3.846s] writing top-level names to ../../build/gpx_loader/gpx_loader.egg-info/top_level.txt
[3.853s] reading manifest file '../../build/gpx_loader/gpx_loader.egg-info/SOURCES.txt'
[3.861s] writing manifest file '../../build/gpx_loader/gpx_loader.egg-info/SOURCES.txt'
[3.861s] running build
[3.861s] running build_py
[3.862s] copying gpx_loader/gpx_loader_node.py -> /home/laura_benitez/urdf_ws/build/gpx_loader/build/lib/gpx_loader
[3.863s] running install
[3.864s] running install_lib
[3.866s] copying /home/laura_benitez/urdf_ws/build/gpx_loader/build/lib/gpx_loader/gpx_loader_node.py -> /home/laura_benitez/urdf_ws/install/gpx_loader/lib/python3.10/site-packages/gpx_loader
[3.875s] byte-compiling /home/laura_benitez/urdf_ws/install/gpx_loader/lib/python3.10/site-packages/gpx_loader/gpx_loader_node.py to gpx_loader_node.cpython-310.pyc
[3.878s] running install_data
[3.879s] running install_egg_info
[3.881s] removing '/home/laura_benitez/urdf_ws/install/gpx_loader/lib/python3.10/site-packages/gpx_loader-0.0.0-py3.10.egg-info' (and everything under it)
[3.884s] Copying ../../build/gpx_loader/gpx_loader.egg-info to /home/laura_benitez/urdf_ws/install/gpx_loader/lib/python3.10/site-packages/gpx_loader-0.0.0-py3.10.egg-info
[3.891s] running install_scripts
[3.920s] Installing gpx_loader_node script to /home/laura_benitez/urdf_ws/install/gpx_loader/lib/gpx_loader
[3.921s] writing list of installed files to '/home/laura_benitez/urdf_ws/build/gpx_loader/install.log'
[3.967s] Invoked command in '/home/laura_benitez/urdf_ws/src/gpx_loader' returned '0': AMENT_PREFIX_PATH=/home/laura_benitez/urdf_ws/install/cuadriga_interfaces:${AMENT_PREFIX_PATH} CMAKE_PREFIX_PATH=/home/laura_benitez/urdf_ws/install/cuadriga_interfaces:${CMAKE_PREFIX_PATH} LD_LIBRARY_PATH=/home/laura_benitez/urdf_ws/install/cuadriga_interfaces/lib:${LD_LIBRARY_PATH} PYTHONPATH=/home/laura_benitez/urdf_ws/build/gpx_loader/prefix_override:/usr/lib/python3/dist-packages/colcon_core/task/python/colcon_distutils_commands:/home/laura_benitez/urdf_ws/install/gpx_loader/lib/python3.10/site-packages:/home/laura_benitez/urdf_ws/install/cuadriga_interfaces/local/lib/python3.10/dist-packages:${PYTHONPATH} /usr/bin/python3 -W ignore:setup.py install is deprecated -W ignore:easy_install command is deprecated setup.py egg_info --egg-base ../../build/gpx_loader build --build-base /home/laura_benitez/urdf_ws/build/gpx_loader/build install --record /home/laura_benitez/urdf_ws/build/gpx_loader/install.log --single-version-externally-managed install_data
