[0.249s] Invoking command in '/home/laura_benitez/urdf_ws/build/cuadriga_interfaces': CMAKE_PREFIX_PATH=${CMAKE_PREFIX_PATH}:/opt/ros/humble /usr/bin/cmake --build /home/laura_benitez/urdf_ws/build/cuadriga_interfaces -- -j16 -l16
[1.716s] [  3%] Built target cuadriga_interfaces__cpp
[1.717s] [ 12%] Built target cuadriga_interfaces__rosidl_generator_c
[1.718s] [ 12%] Built target ament_cmake_python_copy_cuadriga_interfaces
[1.718s] [ 22%] Built target cuadriga_interfaces__rosidl_typesupport_cpp
[1.719s] [ 32%] Built target cuadriga_interfaces__rosidl_typesupport_introspection_cpp
[1.719s] [ 41%] Built target cuadriga_interfaces__rosidl_typesupport_fastrtps_cpp
[1.719s] [ 51%] Built target cuadriga_interfaces__rosidl_typesupport_introspection_c
[1.720s] [ 70%] Built target cuadriga_interfaces__rosidl_typesupport_fastrtps_c
[1.720s] [ 70%] Built target cuadriga_interfaces__rosidl_typesupport_c
[1.720s] [ 70%] Built target cuadriga_interfaces
[1.721s] [ 74%] Built target cuadriga_interfaces__py
[1.721s] [ 80%] Built target cuadriga_interfaces__rosidl_generator_py
[1.721s] [ 87%] Built target cuadriga_interfaces__rosidl_typesupport_introspection_c__pyext
[1.721s] [100%] Built target cuadriga_interfaces__rosidl_typesupport_fastrtps_c__pyext
[1.721s] [100%] Built target cuadriga_interfaces__rosidl_typesupport_c__pyext
[1.723s] running egg_info
[1.723s] writing cuadriga_interfaces.egg-info/PKG-INFO
[1.723s] writing dependency_links to cuadriga_interfaces.egg-info/dependency_links.txt
[1.723s] writing top-level names to cuadriga_interfaces.egg-info/top_level.txt
[1.723s] reading manifest file 'cuadriga_interfaces.egg-info/SOURCES.txt'
[1.723s] writing manifest file 'cuadriga_interfaces.egg-info/SOURCES.txt'
[1.724s] [100%] Built target ament_cmake_python_build_cuadriga_interfaces_egg
[2.421s] Invoked command in '/home/laura_benitez/urdf_ws/build/cuadriga_interfaces' returned '0': CMAKE_PREFIX_PATH=${CMAKE_PREFIX_PATH}:/opt/ros/humble /usr/bin/cmake --build /home/laura_benitez/urdf_ws/build/cuadriga_interfaces -- -j16 -l16
[2.427s] Invoking command in '/home/laura_benitez/urdf_ws/build/cuadriga_interfaces': CMAKE_PREFIX_PATH=${CMAKE_PREFIX_PATH}:/opt/ros/humble /usr/bin/cmake --install /home/laura_benitez/urdf_ws/build/cuadriga_interfaces
[2.464s] -- Install configuration: ""
[2.465s] -- Up-to-date: /home/laura_benitez/urdf_ws/install/cuadriga_interfaces/share/ament_index/resource_index/rosidl_interfaces/cuadriga_interfaces
[2.465s] -- Up-to-date: /home/laura_benitez/urdf_ws/install/cuadriga_interfaces/include/cuadriga_interfaces/cuadriga_interfaces
[2.465s] -- Up-to-date: /home/laura_benitez/urdf_ws/install/cuadriga_interfaces/include/cuadriga_interfaces/cuadriga_interfaces/msg
[2.465s] -- Up-to-date: /home/laura_benitez/urdf_ws/install/cuadriga_interfaces/include/cuadriga_interfaces/cuadriga_interfaces/msg/detail
[2.466s] -- Up-to-date: /home/laura_benitez/urdf_ws/install/cuadriga_interfaces/include/cuadriga_interfaces/cuadriga_interfaces/msg/detail/gpx_path__functions.c
[2.466s] -- Up-to-date: /home/laura_benitez/urdf_ws/install/cuadriga_interfaces/include/cuadriga_interfaces/cuadriga_interfaces/msg/detail/gpx_path__functions.h
[2.466s] -- Up-to-date: /home/laura_benitez/urdf_ws/install/cuadriga_interfaces/include/cuadriga_interfaces/cuadriga_interfaces/msg/detail/gpx_path__struct.h
[2.466s] -- Up-to-date: /home/laura_benitez/urdf_ws/install/cuadriga_interfaces/include/cuadriga_interfaces/cuadriga_interfaces/msg/detail/gpx_path__type_support.h
[2.466s] -- Up-to-date: /home/laura_benitez/urdf_ws/install/cuadriga_interfaces/include/cuadriga_interfaces/cuadriga_interfaces/msg/detail/gpx_point__functions.c
[2.467s] -- Up-to-date: /home/laura_benitez/urdf_ws/install/cuadriga_interfaces/include/cuadriga_interfaces/cuadriga_interfaces/msg/detail/gpx_point__functions.h
[2.467s] -- Up-to-date: /home/laura_benitez/urdf_ws/install/cuadriga_interfaces/include/cuadriga_interfaces/cuadriga_interfaces/msg/detail/gpx_point__struct.h
[2.467s] -- Up-to-date: /home/laura_benitez/urdf_ws/install/cuadriga_interfaces/include/cuadriga_interfaces/cuadriga_interfaces/msg/detail/gpx_point__type_support.h
[2.467s] -- Up-to-date: /home/laura_benitez/urdf_ws/install/cuadriga_interfaces/include/cuadriga_interfaces/cuadriga_interfaces/msg/gpx_path.h
[2.468s] -- Up-to-date: /home/laura_benitez/urdf_ws/install/cuadriga_interfaces/include/cuadriga_interfaces/cuadriga_interfaces/msg/gpx_point.h
[2.468s] -- Up-to-date: /home/laura_benitez/urdf_ws/install/cuadriga_interfaces/include/cuadriga_interfaces/cuadriga_interfaces/msg/rosidl_generator_c__visibility_control.h
[2.468s] -- Up-to-date: /home/laura_benitez/urdf_ws/install/cuadriga_interfaces/share/cuadriga_interfaces/environment/library_path.sh
[2.469s] -- Up-to-date: /home/laura_benitez/urdf_ws/install/cuadriga_interfaces/share/cuadriga_interfaces/environment/library_path.dsv
[2.469s] -- Up-to-date: /home/laura_benitez/urdf_ws/install/cuadriga_interfaces/lib/libcuadriga_interfaces__rosidl_generator_c.so
[2.470s] -- Up-to-date: /home/laura_benitez/urdf_ws/install/cuadriga_interfaces/include/cuadriga_interfaces/cuadriga_interfaces
[2.470s] -- Up-to-date: /home/laura_benitez/urdf_ws/install/cuadriga_interfaces/include/cuadriga_interfaces/cuadriga_interfaces/msg
[2.470s] -- Up-to-date: /home/laura_benitez/urdf_ws/install/cuadriga_interfaces/include/cuadriga_interfaces/cuadriga_interfaces/msg/detail
[2.471s] -- Up-to-date: /home/laura_benitez/urdf_ws/install/cuadriga_interfaces/include/cuadriga_interfaces/cuadriga_interfaces/msg/detail/gpx_path__rosidl_typesupport_fastrtps_c.h
[2.471s] -- Up-to-date: /home/laura_benitez/urdf_ws/install/cuadriga_interfaces/include/cuadriga_interfaces/cuadriga_interfaces/msg/detail/gpx_point__rosidl_typesupport_fastrtps_c.h
[2.471s] -- Up-to-date: /home/laura_benitez/urdf_ws/install/cuadriga_interfaces/include/cuadriga_interfaces/cuadriga_interfaces/msg/rosidl_typesupport_fastrtps_c__visibility_control.h
[2.472s] -- Up-to-date: /home/laura_benitez/urdf_ws/install/cuadriga_interfaces/lib/libcuadriga_interfaces__rosidl_typesupport_fastrtps_c.so
[2.473s] -- Up-to-date: /home/laura_benitez/urdf_ws/install/cuadriga_interfaces/include/cuadriga_interfaces/cuadriga_interfaces
[2.473s] -- Up-to-date: /home/laura_benitez/urdf_ws/install/cuadriga_interfaces/include/cuadriga_interfaces/cuadriga_interfaces/msg
[2.473s] -- Up-to-date: /home/laura_benitez/urdf_ws/install/cuadriga_interfaces/include/cuadriga_interfaces/cuadriga_interfaces/msg/detail
[2.473s] -- Up-to-date: /home/laura_benitez/urdf_ws/install/cuadriga_interfaces/include/cuadriga_interfaces/cuadriga_interfaces/msg/detail/gpx_path__rosidl_typesupport_introspection_c.h
[2.474s] -- Up-to-date: /home/laura_benitez/urdf_ws/install/cuadriga_interfaces/include/cuadriga_interfaces/cuadriga_interfaces/msg/detail/gpx_path__type_support.c
[2.474s] -- Up-to-date: /home/laura_benitez/urdf_ws/install/cuadriga_interfaces/include/cuadriga_interfaces/cuadriga_interfaces/msg/detail/gpx_point__rosidl_typesupport_introspection_c.h
[2.474s] -- Up-to-date: /home/laura_benitez/urdf_ws/install/cuadriga_interfaces/include/cuadriga_interfaces/cuadriga_interfaces/msg/detail/gpx_point__type_support.c
[2.475s] -- Up-to-date: /home/laura_benitez/urdf_ws/install/cuadriga_interfaces/include/cuadriga_interfaces/cuadriga_interfaces/msg/rosidl_typesupport_introspection_c__visibility_control.h
[2.476s] -- Up-to-date: /home/laura_benitez/urdf_ws/install/cuadriga_interfaces/lib/libcuadriga_interfaces__rosidl_typesupport_introspection_c.so
[2.476s] -- Up-to-date: /home/laura_benitez/urdf_ws/install/cuadriga_interfaces/lib/libcuadriga_interfaces__rosidl_typesupport_c.so
[2.477s] -- Up-to-date: /home/laura_benitez/urdf_ws/install/cuadriga_interfaces/include/cuadriga_interfaces/cuadriga_interfaces
[2.477s] -- Up-to-date: /home/laura_benitez/urdf_ws/install/cuadriga_interfaces/include/cuadriga_interfaces/cuadriga_interfaces/msg
[2.477s] -- Up-to-date: /home/laura_benitez/urdf_ws/install/cuadriga_interfaces/include/cuadriga_interfaces/cuadriga_interfaces/msg/detail
[2.478s] -- Up-to-date: /home/laura_benitez/urdf_ws/install/cuadriga_interfaces/include/cuadriga_interfaces/cuadriga_interfaces/msg/detail/gpx_path__builder.hpp
[2.478s] -- Up-to-date: /home/laura_benitez/urdf_ws/install/cuadriga_interfaces/include/cuadriga_interfaces/cuadriga_interfaces/msg/detail/gpx_path__struct.hpp
[2.478s] -- Up-to-date: /home/laura_benitez/urdf_ws/install/cuadriga_interfaces/include/cuadriga_interfaces/cuadriga_interfaces/msg/detail/gpx_path__traits.hpp
[2.478s] -- Up-to-date: /home/laura_benitez/urdf_ws/install/cuadriga_interfaces/include/cuadriga_interfaces/cuadriga_interfaces/msg/detail/gpx_path__type_support.hpp
[2.479s] -- Up-to-date: /home/laura_benitez/urdf_ws/install/cuadriga_interfaces/include/cuadriga_interfaces/cuadriga_interfaces/msg/detail/gpx_point__builder.hpp
[2.479s] -- Up-to-date: /home/laura_benitez/urdf_ws/install/cuadriga_interfaces/include/cuadriga_interfaces/cuadriga_interfaces/msg/detail/gpx_point__struct.hpp
[2.479s] -- Up-to-date: /home/laura_benitez/urdf_ws/install/cuadriga_interfaces/include/cuadriga_interfaces/cuadriga_interfaces/msg/detail/gpx_point__traits.hpp
[2.480s] -- Up-to-date: /home/laura_benitez/urdf_ws/install/cuadriga_interfaces/include/cuadriga_interfaces/cuadriga_interfaces/msg/detail/gpx_point__type_support.hpp
[2.480s] -- Up-to-date: /home/laura_benitez/urdf_ws/install/cuadriga_interfaces/include/cuadriga_interfaces/cuadriga_interfaces/msg/gpx_path.hpp
[2.481s] -- Up-to-date: /home/laura_benitez/urdf_ws/install/cuadriga_interfaces/include/cuadriga_interfaces/cuadriga_interfaces/msg/gpx_point.hpp
[2.481s] -- Up-to-date: /home/laura_benitez/urdf_ws/install/cuadriga_interfaces/include/cuadriga_interfaces/cuadriga_interfaces/msg/rosidl_generator_cpp__visibility_control.hpp
[2.481s] -- Up-to-date: /home/laura_benitez/urdf_ws/install/cuadriga_interfaces/include/cuadriga_interfaces/cuadriga_interfaces
[2.481s] -- Up-to-date: /home/laura_benitez/urdf_ws/install/cuadriga_interfaces/include/cuadriga_interfaces/cuadriga_interfaces/msg
[2.482s] -- Up-to-date: /home/laura_benitez/urdf_ws/install/cuadriga_interfaces/include/cuadriga_interfaces/cuadriga_interfaces/msg/detail
[2.482s] -- Up-to-date: /home/laura_benitez/urdf_ws/install/cuadriga_interfaces/include/cuadriga_interfaces/cuadriga_interfaces/msg/detail/dds_fastrtps
[2.482s] -- Up-to-date: /home/laura_benitez/urdf_ws/install/cuadriga_interfaces/include/cuadriga_interfaces/cuadriga_interfaces/msg/detail/gpx_path__rosidl_typesupport_fastrtps_cpp.hpp
[2.483s] -- Up-to-date: /home/laura_benitez/urdf_ws/install/cuadriga_interfaces/include/cuadriga_interfaces/cuadriga_interfaces/msg/detail/gpx_point__rosidl_typesupport_fastrtps_cpp.hpp
[2.483s] -- Up-to-date: /home/laura_benitez/urdf_ws/install/cuadriga_interfaces/include/cuadriga_interfaces/cuadriga_interfaces/msg/rosidl_typesupport_fastrtps_cpp__visibility_control.h
[2.485s] -- Up-to-date: /home/laura_benitez/urdf_ws/install/cuadriga_interfaces/lib/libcuadriga_interfaces__rosidl_typesupport_fastrtps_cpp.so
[2.486s] -- Up-to-date: /home/laura_benitez/urdf_ws/install/cuadriga_interfaces/include/cuadriga_interfaces/cuadriga_interfaces
[2.486s] -- Up-to-date: /home/laura_benitez/urdf_ws/install/cuadriga_interfaces/include/cuadriga_interfaces/cuadriga_interfaces/msg
[2.486s] -- Up-to-date: /home/laura_benitez/urdf_ws/install/cuadriga_interfaces/include/cuadriga_interfaces/cuadriga_interfaces/msg/detail
[2.486s] -- Up-to-date: /home/laura_benitez/urdf_ws/install/cuadriga_interfaces/include/cuadriga_interfaces/cuadriga_interfaces/msg/detail/gpx_path__rosidl_typesupport_introspection_cpp.hpp
[2.486s] -- Up-to-date: /home/laura_benitez/urdf_ws/install/cuadriga_interfaces/include/cuadriga_interfaces/cuadriga_interfaces/msg/detail/gpx_path__type_support.cpp
[2.487s] -- Up-to-date: /home/laura_benitez/urdf_ws/install/cuadriga_interfaces/include/cuadriga_interfaces/cuadriga_interfaces/msg/detail/gpx_point__rosidl_typesupport_introspection_cpp.hpp
[2.487s] -- Up-to-date: /home/laura_benitez/urdf_ws/install/cuadriga_interfaces/include/cuadriga_interfaces/cuadriga_interfaces/msg/detail/gpx_point__type_support.cpp
[2.489s] -- Up-to-date: /home/laura_benitez/urdf_ws/install/cuadriga_interfaces/lib/libcuadriga_interfaces__rosidl_typesupport_introspection_cpp.so
[2.491s] -- Up-to-date: /home/laura_benitez/urdf_ws/install/cuadriga_interfaces/lib/libcuadriga_interfaces__rosidl_typesupport_cpp.so
[2.492s] -- Up-to-date: /home/laura_benitez/urdf_ws/install/cuadriga_interfaces/share/cuadriga_interfaces/environment/pythonpath.sh
[2.492s] -- Up-to-date: /home/laura_benitez/urdf_ws/install/cuadriga_interfaces/share/cuadriga_interfaces/environment/pythonpath.dsv
[2.493s] -- Up-to-date: /home/laura_benitez/urdf_ws/install/cuadriga_interfaces/local/lib/python3.10/dist-packages/cuadriga_interfaces-0.0.0-py3.10.egg-info
[2.493s] -- Installing: /home/laura_benitez/urdf_ws/install/cuadriga_interfaces/local/lib/python3.10/dist-packages/cuadriga_interfaces-0.0.0-py3.10.egg-info/dependency_links.txt
[2.496s] -- Installing: /home/laura_benitez/urdf_ws/install/cuadriga_interfaces/local/lib/python3.10/dist-packages/cuadriga_interfaces-0.0.0-py3.10.egg-info/PKG-INFO
[2.498s] -- Installing: /home/laura_benitez/urdf_ws/install/cuadriga_interfaces/local/lib/python3.10/dist-packages/cuadriga_interfaces-0.0.0-py3.10.egg-info/SOURCES.txt
[2.500s] -- Installing: /home/laura_benitez/urdf_ws/install/cuadriga_interfaces/local/lib/python3.10/dist-packages/cuadriga_interfaces-0.0.0-py3.10.egg-info/top_level.txt
[2.502s] -- Up-to-date: /home/laura_benitez/urdf_ws/install/cuadriga_interfaces/local/lib/python3.10/dist-packages/cuadriga_interfaces
[2.503s] -- Up-to-date: /home/laura_benitez/urdf_ws/install/cuadriga_interfaces/local/lib/python3.10/dist-packages/cuadriga_interfaces/cuadriga_interfaces_s__rosidl_typesupport_c.cpython-310-x86_64-linux-gnu.so
[2.503s] -- Up-to-date: /home/laura_benitez/urdf_ws/install/cuadriga_interfaces/local/lib/python3.10/dist-packages/cuadriga_interfaces/cuadriga_interfaces_s__rosidl_typesupport_fastrtps_c.cpython-310-x86_64-linux-gnu.so
[2.503s] -- Up-to-date: /home/laura_benitez/urdf_ws/install/cuadriga_interfaces/local/lib/python3.10/dist-packages/cuadriga_interfaces/cuadriga_interfaces_s__rosidl_typesupport_introspection_c.cpython-310-x86_64-linux-gnu.so
[2.504s] -- Up-to-date: /home/laura_benitez/urdf_ws/install/cuadriga_interfaces/local/lib/python3.10/dist-packages/cuadriga_interfaces/libcuadriga_interfaces__rosidl_generator_py.so
[2.504s] -- Up-to-date: /home/laura_benitez/urdf_ws/install/cuadriga_interfaces/local/lib/python3.10/dist-packages/cuadriga_interfaces/msg
[2.504s] -- Up-to-date: /home/laura_benitez/urdf_ws/install/cuadriga_interfaces/local/lib/python3.10/dist-packages/cuadriga_interfaces/msg/_gpx_path.py
[2.505s] -- Up-to-date: /home/laura_benitez/urdf_ws/install/cuadriga_interfaces/local/lib/python3.10/dist-packages/cuadriga_interfaces/msg/_gpx_path_s.c
[2.505s] -- Up-to-date: /home/laura_benitez/urdf_ws/install/cuadriga_interfaces/local/lib/python3.10/dist-packages/cuadriga_interfaces/msg/_gpx_point.py
[2.505s] -- Up-to-date: /home/laura_benitez/urdf_ws/install/cuadriga_interfaces/local/lib/python3.10/dist-packages/cuadriga_interfaces/msg/_gpx_point_s.c
[2.505s] -- Up-to-date: /home/laura_benitez/urdf_ws/install/cuadriga_interfaces/local/lib/python3.10/dist-packages/cuadriga_interfaces/msg/__init__.py
[2.506s] -- Up-to-date: /home/laura_benitez/urdf_ws/install/cuadriga_interfaces/local/lib/python3.10/dist-packages/cuadriga_interfaces/_cuadriga_interfaces_s.ep.rosidl_typesupport_c.c
[2.506s] -- Up-to-date: /home/laura_benitez/urdf_ws/install/cuadriga_interfaces/local/lib/python3.10/dist-packages/cuadriga_interfaces/_cuadriga_interfaces_s.ep.rosidl_typesupport_fastrtps_c.c
[2.506s] -- Up-to-date: /home/laura_benitez/urdf_ws/install/cuadriga_interfaces/local/lib/python3.10/dist-packages/cuadriga_interfaces/_cuadriga_interfaces_s.ep.rosidl_typesupport_introspection_c.c
[2.506s] -- Up-to-date: /home/laura_benitez/urdf_ws/install/cuadriga_interfaces/local/lib/python3.10/dist-packages/cuadriga_interfaces/__init__.py
[2.592s] Listing '/home/laura_benitez/urdf_ws/install/cuadriga_interfaces/local/lib/python3.10/dist-packages/cuadriga_interfaces'...
[2.592s] Listing '/home/laura_benitez/urdf_ws/install/cuadriga_interfaces/local/lib/python3.10/dist-packages/cuadriga_interfaces/msg'...
[2.599s] -- Up-to-date: /home/laura_benitez/urdf_ws/install/cuadriga_interfaces/local/lib/python3.10/dist-packages/cuadriga_interfaces/cuadriga_interfaces_s__rosidl_typesupport_fastrtps_c.cpython-310-x86_64-linux-gnu.so
[2.600s] -- Up-to-date: /home/laura_benitez/urdf_ws/install/cuadriga_interfaces/local/lib/python3.10/dist-packages/cuadriga_interfaces/cuadriga_interfaces_s__rosidl_typesupport_introspection_c.cpython-310-x86_64-linux-gnu.so
[2.602s] -- Up-to-date: /home/laura_benitez/urdf_ws/install/cuadriga_interfaces/local/lib/python3.10/dist-packages/cuadriga_interfaces/cuadriga_interfaces_s__rosidl_typesupport_c.cpython-310-x86_64-linux-gnu.so
[2.603s] -- Up-to-date: /home/laura_benitez/urdf_ws/install/cuadriga_interfaces/lib/libcuadriga_interfaces__rosidl_generator_py.so
[2.604s] -- Up-to-date: /home/laura_benitez/urdf_ws/install/cuadriga_interfaces/share/cuadriga_interfaces/msg/GPXPath.idl
[2.604s] -- Up-to-date: /home/laura_benitez/urdf_ws/install/cuadriga_interfaces/share/cuadriga_interfaces/msg/GPXPath.msg
[2.604s] -- Up-to-date: /home/laura_benitez/urdf_ws/install/cuadriga_interfaces/share/ament_index/resource_index/package_run_dependencies/cuadriga_interfaces
[2.604s] -- Up-to-date: /home/laura_benitez/urdf_ws/install/cuadriga_interfaces/share/ament_index/resource_index/parent_prefix_path/cuadriga_interfaces
[2.605s] -- Up-to-date: /home/laura_benitez/urdf_ws/install/cuadriga_interfaces/share/cuadriga_interfaces/environment/ament_prefix_path.sh
[2.605s] -- Up-to-date: /home/laura_benitez/urdf_ws/install/cuadriga_interfaces/share/cuadriga_interfaces/environment/ament_prefix_path.dsv
[2.606s] -- Up-to-date: /home/laura_benitez/urdf_ws/install/cuadriga_interfaces/share/cuadriga_interfaces/environment/path.sh
[2.606s] -- Up-to-date: /home/laura_benitez/urdf_ws/install/cuadriga_interfaces/share/cuadriga_interfaces/environment/path.dsv
[2.606s] -- Up-to-date: /home/laura_benitez/urdf_ws/install/cuadriga_interfaces/share/cuadriga_interfaces/local_setup.bash
[2.607s] -- Up-to-date: /home/laura_benitez/urdf_ws/install/cuadriga_interfaces/share/cuadriga_interfaces/local_setup.sh
[2.607s] -- Up-to-date: /home/laura_benitez/urdf_ws/install/cuadriga_interfaces/share/cuadriga_interfaces/local_setup.zsh
[2.607s] -- Up-to-date: /home/laura_benitez/urdf_ws/install/cuadriga_interfaces/share/cuadriga_interfaces/local_setup.dsv
[2.608s] -- Installing: /home/laura_benitez/urdf_ws/install/cuadriga_interfaces/share/cuadriga_interfaces/package.dsv
[2.619s] -- Up-to-date: /home/laura_benitez/urdf_ws/install/cuadriga_interfaces/share/ament_index/resource_index/packages/cuadriga_interfaces
[2.636s] -- Up-to-date: /home/laura_benitez/urdf_ws/install/cuadriga_interfaces/share/cuadriga_interfaces/cmake/export_cuadriga_interfaces__rosidl_generator_cExport.cmake
[2.637s] -- Up-to-date: /home/laura_benitez/urdf_ws/install/cuadriga_interfaces/share/cuadriga_interfaces/cmake/export_cuadriga_interfaces__rosidl_generator_cExport-noconfig.cmake
[2.655s] -- Up-to-date: /home/laura_benitez/urdf_ws/install/cuadriga_interfaces/share/cuadriga_interfaces/cmake/export_cuadriga_interfaces__rosidl_typesupport_fastrtps_cExport.cmake
[2.656s] -- Up-to-date: /home/laura_benitez/urdf_ws/install/cuadriga_interfaces/share/cuadriga_interfaces/cmake/export_cuadriga_interfaces__rosidl_typesupport_fastrtps_cExport-noconfig.cmake
[2.668s] -- Up-to-date: /home/laura_benitez/urdf_ws/install/cuadriga_interfaces/share/cuadriga_interfaces/cmake/cuadriga_interfaces__rosidl_typesupport_introspection_cExport.cmake
[2.669s] -- Up-to-date: /home/laura_benitez/urdf_ws/install/cuadriga_interfaces/share/cuadriga_interfaces/cmake/cuadriga_interfaces__rosidl_typesupport_introspection_cExport-noconfig.cmake
[2.685s] -- Up-to-date: /home/laura_benitez/urdf_ws/install/cuadriga_interfaces/share/cuadriga_interfaces/cmake/cuadriga_interfaces__rosidl_typesupport_cExport.cmake
[2.686s] -- Up-to-date: /home/laura_benitez/urdf_ws/install/cuadriga_interfaces/share/cuadriga_interfaces/cmake/cuadriga_interfaces__rosidl_typesupport_cExport-noconfig.cmake
[2.699s] -- Up-to-date: /home/laura_benitez/urdf_ws/install/cuadriga_interfaces/share/cuadriga_interfaces/cmake/export_cuadriga_interfaces__rosidl_generator_cppExport.cmake
[2.710s] -- Up-to-date: /home/laura_benitez/urdf_ws/install/cuadriga_interfaces/share/cuadriga_interfaces/cmake/export_cuadriga_interfaces__rosidl_typesupport_fastrtps_cppExport.cmake
[2.711s] -- Up-to-date: /home/laura_benitez/urdf_ws/install/cuadriga_interfaces/share/cuadriga_interfaces/cmake/export_cuadriga_interfaces__rosidl_typesupport_fastrtps_cppExport-noconfig.cmake
[2.723s] -- Up-to-date: /home/laura_benitez/urdf_ws/install/cuadriga_interfaces/share/cuadriga_interfaces/cmake/cuadriga_interfaces__rosidl_typesupport_introspection_cppExport.cmake
[2.723s] -- Up-to-date: /home/laura_benitez/urdf_ws/install/cuadriga_interfaces/share/cuadriga_interfaces/cmake/cuadriga_interfaces__rosidl_typesupport_introspection_cppExport-noconfig.cmake
[2.737s] -- Up-to-date: /home/laura_benitez/urdf_ws/install/cuadriga_interfaces/share/cuadriga_interfaces/cmake/cuadriga_interfaces__rosidl_typesupport_cppExport.cmake
[2.737s] -- Up-to-date: /home/laura_benitez/urdf_ws/install/cuadriga_interfaces/share/cuadriga_interfaces/cmake/cuadriga_interfaces__rosidl_typesupport_cppExport-noconfig.cmake
[2.749s] -- Up-to-date: /home/laura_benitez/urdf_ws/install/cuadriga_interfaces/share/cuadriga_interfaces/cmake/export_cuadriga_interfaces__rosidl_generator_pyExport.cmake
[2.749s] -- Up-to-date: /home/laura_benitez/urdf_ws/install/cuadriga_interfaces/share/cuadriga_interfaces/cmake/export_cuadriga_interfaces__rosidl_generator_pyExport-noconfig.cmake
[2.749s] -- Up-to-date: /home/laura_benitez/urdf_ws/install/cuadriga_interfaces/share/cuadriga_interfaces/cmake/rosidl_cmake-extras.cmake
[2.750s] -- Up-to-date: /home/laura_benitez/urdf_ws/install/cuadriga_interfaces/share/cuadriga_interfaces/cmake/ament_cmake_export_dependencies-extras.cmake
[2.750s] -- Up-to-date: /home/laura_benitez/urdf_ws/install/cuadriga_interfaces/share/cuadriga_interfaces/cmake/ament_cmake_export_include_directories-extras.cmake
[2.750s] -- Up-to-date: /home/laura_benitez/urdf_ws/install/cuadriga_interfaces/share/cuadriga_interfaces/cmake/ament_cmake_export_libraries-extras.cmake
[2.751s] -- Up-to-date: /home/laura_benitez/urdf_ws/install/cuadriga_interfaces/share/cuadriga_interfaces/cmake/ament_cmake_export_targets-extras.cmake
[2.751s] -- Up-to-date: /home/laura_benitez/urdf_ws/install/cuadriga_interfaces/share/cuadriga_interfaces/cmake/rosidl_cmake_export_typesupport_targets-extras.cmake
[2.752s] -- Up-to-date: /home/laura_benitez/urdf_ws/install/cuadriga_interfaces/share/cuadriga_interfaces/cmake/rosidl_cmake_export_typesupport_libraries-extras.cmake
[2.752s] -- Up-to-date: /home/laura_benitez/urdf_ws/install/cuadriga_interfaces/share/cuadriga_interfaces/cmake/cuadriga_interfacesConfig.cmake
[2.752s] -- Up-to-date: /home/laura_benitez/urdf_ws/install/cuadriga_interfaces/share/cuadriga_interfaces/cmake/cuadriga_interfacesConfig-version.cmake
[2.752s] -- Up-to-date: /home/laura_benitez/urdf_ws/install/cuadriga_interfaces/share/cuadriga_interfaces/package.xml
[2.766s] Invoked command in '/home/laura_benitez/urdf_ws/build/cuadriga_interfaces' returned '0': CMAKE_PREFIX_PATH=${CMAKE_PREFIX_PATH}:/opt/ros/humble /usr/bin/cmake --install /home/laura_benitez/urdf_ws/build/cuadriga_interfaces
