[35m[1mConsolidate compiler generated dependencies of target cuadriga[0m
[100%] Built target cuadriga
-- Install configuration: ""
-- Up-to-date: /home/laura_benitez/urdf_ws/install/cuadriga/lib/cuadriga/cuadriga
-- Up-to-date: /home/laura_benitez/urdf_ws/install/cuadriga/share/cuadriga//launch
-- Installing: /home/laura_benitez/urdf_ws/install/cuadriga/share/cuadriga//launch/cuadriga_launch.py
-- Up-to-date: /home/laura_benitez/urdf_ws/install/cuadriga/share/cuadriga//launch/cuadriga_launch.py:Zone.Identifier
-- Installing: /home/laura_benitez/urdf_ws/install/cuadriga/share/cuadriga//launch/cuadriga_launch.py:Zone.Identifier:Zone.Identifier
-- Up-to-date: /home/laura_benitez/urdf_ws/install/cuadriga/share/ament_index/resource_index/package_run_dependencies/cuadriga
-- Up-to-date: /home/laura_benitez/urdf_ws/install/cuadriga/share/ament_index/resource_index/parent_prefix_path/cuadriga
-- Up-to-date: /home/laura_benitez/urdf_ws/install/cuadriga/share/cuadriga/environment/ament_prefix_path.sh
-- Up-to-date: /home/laura_benitez/urdf_ws/install/cuadriga/share/cuadriga/environment/ament_prefix_path.dsv
-- Up-to-date: /home/laura_benitez/urdf_ws/install/cuadriga/share/cuadriga/environment/path.sh
-- Up-to-date: /home/laura_benitez/urdf_ws/install/cuadriga/share/cuadriga/environment/path.dsv
-- Up-to-date: /home/laura_benitez/urdf_ws/install/cuadriga/share/cuadriga/local_setup.bash
-- Up-to-date: /home/laura_benitez/urdf_ws/install/cuadriga/share/cuadriga/local_setup.sh
-- Up-to-date: /home/laura_benitez/urdf_ws/install/cuadriga/share/cuadriga/local_setup.zsh
-- Up-to-date: /home/laura_benitez/urdf_ws/install/cuadriga/share/cuadriga/local_setup.dsv
-- Installing: /home/laura_benitez/urdf_ws/install/cuadriga/share/cuadriga/package.dsv
-- Up-to-date: /home/laura_benitez/urdf_ws/install/cuadriga/share/ament_index/resource_index/packages/cuadriga
-- Up-to-date: /home/laura_benitez/urdf_ws/install/cuadriga/share/cuadriga/cmake/cuadrigaConfig.cmake
-- Up-to-date: /home/laura_benitez/urdf_ws/install/cuadriga/share/cuadriga/cmake/cuadrigaConfig-version.cmake
-- Installing: /home/laura_benitez/urdf_ws/install/cuadriga/share/cuadriga/package.xml
