[6.477s] Invoking command in '/home/laura_benitez/urdf_ws/src/teleop_twist_keyboard': PYTHONPATH=/home/laura_benitez/urdf_ws/build/teleop_twist_keyboard/prefix_override:/usr/lib/python3/dist-packages/colcon_core/task/python/colcon_distutils_commands:/home/laura_benitez/urdf_ws/install/teleop_twist_keyboard/lib/python3.10/site-packages:${PYTHONPATH} /usr/bin/python3 -W ignore:setup.py install is deprecated -W ignore:easy_install command is deprecated setup.py egg_info --egg-base ../../build/teleop_twist_keyboard build --build-base /home/laura_benitez/urdf_ws/build/teleop_twist_keyboard/build install --record /home/laura_benitez/urdf_ws/build/teleop_twist_keyboard/install.log --single-version-externally-managed install_data
[7.368s] running egg_info
[7.369s] creating ../../build/teleop_twist_keyboard/teleop_twist_keyboard.egg-info
[7.370s] writing ../../build/teleop_twist_keyboard/teleop_twist_keyboard.egg-info/PKG-INFO
[7.375s] writing dependency_links to ../../build/teleop_twist_keyboard/teleop_twist_keyboard.egg-info/dependency_links.txt
[7.375s] writing entry points to ../../build/teleop_twist_keyboard/teleop_twist_keyboard.egg-info/entry_points.txt
[7.376s] writing requirements to ../../build/teleop_twist_keyboard/teleop_twist_keyboard.egg-info/requires.txt
[7.376s] writing top-level names to ../../build/teleop_twist_keyboard/teleop_twist_keyboard.egg-info/top_level.txt
[7.377s] writing manifest file '../../build/teleop_twist_keyboard/teleop_twist_keyboard.egg-info/SOURCES.txt'
[7.384s] reading manifest file '../../build/teleop_twist_keyboard/teleop_twist_keyboard.egg-info/SOURCES.txt'
[7.384s] adding license file 'LICENSE'
[7.385s] writing manifest file '../../build/teleop_twist_keyboard/teleop_twist_keyboard.egg-info/SOURCES.txt'
[7.385s] running build
[7.386s] running build_py
[7.386s] creating /home/laura_benitez/urdf_ws/build/teleop_twist_keyboard/build
[7.386s] creating /home/laura_benitez/urdf_ws/build/teleop_twist_keyboard/build/lib
[7.387s] copying teleop_twist_keyboard.py -> /home/laura_benitez/urdf_ws/build/teleop_twist_keyboard/build/lib
[7.387s] creating /home/laura_benitez/urdf_ws/build/teleop_twist_keyboard/build/lib/teleop_twist_keyboard
[7.388s] copying teleop_twist_keyboard/teleop_twist_keyboard.py -> /home/laura_benitez/urdf_ws/build/teleop_twist_keyboard/build/lib/teleop_twist_keyboard
[7.407s] copying teleop_twist_keyboard/__init__.py -> /home/laura_benitez/urdf_ws/build/teleop_twist_keyboard/build/lib/teleop_twist_keyboard
[7.407s] running install
[7.408s] running install_lib
[7.410s] creating /home/laura_benitez/urdf_ws/install/teleop_twist_keyboard/lib/python3.10/site-packages/teleop_twist_keyboard
[7.410s] copying /home/laura_benitez/urdf_ws/build/teleop_twist_keyboard/build/lib/teleop_twist_keyboard/teleop_twist_keyboard.py -> /home/laura_benitez/urdf_ws/install/teleop_twist_keyboard/lib/python3.10/site-packages/teleop_twist_keyboard
[7.426s] copying /home/laura_benitez/urdf_ws/build/teleop_twist_keyboard/build/lib/teleop_twist_keyboard/__init__.py -> /home/laura_benitez/urdf_ws/install/teleop_twist_keyboard/lib/python3.10/site-packages/teleop_twist_keyboard
[7.427s] copying /home/laura_benitez/urdf_ws/build/teleop_twist_keyboard/build/lib/teleop_twist_keyboard.py -> /home/laura_benitez/urdf_ws/install/teleop_twist_keyboard/lib/python3.10/site-packages
[7.429s] byte-compiling /home/laura_benitez/urdf_ws/install/teleop_twist_keyboard/lib/python3.10/site-packages/teleop_twist_keyboard/teleop_twist_keyboard.py to teleop_twist_keyboard.cpython-310.pyc
[7.434s] byte-compiling /home/laura_benitez/urdf_ws/install/teleop_twist_keyboard/lib/python3.10/site-packages/teleop_twist_keyboard/__init__.py to __init__.cpython-310.pyc
[7.438s] byte-compiling /home/laura_benitez/urdf_ws/install/teleop_twist_keyboard/lib/python3.10/site-packages/teleop_twist_keyboard.py to teleop_twist_keyboard.cpython-310.pyc
[7.438s] running install_data
[7.438s] creating /home/laura_benitez/urdf_ws/install/teleop_twist_keyboard/share/ament_index
[7.438s] creating /home/laura_benitez/urdf_ws/install/teleop_twist_keyboard/share/ament_index/resource_index
[7.438s] creating /home/laura_benitez/urdf_ws/install/teleop_twist_keyboard/share/ament_index/resource_index/packages
[7.440s] copying resource/teleop_twist_keyboard -> /home/laura_benitez/urdf_ws/install/teleop_twist_keyboard/share/ament_index/resource_index/packages
[7.441s] copying package.xml -> /home/laura_benitez/urdf_ws/install/teleop_twist_keyboard/share/teleop_twist_keyboard
[7.441s] running install_egg_info
[7.452s] Copying ../../build/teleop_twist_keyboard/teleop_twist_keyboard.egg-info to /home/laura_benitez/urdf_ws/install/teleop_twist_keyboard/lib/python3.10/site-packages/teleop_twist_keyboard-2.4.0-py3.10.egg-info
[7.459s] running install_scripts
[7.509s] Installing teleop_twist_keyboard script to /home/laura_benitez/urdf_ws/install/teleop_twist_keyboard/lib/teleop_twist_keyboard
[7.511s] writing list of installed files to '/home/laura_benitez/urdf_ws/build/teleop_twist_keyboard/install.log'
[7.626s] Invoked command in '/home/laura_benitez/urdf_ws/src/teleop_twist_keyboard' returned '0': PYTHONPATH=/home/laura_benitez/urdf_ws/build/teleop_twist_keyboard/prefix_override:/usr/lib/python3/dist-packages/colcon_core/task/python/colcon_distutils_commands:/home/laura_benitez/urdf_ws/install/teleop_twist_keyboard/lib/python3.10/site-packages:${PYTHONPATH} /usr/bin/python3 -W ignore:setup.py install is deprecated -W ignore:easy_install command is deprecated setup.py egg_info --egg-base ../../build/teleop_twist_keyboard build --build-base /home/laura_benitez/urdf_ws/build/teleop_twist_keyboard/build install --record /home/laura_benitez/urdf_ws/build/teleop_twist_keyboard/install.log --single-version-externally-managed install_data
