[8.158s] Invoking command in '/home/laura_benitez/urdf_ws/src/teleop_twist_keyboard': PYTHONPATH=/home/laura_benitez/urdf_ws/build/teleop_twist_keyboard/prefix_override:/usr/lib/python3/dist-packages/colcon_core/task/python/colcon_distutils_commands:/home/laura_benitez/urdf_ws/install/teleop_twist_keyboard/lib/python3.10/site-packages:${PYTHONPATH} /usr/bin/python3 -W ignore:setup.py install is deprecated -W ignore:easy_install command is deprecated setup.py egg_info --egg-base ../../build/teleop_twist_keyboard build --build-base /home/laura_benitez/urdf_ws/build/teleop_twist_keyboard/build install --record /home/laura_benitez/urdf_ws/build/teleop_twist_keyboard/install.log --single-version-externally-managed install_data
[8.748s] running egg_info
[8.749s] writing ../../build/teleop_twist_keyboard/teleop_twist_keyboard.egg-info/PKG-INFO
[8.786s] writing dependency_links to ../../build/teleop_twist_keyboard/teleop_twist_keyboard.egg-info/dependency_links.txt
[8.786s] writing entry points to ../../build/teleop_twist_keyboard/teleop_twist_keyboard.egg-info/entry_points.txt
[8.787s] writing requirements to ../../build/teleop_twist_keyboard/teleop_twist_keyboard.egg-info/requires.txt
[8.791s] writing top-level names to ../../build/teleop_twist_keyboard/teleop_twist_keyboard.egg-info/top_level.txt
[8.799s] reading manifest file '../../build/teleop_twist_keyboard/teleop_twist_keyboard.egg-info/SOURCES.txt'
[8.817s] adding license file 'LICENSE'
[8.818s] writing manifest file '../../build/teleop_twist_keyboard/teleop_twist_keyboard.egg-info/SOURCES.txt'
[8.819s] running build
[8.819s] running build_py
[8.821s] running install
[8.822s] running install_lib
[8.827s] running install_data
[8.827s] running install_egg_info
[8.832s] removing '/home/laura_benitez/urdf_ws/install/teleop_twist_keyboard/lib/python3.10/site-packages/teleop_twist_keyboard-2.4.0-py3.10.egg-info' (and everything under it)
[8.836s] Copying ../../build/teleop_twist_keyboard/teleop_twist_keyboard.egg-info to /home/laura_benitez/urdf_ws/install/teleop_twist_keyboard/lib/python3.10/site-packages/teleop_twist_keyboard-2.4.0-py3.10.egg-info
[8.847s] running install_scripts
[8.888s] Installing teleop_twist_keyboard script to /home/laura_benitez/urdf_ws/install/teleop_twist_keyboard/lib/teleop_twist_keyboard
[8.890s] writing list of installed files to '/home/laura_benitez/urdf_ws/build/teleop_twist_keyboard/install.log'
[8.983s] Invoked command in '/home/laura_benitez/urdf_ws/src/teleop_twist_keyboard' returned '0': PYTHONPATH=/home/laura_benitez/urdf_ws/build/teleop_twist_keyboard/prefix_override:/usr/lib/python3/dist-packages/colcon_core/task/python/colcon_distutils_commands:/home/laura_benitez/urdf_ws/install/teleop_twist_keyboard/lib/python3.10/site-packages:${PYTHONPATH} /usr/bin/python3 -W ignore:setup.py install is deprecated -W ignore:easy_install command is deprecated setup.py egg_info --egg-base ../../build/teleop_twist_keyboard build --build-base /home/laura_benitez/urdf_ws/build/teleop_twist_keyboard/build install --record /home/laura_benitez/urdf_ws/build/teleop_twist_keyboard/install.log --single-version-externally-managed install_data
