[8.606s] Invoking command in '/home/laura_benitez/urdf_ws/src/teleop_twist_keyboard': PYTHONPATH=/home/laura_benitez/urdf_ws/build/teleop_twist_keyboard/prefix_override:/usr/lib/python3/dist-packages/colcon_core/task/python/colcon_distutils_commands:/home/laura_benitez/urdf_ws/install/teleop_twist_keyboard/lib/python3.10/site-packages:${PYTHONPATH} /usr/bin/python3 -W ignore:setup.py install is deprecated -W ignore:easy_install command is deprecated setup.py egg_info --egg-base ../../build/teleop_twist_keyboard build --build-base /home/laura_benitez/urdf_ws/build/teleop_twist_keyboard/build install --record /home/laura_benitez/urdf_ws/build/teleop_twist_keyboard/install.log --single-version-externally-managed install_data
[9.214s] running egg_info
[9.215s] writing ../../build/teleop_twist_keyboard/teleop_twist_keyboard.egg-info/PKG-INFO
[9.217s] writing dependency_links to ../../build/teleop_twist_keyboard/teleop_twist_keyboard.egg-info/dependency_links.txt
[9.218s] writing entry points to ../../build/teleop_twist_keyboard/teleop_twist_keyboard.egg-info/entry_points.txt
[9.219s] writing requirements to ../../build/teleop_twist_keyboard/teleop_twist_keyboard.egg-info/requires.txt
[9.220s] writing top-level names to ../../build/teleop_twist_keyboard/teleop_twist_keyboard.egg-info/top_level.txt
[9.227s] reading manifest file '../../build/teleop_twist_keyboard/teleop_twist_keyboard.egg-info/SOURCES.txt'
[9.239s] adding license file 'LICENSE'
[9.239s] writing manifest file '../../build/teleop_twist_keyboard/teleop_twist_keyboard.egg-info/SOURCES.txt'
[9.240s] running build
[9.240s] running build_py
[9.241s] running install
[9.242s] running install_lib
[9.247s] running install_data
[9.248s] running install_egg_info
[9.251s] removing '/home/laura_benitez/urdf_ws/install/teleop_twist_keyboard/lib/python3.10/site-packages/teleop_twist_keyboard-2.4.0-py3.10.egg-info' (and everything under it)
[9.255s] Copying ../../build/teleop_twist_keyboard/teleop_twist_keyboard.egg-info to /home/laura_benitez/urdf_ws/install/teleop_twist_keyboard/lib/python3.10/site-packages/teleop_twist_keyboard-2.4.0-py3.10.egg-info
[9.266s] running install_scripts
[9.310s] Installing teleop_twist_keyboard script to /home/laura_benitez/urdf_ws/install/teleop_twist_keyboard/lib/teleop_twist_keyboard
[9.311s] writing list of installed files to '/home/laura_benitez/urdf_ws/build/teleop_twist_keyboard/install.log'
[9.384s] Invoked command in '/home/laura_benitez/urdf_ws/src/teleop_twist_keyboard' returned '0': PYTHONPATH=/home/laura_benitez/urdf_ws/build/teleop_twist_keyboard/prefix_override:/usr/lib/python3/dist-packages/colcon_core/task/python/colcon_distutils_commands:/home/laura_benitez/urdf_ws/install/teleop_twist_keyboard/lib/python3.10/site-packages:${PYTHONPATH} /usr/bin/python3 -W ignore:setup.py install is deprecated -W ignore:easy_install command is deprecated setup.py egg_info --egg-base ../../build/teleop_twist_keyboard build --build-base /home/laura_benitez/urdf_ws/build/teleop_twist_keyboard/build install --record /home/laura_benitez/urdf_ws/build/teleop_twist_keyboard/install.log --single-version-externally-managed install_data
