[6.700s] Invoking command in '/home/laura_benitez/urdf_ws/src/teleop_twist_keyboard': PYTHONPATH=/home/laura_benitez/urdf_ws/build/teleop_twist_keyboard/prefix_override:/usr/lib/python3/dist-packages/colcon_core/task/python/colcon_distutils_commands:/home/laura_benitez/urdf_ws/install/teleop_twist_keyboard/lib/python3.10/site-packages:${PYTHONPATH} /usr/bin/python3 -W ignore:setup.py install is deprecated -W ignore:easy_install command is deprecated setup.py egg_info --egg-base ../../build/teleop_twist_keyboard build --build-base /home/laura_benitez/urdf_ws/build/teleop_twist_keyboard/build install --record /home/laura_benitez/urdf_ws/build/teleop_twist_keyboard/install.log --single-version-externally-managed install_data
[7.164s] running egg_info
[7.166s] writing ../../build/teleop_twist_keyboard/teleop_twist_keyboard.egg-info/PKG-INFO
[7.167s] writing dependency_links to ../../build/teleop_twist_keyboard/teleop_twist_keyboard.egg-info/dependency_links.txt
[7.168s] writing entry points to ../../build/teleop_twist_keyboard/teleop_twist_keyboard.egg-info/entry_points.txt
[7.169s] writing requirements to ../../build/teleop_twist_keyboard/teleop_twist_keyboard.egg-info/requires.txt
[7.170s] writing top-level names to ../../build/teleop_twist_keyboard/teleop_twist_keyboard.egg-info/top_level.txt
[7.174s] reading manifest file '../../build/teleop_twist_keyboard/teleop_twist_keyboard.egg-info/SOURCES.txt'
[7.186s] adding license file 'LICENSE'
[7.187s] writing manifest file '../../build/teleop_twist_keyboard/teleop_twist_keyboard.egg-info/SOURCES.txt'
[7.187s] running build
[7.187s] running build_py
[7.188s] running install
[7.189s] running install_lib
[7.193s] running install_data
[7.193s] running install_egg_info
[7.197s] removing '/home/laura_benitez/urdf_ws/install/teleop_twist_keyboard/lib/python3.10/site-packages/teleop_twist_keyboard-2.4.0-py3.10.egg-info' (and everything under it)
[7.199s] Copying ../../build/teleop_twist_keyboard/teleop_twist_keyboard.egg-info to /home/laura_benitez/urdf_ws/install/teleop_twist_keyboard/lib/python3.10/site-packages/teleop_twist_keyboard-2.4.0-py3.10.egg-info
[7.206s] running install_scripts
[7.240s] Installing teleop_twist_keyboard script to /home/laura_benitez/urdf_ws/install/teleop_twist_keyboard/lib/teleop_twist_keyboard
[7.241s] writing list of installed files to '/home/laura_benitez/urdf_ws/build/teleop_twist_keyboard/install.log'
[7.325s] Invoked command in '/home/laura_benitez/urdf_ws/src/teleop_twist_keyboard' returned '0': PYTHONPATH=/home/laura_benitez/urdf_ws/build/teleop_twist_keyboard/prefix_override:/usr/lib/python3/dist-packages/colcon_core/task/python/colcon_distutils_commands:/home/laura_benitez/urdf_ws/install/teleop_twist_keyboard/lib/python3.10/site-packages:${PYTHONPATH} /usr/bin/python3 -W ignore:setup.py install is deprecated -W ignore:easy_install command is deprecated setup.py egg_info --egg-base ../../build/teleop_twist_keyboard build --build-base /home/laura_benitez/urdf_ws/build/teleop_twist_keyboard/build install --record /home/laura_benitez/urdf_ws/build/teleop_twist_keyboard/install.log --single-version-externally-managed install_data
