[5.548s] Invoking command in '/home/laura_benitez/urdf_ws/src/teleop_twist_keyboard': PYTHONPATH=/home/laura_benitez/urdf_ws/build/teleop_twist_keyboard/prefix_override:/usr/lib/python3/dist-packages/colcon_core/task/python/colcon_distutils_commands:/home/laura_benitez/urdf_ws/install/teleop_twist_keyboard/lib/python3.10/site-packages:${PYTHONPATH} /usr/bin/python3 -W ignore:setup.py install is deprecated -W ignore:easy_install command is deprecated setup.py egg_info --egg-base ../../build/teleop_twist_keyboard build --build-base /home/laura_benitez/urdf_ws/build/teleop_twist_keyboard/build install --record /home/laura_benitez/urdf_ws/build/teleop_twist_keyboard/install.log --single-version-externally-managed install_data
[5.956s] running egg_info
[5.956s] writing ../../build/teleop_twist_keyboard/teleop_twist_keyboard.egg-info/PKG-INFO
[5.958s] writing dependency_links to ../../build/teleop_twist_keyboard/teleop_twist_keyboard.egg-info/dependency_links.txt
[5.959s] writing entry points to ../../build/teleop_twist_keyboard/teleop_twist_keyboard.egg-info/entry_points.txt
[5.959s] writing requirements to ../../build/teleop_twist_keyboard/teleop_twist_keyboard.egg-info/requires.txt
[5.960s] writing top-level names to ../../build/teleop_twist_keyboard/teleop_twist_keyboard.egg-info/top_level.txt
[5.967s] reading manifest file '../../build/teleop_twist_keyboard/teleop_twist_keyboard.egg-info/SOURCES.txt'
[5.977s] adding license file 'LICENSE'
[5.978s] writing manifest file '../../build/teleop_twist_keyboard/teleop_twist_keyboard.egg-info/SOURCES.txt'
[5.978s] running build
[5.978s] running build_py
[5.980s] running install
[5.980s] running install_lib
[5.985s] running install_data
[5.986s] running install_egg_info
[5.989s] removing '/home/laura_benitez/urdf_ws/install/teleop_twist_keyboard/lib/python3.10/site-packages/teleop_twist_keyboard-2.4.0-py3.10.egg-info' (and everything under it)
[5.992s] Copying ../../build/teleop_twist_keyboard/teleop_twist_keyboard.egg-info to /home/laura_benitez/urdf_ws/install/teleop_twist_keyboard/lib/python3.10/site-packages/teleop_twist_keyboard-2.4.0-py3.10.egg-info
[5.999s] running install_scripts
[6.024s] Installing teleop_twist_keyboard script to /home/laura_benitez/urdf_ws/install/teleop_twist_keyboard/lib/teleop_twist_keyboard
[6.026s] writing list of installed files to '/home/laura_benitez/urdf_ws/build/teleop_twist_keyboard/install.log'
[6.077s] Invoked command in '/home/laura_benitez/urdf_ws/src/teleop_twist_keyboard' returned '0': PYTHONPATH=/home/laura_benitez/urdf_ws/build/teleop_twist_keyboard/prefix_override:/usr/lib/python3/dist-packages/colcon_core/task/python/colcon_distutils_commands:/home/laura_benitez/urdf_ws/install/teleop_twist_keyboard/lib/python3.10/site-packages:${PYTHONPATH} /usr/bin/python3 -W ignore:setup.py install is deprecated -W ignore:easy_install command is deprecated setup.py egg_info --egg-base ../../build/teleop_twist_keyboard build --build-base /home/laura_benitez/urdf_ws/build/teleop_twist_keyboard/build install --record /home/laura_benitez/urdf_ws/build/teleop_twist_keyboard/install.log --single-version-externally-managed install_data
