[5.591s] Invoking command in '/home/laura_benitez/urdf_ws/src/ROS-TCP-Endpoint-main-ros2': PYTHONPATH=/home/laura_benitez/urdf_ws/build/ros_tcp_endpoint/prefix_override:/usr/lib/python3/dist-packages/colcon_core/task/python/colcon_distutils_commands:/home/laura_benitez/urdf_ws/install/ros_tcp_endpoint/lib/python3.10/site-packages:${PYTHONPATH} /usr/bin/python3 -W ignore:setup.py install is deprecated -W ignore:easy_install command is deprecated setup.py egg_info --egg-base ../../build/ros_tcp_endpoint build --build-base /home/laura_benitez/urdf_ws/build/ros_tcp_endpoint/build install --record /home/laura_benitez/urdf_ws/build/ros_tcp_endpoint/install.log --install-scripts $base/lib/ros_tcp_endpoint --single-version-externally-managed install_data
[5.984s] /usr/lib/python3/dist-packages/setuptools/dist.py:723: UserWarning: Usage of dash-separated 'script-dir' will not be supported in future versions. Please use the underscore name 'script_dir' instead
[5.984s]   warnings.warn(
[5.994s] running egg_info
[5.994s] writing ../../build/ros_tcp_endpoint/ros_tcp_endpoint.egg-info/PKG-INFO
[5.996s] writing dependency_links to ../../build/ros_tcp_endpoint/ros_tcp_endpoint.egg-info/dependency_links.txt
[5.997s] writing entry points to ../../build/ros_tcp_endpoint/ros_tcp_endpoint.egg-info/entry_points.txt
[5.997s] writing requirements to ../../build/ros_tcp_endpoint/ros_tcp_endpoint.egg-info/requires.txt
[5.999s] writing top-level names to ../../build/ros_tcp_endpoint/ros_tcp_endpoint.egg-info/top_level.txt
[6.010s] reading manifest file '../../build/ros_tcp_endpoint/ros_tcp_endpoint.egg-info/SOURCES.txt'
[6.019s] adding license file 'LICENSE'
[6.019s] adding license file 'LICENSE:Zone.Identifier'
[6.020s] writing manifest file '../../build/ros_tcp_endpoint/ros_tcp_endpoint.egg-info/SOURCES.txt'
[6.020s] running build
[6.020s] running build_py
[6.026s] running install
[6.026s] running install_lib
[6.037s] running install_data
[6.039s] running install_egg_info
[6.041s] removing '/home/laura_benitez/urdf_ws/install/ros_tcp_endpoint/lib/python3.10/site-packages/ros_tcp_endpoint-0.0.1-py3.10.egg-info' (and everything under it)
[6.043s] Copying ../../build/ros_tcp_endpoint/ros_tcp_endpoint.egg-info to /home/laura_benitez/urdf_ws/install/ros_tcp_endpoint/lib/python3.10/site-packages/ros_tcp_endpoint-0.0.1-py3.10.egg-info
[6.049s] running install_scripts
[6.075s] Installing default_server_endpoint script to /home/laura_benitez/urdf_ws/install/ros_tcp_endpoint/lib/ros_tcp_endpoint
[6.076s] writing list of installed files to '/home/laura_benitez/urdf_ws/build/ros_tcp_endpoint/install.log'
[6.132s] Invoked command in '/home/laura_benitez/urdf_ws/src/ROS-TCP-Endpoint-main-ros2' returned '0': PYTHONPATH=/home/laura_benitez/urdf_ws/build/ros_tcp_endpoint/prefix_override:/usr/lib/python3/dist-packages/colcon_core/task/python/colcon_distutils_commands:/home/laura_benitez/urdf_ws/install/ros_tcp_endpoint/lib/python3.10/site-packages:${PYTHONPATH} /usr/bin/python3 -W ignore:setup.py install is deprecated -W ignore:easy_install command is deprecated setup.py egg_info --egg-base ../../build/ros_tcp_endpoint build --build-base /home/laura_benitez/urdf_ws/build/ros_tcp_endpoint/build install --record /home/laura_benitez/urdf_ws/build/ros_tcp_endpoint/install.log --install-scripts $base/lib/ros_tcp_endpoint --single-version-externally-managed install_data
