[0.955s] DEBUG:colcon:Command line arguments: ['/usr/bin/colcon', 'build']
[0.955s] DEBUG:colcon:Parsed command line arguments: Namespace(log_base=None, log_level=None, verb_name='build', build_base='build', install_base='install', merge_install=False, symlink_install=False, test_result_base=None, continue_on_error=False, executor='parallel', parallel_workers=16, event_handlers=None, ignore_user_meta=False, metas=['./colcon.meta'], base_paths=['.'], packages_ignore=None, packages_ignore_regex=None, paths=None, packages_up_to=None, packages_up_to_regex=None, packages_above=None, packages_above_and_dependencies=None, packages_above_depth=None, packages_select_by_dep=None, packages_skip_by_dep=None, packages_skip_up_to=None, packages_select_build_failed=False, packages_skip_build_finished=False, packages_select_test_failures=False, packages_skip_test_passed=False, packages_select=None, packages_skip=None, packages_select_regex=None, packages_skip_regex=None, packages_start=None, packages_end=None, allow_overriding=[], cmake_args=None, cmake_target=None, cmake_target_skip_unavailable=False, cmake_clean_cache=False, cmake_clean_first=False, cmake_force_configure=False, ament_cmake_args=None, catkin_cmake_args=None, catkin_skip_building_tests=False, mixin_files=None, mixin=None, verb_parser=<colcon_mixin.mixin.mixin_argument.MixinArgumentDecorator object at 0x7fa613475b40>, verb_extension=<colcon_core.verb.build.BuildVerb object at 0x7fa61359aa70>, main=<bound method BuildVerb.main of <colcon_core.verb.build.BuildVerb object at 0x7fa61359aa70>>, mixin_verb=('build',))
[2.461s] Level 1:colcon.colcon_core.package_discovery:discover_packages(colcon_meta) check parameters
[2.461s] Level 1:colcon.colcon_core.package_discovery:discover_packages(recursive) check parameters
[2.461s] Level 1:colcon.colcon_core.package_discovery:discover_packages(ignore) check parameters
[2.461s] Level 1:colcon.colcon_core.package_discovery:discover_packages(path) check parameters
[2.461s] Level 1:colcon.colcon_core.package_discovery:discover_packages(colcon_meta) discover
[2.461s] Level 1:colcon.colcon_core.package_discovery:discover_packages(recursive) discover
[2.461s] INFO:colcon.colcon_core.package_discovery:Crawling recursively for packages in '/home/laura_benitez/urdf_ws'
[2.461s] Level 1:colcon.colcon_core.package_identification:_identify(.) by extensions ['ignore', 'ignore_ament_install']
[2.461s] Level 1:colcon.colcon_core.package_identification:_identify(.) by extension 'ignore'
[2.461s] Level 1:colcon.colcon_core.package_identification:_identify(.) by extension 'ignore_ament_install'
[2.462s] Level 1:colcon.colcon_core.package_identification:_identify(.) by extensions ['colcon_pkg']
[2.462s] Level 1:colcon.colcon_core.package_identification:_identify(.) by extension 'colcon_pkg'
[2.462s] Level 1:colcon.colcon_core.package_identification:_identify(.) by extensions ['colcon_meta']
[2.462s] Level 1:colcon.colcon_core.package_identification:_identify(.) by extension 'colcon_meta'
[2.462s] Level 1:colcon.colcon_core.package_identification:_identify(.) by extensions ['ros']
[2.462s] Level 1:colcon.colcon_core.package_identification:_identify(.) by extension 'ros'
[2.475s] Level 1:colcon.colcon_core.package_identification:_identify(.) by extensions ['cmake', 'python']
[2.475s] Level 1:colcon.colcon_core.package_identification:_identify(.) by extension 'cmake'
[2.475s] Level 1:colcon.colcon_core.package_identification:_identify(.) by extension 'python'
[2.475s] Level 1:colcon.colcon_core.package_identification:_identify(.) by extensions ['python_setup_py']
[2.475s] Level 1:colcon.colcon_core.package_identification:_identify(.) by extension 'python_setup_py'
[2.475s] Level 1:colcon.colcon_core.package_identification:_identify(build) by extensions ['ignore', 'ignore_ament_install']
[2.475s] Level 1:colcon.colcon_core.package_identification:_identify(build) by extension 'ignore'
[2.475s] Level 1:colcon.colcon_core.package_identification:_identify(build) ignored
[2.475s] Level 1:colcon.colcon_core.package_identification:_identify(install) by extensions ['ignore', 'ignore_ament_install']
[2.476s] Level 1:colcon.colcon_core.package_identification:_identify(install) by extension 'ignore'
[2.476s] Level 1:colcon.colcon_core.package_identification:_identify(install) ignored
[2.476s] Level 1:colcon.colcon_core.package_identification:_identify(log) by extensions ['ignore', 'ignore_ament_install']
[2.476s] Level 1:colcon.colcon_core.package_identification:_identify(log) by extension 'ignore'
[2.476s] Level 1:colcon.colcon_core.package_identification:_identify(log) ignored
[2.476s] Level 1:colcon.colcon_core.package_identification:_identify(src) by extensions ['ignore', 'ignore_ament_install']
[2.476s] Level 1:colcon.colcon_core.package_identification:_identify(src) by extension 'ignore'
[2.476s] Level 1:colcon.colcon_core.package_identification:_identify(src) by extension 'ignore_ament_install'
[2.476s] Level 1:colcon.colcon_core.package_identification:_identify(src) by extensions ['colcon_pkg']
[2.477s] Level 1:colcon.colcon_core.package_identification:_identify(src) by extension 'colcon_pkg'
[2.477s] Level 1:colcon.colcon_core.package_identification:_identify(src) by extensions ['colcon_meta']
[2.477s] Level 1:colcon.colcon_core.package_identification:_identify(src) by extension 'colcon_meta'
[2.477s] Level 1:colcon.colcon_core.package_identification:_identify(src) by extensions ['ros']
[2.477s] Level 1:colcon.colcon_core.package_identification:_identify(src) by extension 'ros'
[2.477s] Level 1:colcon.colcon_core.package_identification:_identify(src) by extensions ['cmake', 'python']
[2.477s] Level 1:colcon.colcon_core.package_identification:_identify(src) by extension 'cmake'
[2.477s] Level 1:colcon.colcon_core.package_identification:_identify(src) by extension 'python'
[2.477s] Level 1:colcon.colcon_core.package_identification:_identify(src) by extensions ['python_setup_py']
[2.477s] Level 1:colcon.colcon_core.package_identification:_identify(src) by extension 'python_setup_py'
[2.478s] Level 1:colcon.colcon_core.package_identification:_identify(src/ROS-TCP-Endpoint-main-ros2) by extensions ['ignore', 'ignore_ament_install']
[2.478s] Level 1:colcon.colcon_core.package_identification:_identify(src/ROS-TCP-Endpoint-main-ros2) by extension 'ignore'
[2.478s] Level 1:colcon.colcon_core.package_identification:_identify(src/ROS-TCP-Endpoint-main-ros2) by extension 'ignore_ament_install'
[2.478s] Level 1:colcon.colcon_core.package_identification:_identify(src/ROS-TCP-Endpoint-main-ros2) by extensions ['colcon_pkg']
[2.478s] Level 1:colcon.colcon_core.package_identification:_identify(src/ROS-TCP-Endpoint-main-ros2) by extension 'colcon_pkg'
[2.478s] Level 1:colcon.colcon_core.package_identification:_identify(src/ROS-TCP-Endpoint-main-ros2) by extensions ['colcon_meta']
[2.478s] Level 1:colcon.colcon_core.package_identification:_identify(src/ROS-TCP-Endpoint-main-ros2) by extension 'colcon_meta'
[2.478s] Level 1:colcon.colcon_core.package_identification:_identify(src/ROS-TCP-Endpoint-main-ros2) by extensions ['ros']
[2.478s] Level 1:colcon.colcon_core.package_identification:_identify(src/ROS-TCP-Endpoint-main-ros2) by extension 'ros'
[2.481s] DEBUG:colcon.colcon_core.package_identification:Package 'src/ROS-TCP-Endpoint-main-ros2' with type 'ros.ament_python' and name 'ros_tcp_endpoint'
[2.482s] Level 1:colcon.colcon_core.package_identification:_identify(src/cuadriga) by extensions ['ignore', 'ignore_ament_install']
[2.482s] Level 1:colcon.colcon_core.package_identification:_identify(src/cuadriga) by extension 'ignore'
[2.482s] Level 1:colcon.colcon_core.package_identification:_identify(src/cuadriga) by extension 'ignore_ament_install'
[2.482s] Level 1:colcon.colcon_core.package_identification:_identify(src/cuadriga) by extensions ['colcon_pkg']
[2.482s] Level 1:colcon.colcon_core.package_identification:_identify(src/cuadriga) by extension 'colcon_pkg'
[2.482s] Level 1:colcon.colcon_core.package_identification:_identify(src/cuadriga) by extensions ['colcon_meta']
[2.482s] Level 1:colcon.colcon_core.package_identification:_identify(src/cuadriga) by extension 'colcon_meta'
[2.482s] Level 1:colcon.colcon_core.package_identification:_identify(src/cuadriga) by extensions ['ros']
[2.482s] Level 1:colcon.colcon_core.package_identification:_identify(src/cuadriga) by extension 'ros'
[2.483s] DEBUG:colcon.colcon_core.package_identification:Package 'src/cuadriga' with type 'ros.ament_cmake' and name 'cuadriga'
[2.483s] Level 1:colcon.colcon_core.package_identification:_identify(src/cuadriga_Ord) by extensions ['ignore', 'ignore_ament_install']
[2.483s] Level 1:colcon.colcon_core.package_identification:_identify(src/cuadriga_Ord) by extension 'ignore'
[2.483s] Level 1:colcon.colcon_core.package_identification:_identify(src/cuadriga_Ord) by extension 'ignore_ament_install'
[2.484s] Level 1:colcon.colcon_core.package_identification:_identify(src/cuadriga_Ord) by extensions ['colcon_pkg']
[2.484s] Level 1:colcon.colcon_core.package_identification:_identify(src/cuadriga_Ord) by extension 'colcon_pkg'
[2.484s] Level 1:colcon.colcon_core.package_identification:_identify(src/cuadriga_Ord) by extensions ['colcon_meta']
[2.484s] Level 1:colcon.colcon_core.package_identification:_identify(src/cuadriga_Ord) by extension 'colcon_meta'
[2.484s] Level 1:colcon.colcon_core.package_identification:_identify(src/cuadriga_Ord) by extensions ['ros']
[2.484s] Level 1:colcon.colcon_core.package_identification:_identify(src/cuadriga_Ord) by extension 'ros'
[2.485s] DEBUG:colcon.colcon_core.package_identification:Package 'src/cuadriga_Ord' with type 'ros.ament_cmake' and name 'cuadriga'
[2.486s] Level 1:colcon.colcon_core.package_identification:_identify(src/cuadriga_interfaces) by extensions ['ignore', 'ignore_ament_install']
[2.486s] Level 1:colcon.colcon_core.package_identification:_identify(src/cuadriga_interfaces) by extension 'ignore'
[2.486s] Level 1:colcon.colcon_core.package_identification:_identify(src/cuadriga_interfaces) by extension 'ignore_ament_install'
[2.486s] Level 1:colcon.colcon_core.package_identification:_identify(src/cuadriga_interfaces) by extensions ['colcon_pkg']
[2.486s] Level 1:colcon.colcon_core.package_identification:_identify(src/cuadriga_interfaces) by extension 'colcon_pkg'
[2.486s] Level 1:colcon.colcon_core.package_identification:_identify(src/cuadriga_interfaces) by extensions ['colcon_meta']
[2.486s] Level 1:colcon.colcon_core.package_identification:_identify(src/cuadriga_interfaces) by extension 'colcon_meta'
[2.486s] Level 1:colcon.colcon_core.package_identification:_identify(src/cuadriga_interfaces) by extensions ['ros']
[2.486s] Level 1:colcon.colcon_core.package_identification:_identify(src/cuadriga_interfaces) by extension 'ros'
[2.487s] DEBUG:colcon.colcon_core.package_identification:Package 'src/cuadriga_interfaces' with type 'ros.ament_cmake' and name 'cuadriga_interfaces'
[2.487s] Level 1:colcon.colcon_core.package_identification:_identify(src/cuadriganuevo) by extensions ['ignore', 'ignore_ament_install']
[2.487s] Level 1:colcon.colcon_core.package_identification:_identify(src/cuadriganuevo) by extension 'ignore'
[2.488s] Level 1:colcon.colcon_core.package_identification:_identify(src/cuadriganuevo) by extension 'ignore_ament_install'
[2.488s] Level 1:colcon.colcon_core.package_identification:_identify(src/cuadriganuevo) by extensions ['colcon_pkg']
[2.488s] Level 1:colcon.colcon_core.package_identification:_identify(src/cuadriganuevo) by extension 'colcon_pkg'
[2.488s] Level 1:colcon.colcon_core.package_identification:_identify(src/cuadriganuevo) by extensions ['colcon_meta']
[2.488s] Level 1:colcon.colcon_core.package_identification:_identify(src/cuadriganuevo) by extension 'colcon_meta'
[2.488s] Level 1:colcon.colcon_core.package_identification:_identify(src/cuadriganuevo) by extensions ['ros']
[2.488s] Level 1:colcon.colcon_core.package_identification:_identify(src/cuadriganuevo) by extension 'ros'
[2.489s] DEBUG:colcon.colcon_core.package_identification:Package 'src/cuadriganuevo' with type 'ros.ament_cmake' and name 'cuadriganuevo'
[2.489s] Level 1:colcon.colcon_core.package_identification:_identify(src/joy) by extensions ['ignore', 'ignore_ament_install']
[2.489s] Level 1:colcon.colcon_core.package_identification:_identify(src/joy) by extension 'ignore'
[2.489s] Level 1:colcon.colcon_core.package_identification:_identify(src/joy) by extension 'ignore_ament_install'
[2.489s] Level 1:colcon.colcon_core.package_identification:_identify(src/joy) by extensions ['colcon_pkg']
[2.489s] Level 1:colcon.colcon_core.package_identification:_identify(src/joy) by extension 'colcon_pkg'
[2.489s] Level 1:colcon.colcon_core.package_identification:_identify(src/joy) by extensions ['colcon_meta']
[2.489s] Level 1:colcon.colcon_core.package_identification:_identify(src/joy) by extension 'colcon_meta'
[2.489s] Level 1:colcon.colcon_core.package_identification:_identify(src/joy) by extensions ['ros']
[2.489s] Level 1:colcon.colcon_core.package_identification:_identify(src/joy) by extension 'ros'
[2.490s] DEBUG:colcon.colcon_core.package_identification:Package 'src/joy' with type 'ros.ament_cmake' and name 'joy'
[2.491s] Level 1:colcon.colcon_core.package_identification:_identify(src/teleop_twist_keyboard) by extensions ['ignore', 'ignore_ament_install']
[2.491s] Level 1:colcon.colcon_core.package_identification:_identify(src/teleop_twist_keyboard) by extension 'ignore'
[2.491s] Level 1:colcon.colcon_core.package_identification:_identify(src/teleop_twist_keyboard) by extension 'ignore_ament_install'
[2.491s] Level 1:colcon.colcon_core.package_identification:_identify(src/teleop_twist_keyboard) by extensions ['colcon_pkg']
[2.491s] Level 1:colcon.colcon_core.package_identification:_identify(src/teleop_twist_keyboard) by extension 'colcon_pkg'
[2.491s] Level 1:colcon.colcon_core.package_identification:_identify(src/teleop_twist_keyboard) by extensions ['colcon_meta']
[2.491s] Level 1:colcon.colcon_core.package_identification:_identify(src/teleop_twist_keyboard) by extension 'colcon_meta'
[2.491s] Level 1:colcon.colcon_core.package_identification:_identify(src/teleop_twist_keyboard) by extensions ['ros']
[2.491s] Level 1:colcon.colcon_core.package_identification:_identify(src/teleop_twist_keyboard) by extension 'ros'
[2.492s] DEBUG:colcon.colcon_core.package_identification:Package 'src/teleop_twist_keyboard' with type 'ros.ament_python' and name 'teleop_twist_keyboard'
[2.492s] Level 1:colcon.colcon_core.package_discovery:discover_packages(recursive) using defaults
[2.492s] Level 1:colcon.colcon_core.package_discovery:discover_packages(ignore) discover
[2.492s] Level 1:colcon.colcon_core.package_discovery:discover_packages(ignore) using defaults
[2.492s] Level 1:colcon.colcon_core.package_discovery:discover_packages(path) discover
[2.492s] Level 1:colcon.colcon_core.package_discovery:discover_packages(path) using defaults
[2.542s] Level 1:colcon.colcon_core.package_discovery:discover_packages(prefix_path) check parameters
[2.542s] Level 1:colcon.colcon_core.package_discovery:discover_packages(prefix_path) discover
[2.591s] DEBUG:colcon.colcon_installed_package_information.package_discovery:Found 3 installed packages in /home/laura_benitez/rosgame_ws/install
[2.592s] DEBUG:colcon.colcon_installed_package_information.package_discovery:Found 5 installed packages in /home/laura_benitez/cypr_ws/install
[2.593s] DEBUG:colcon.colcon_installed_package_information.package_discovery:Found 1 installed packages in /home/laura_benitez/test_ws/install
[2.595s] DEBUG:colcon.colcon_installed_package_information.package_discovery:Found 272 installed packages in /opt/ros/humble
[2.596s] Level 1:colcon.colcon_core.package_discovery:discover_packages(prefix_path) using defaults
[2.734s] WARNING:colcon.colcon_core.package_selection:Some selected packages are already built in one or more underlay workspaces:
	'teleop_twist_keyboard' is in: /opt/ros/humble
	'joy' is in: /opt/ros/humble
If a package in a merged underlay workspace is overridden and it installs headers, then all packages in the overlay must sort their include directories by workspace order. Failure to do so may result in build failures or undefined behavior at run time.
If the overridden package is used by another package in any underlay, then the overriding package in the overlay must be API and ABI compatible or undefined behavior at run time may occur.

If you understand the risks and want to override a package anyways, add the following to the command line:
	--allow-overriding joy teleop_twist_keyboard

This may be promoted to an error in a future release of colcon-override-check.
[2.736s] ERROR:colcon:colcon build: Duplicate package names not supported:
- cuadriga:
  - src/cuadriga
  - src/cuadriga_Ord
