[0.264s] DEBUG:colcon:Command line arguments: ['/usr/bin/colcon', 'build']
[0.264s] DEBUG:colcon:Parsed command line arguments: Namespace(log_base=None, log_level=None, verb_name='build', build_base='build', install_base='install', merge_install=False, symlink_install=False, test_result_base=None, continue_on_error=False, executor='parallel', parallel_workers=16, event_handlers=None, ignore_user_meta=False, metas=['./colcon.meta'], base_paths=['.'], packages_ignore=None, packages_ignore_regex=None, paths=None, packages_up_to=None, packages_up_to_regex=None, packages_above=None, packages_above_and_dependencies=None, packages_above_depth=None, packages_select_by_dep=None, packages_skip_by_dep=None, packages_skip_up_to=None, packages_select_build_failed=False, packages_skip_build_finished=False, packages_select_test_failures=False, packages_skip_test_passed=False, packages_select=None, packages_skip=None, packages_select_regex=None, packages_skip_regex=None, packages_start=None, packages_end=None, allow_overriding=[], cmake_args=None, cmake_target=None, cmake_target_skip_unavailable=False, cmake_clean_cache=False, cmake_clean_first=False, cmake_force_configure=False, ament_cmake_args=None, catkin_cmake_args=None, catkin_skip_building_tests=False, mixin_files=None, mixin=None, verb_parser=<colcon_mixin.mixin.mixin_argument.MixinArgumentDecorator object at 0x7fafb04ba320>, verb_extension=<colcon_core.verb.build.BuildVerb object at 0x7fafb062f220>, main=<bound method BuildVerb.main of <colcon_core.verb.build.BuildVerb object at 0x7fafb062f220>>, mixin_verb=('build',))
[0.677s] Level 1:colcon.colcon_core.package_discovery:discover_packages(colcon_meta) check parameters
[0.677s] Level 1:colcon.colcon_core.package_discovery:discover_packages(recursive) check parameters
[0.677s] Level 1:colcon.colcon_core.package_discovery:discover_packages(ignore) check parameters
[0.677s] Level 1:colcon.colcon_core.package_discovery:discover_packages(path) check parameters
[0.677s] Level 1:colcon.colcon_core.package_discovery:discover_packages(colcon_meta) discover
[0.677s] Level 1:colcon.colcon_core.package_discovery:discover_packages(recursive) discover
[0.677s] INFO:colcon.colcon_core.package_discovery:Crawling recursively for packages in '/home/laura_benitez/urdf_ws'
[0.677s] Level 1:colcon.colcon_core.package_identification:_identify(.) by extensions ['ignore', 'ignore_ament_install']
[0.677s] Level 1:colcon.colcon_core.package_identification:_identify(.) by extension 'ignore'
[0.678s] Level 1:colcon.colcon_core.package_identification:_identify(.) by extension 'ignore_ament_install'
[0.678s] Level 1:colcon.colcon_core.package_identification:_identify(.) by extensions ['colcon_pkg']
[0.678s] Level 1:colcon.colcon_core.package_identification:_identify(.) by extension 'colcon_pkg'
[0.678s] Level 1:colcon.colcon_core.package_identification:_identify(.) by extensions ['colcon_meta']
[0.678s] Level 1:colcon.colcon_core.package_identification:_identify(.) by extension 'colcon_meta'
[0.678s] Level 1:colcon.colcon_core.package_identification:_identify(.) by extensions ['ros']
[0.678s] Level 1:colcon.colcon_core.package_identification:_identify(.) by extension 'ros'
[0.693s] Level 1:colcon.colcon_core.package_identification:_identify(.) by extensions ['cmake', 'python']
[0.693s] Level 1:colcon.colcon_core.package_identification:_identify(.) by extension 'cmake'
[0.694s] Level 1:colcon.colcon_core.package_identification:_identify(.) by extension 'python'
[0.694s] Level 1:colcon.colcon_core.package_identification:_identify(.) by extensions ['python_setup_py']
[0.694s] Level 1:colcon.colcon_core.package_identification:_identify(.) by extension 'python_setup_py'
[0.694s] Level 1:colcon.colcon_core.package_identification:_identify(build) by extensions ['ignore', 'ignore_ament_install']
[0.694s] Level 1:colcon.colcon_core.package_identification:_identify(build) by extension 'ignore'
[0.694s] Level 1:colcon.colcon_core.package_identification:_identify(build) ignored
[0.694s] Level 1:colcon.colcon_core.package_identification:_identify(install) by extensions ['ignore', 'ignore_ament_install']
[0.695s] Level 1:colcon.colcon_core.package_identification:_identify(install) by extension 'ignore'
[0.695s] Level 1:colcon.colcon_core.package_identification:_identify(install) ignored
[0.695s] Level 1:colcon.colcon_core.package_identification:_identify(log) by extensions ['ignore', 'ignore_ament_install']
[0.695s] Level 1:colcon.colcon_core.package_identification:_identify(log) by extension 'ignore'
[0.695s] Level 1:colcon.colcon_core.package_identification:_identify(log) ignored
[0.695s] Level 1:colcon.colcon_core.package_identification:_identify(src) by extensions ['ignore', 'ignore_ament_install']
[0.695s] Level 1:colcon.colcon_core.package_identification:_identify(src) by extension 'ignore'
[0.695s] Level 1:colcon.colcon_core.package_identification:_identify(src) by extension 'ignore_ament_install'
[0.696s] Level 1:colcon.colcon_core.package_identification:_identify(src) by extensions ['colcon_pkg']
[0.696s] Level 1:colcon.colcon_core.package_identification:_identify(src) by extension 'colcon_pkg'
[0.696s] Level 1:colcon.colcon_core.package_identification:_identify(src) by extensions ['colcon_meta']
[0.696s] Level 1:colcon.colcon_core.package_identification:_identify(src) by extension 'colcon_meta'
[0.696s] Level 1:colcon.colcon_core.package_identification:_identify(src) by extensions ['ros']
[0.696s] Level 1:colcon.colcon_core.package_identification:_identify(src) by extension 'ros'
[0.696s] Level 1:colcon.colcon_core.package_identification:_identify(src) by extensions ['cmake', 'python']
[0.696s] Level 1:colcon.colcon_core.package_identification:_identify(src) by extension 'cmake'
[0.696s] Level 1:colcon.colcon_core.package_identification:_identify(src) by extension 'python'
[0.696s] Level 1:colcon.colcon_core.package_identification:_identify(src) by extensions ['python_setup_py']
[0.696s] Level 1:colcon.colcon_core.package_identification:_identify(src) by extension 'python_setup_py'
[0.697s] Level 1:colcon.colcon_core.package_identification:_identify(src/ROS-TCP-Endpoint-main-ros2) by extensions ['ignore', 'ignore_ament_install']
[0.697s] Level 1:colcon.colcon_core.package_identification:_identify(src/ROS-TCP-Endpoint-main-ros2) by extension 'ignore'
[0.697s] Level 1:colcon.colcon_core.package_identification:_identify(src/ROS-TCP-Endpoint-main-ros2) by extension 'ignore_ament_install'
[0.697s] Level 1:colcon.colcon_core.package_identification:_identify(src/ROS-TCP-Endpoint-main-ros2) by extensions ['colcon_pkg']
[0.697s] Level 1:colcon.colcon_core.package_identification:_identify(src/ROS-TCP-Endpoint-main-ros2) by extension 'colcon_pkg'
[0.697s] Level 1:colcon.colcon_core.package_identification:_identify(src/ROS-TCP-Endpoint-main-ros2) by extensions ['colcon_meta']
[0.697s] Level 1:colcon.colcon_core.package_identification:_identify(src/ROS-TCP-Endpoint-main-ros2) by extension 'colcon_meta'
[0.697s] Level 1:colcon.colcon_core.package_identification:_identify(src/ROS-TCP-Endpoint-main-ros2) by extensions ['ros']
[0.697s] Level 1:colcon.colcon_core.package_identification:_identify(src/ROS-TCP-Endpoint-main-ros2) by extension 'ros'
[0.701s] DEBUG:colcon.colcon_core.package_identification:Package 'src/ROS-TCP-Endpoint-main-ros2' with type 'ros.ament_python' and name 'ros_tcp_endpoint'
[0.702s] Level 1:colcon.colcon_core.package_identification:_identify(src/cuadriga) by extensions ['ignore', 'ignore_ament_install']
[0.702s] Level 1:colcon.colcon_core.package_identification:_identify(src/cuadriga) by extension 'ignore'
[0.702s] Level 1:colcon.colcon_core.package_identification:_identify(src/cuadriga) by extension 'ignore_ament_install'
[0.702s] Level 1:colcon.colcon_core.package_identification:_identify(src/cuadriga) by extensions ['colcon_pkg']
[0.702s] Level 1:colcon.colcon_core.package_identification:_identify(src/cuadriga) by extension 'colcon_pkg'
[0.702s] Level 1:colcon.colcon_core.package_identification:_identify(src/cuadriga) by extensions ['colcon_meta']
[0.702s] Level 1:colcon.colcon_core.package_identification:_identify(src/cuadriga) by extension 'colcon_meta'
[0.702s] Level 1:colcon.colcon_core.package_identification:_identify(src/cuadriga) by extensions ['ros']
[0.702s] Level 1:colcon.colcon_core.package_identification:_identify(src/cuadriga) by extension 'ros'
[0.703s] DEBUG:colcon.colcon_core.package_identification:Package 'src/cuadriga' with type 'ros.ament_cmake' and name 'cuadriga'
[0.704s] Level 1:colcon.colcon_core.package_identification:_identify(src/cuadriga_interfaces) by extensions ['ignore', 'ignore_ament_install']
[0.704s] Level 1:colcon.colcon_core.package_identification:_identify(src/cuadriga_interfaces) by extension 'ignore'
[0.704s] Level 1:colcon.colcon_core.package_identification:_identify(src/cuadriga_interfaces) by extension 'ignore_ament_install'
[0.704s] Level 1:colcon.colcon_core.package_identification:_identify(src/cuadriga_interfaces) by extensions ['colcon_pkg']
[0.704s] Level 1:colcon.colcon_core.package_identification:_identify(src/cuadriga_interfaces) by extension 'colcon_pkg'
[0.704s] Level 1:colcon.colcon_core.package_identification:_identify(src/cuadriga_interfaces) by extensions ['colcon_meta']
[0.704s] Level 1:colcon.colcon_core.package_identification:_identify(src/cuadriga_interfaces) by extension 'colcon_meta'
[0.704s] Level 1:colcon.colcon_core.package_identification:_identify(src/cuadriga_interfaces) by extensions ['ros']
[0.704s] Level 1:colcon.colcon_core.package_identification:_identify(src/cuadriga_interfaces) by extension 'ros'
[0.705s] DEBUG:colcon.colcon_core.package_identification:Package 'src/cuadriga_interfaces' with type 'ros.ament_cmake' and name 'cuadriga_interfaces'
[0.706s] Level 1:colcon.colcon_core.package_identification:_identify(src/cuadriganuevo) by extensions ['ignore', 'ignore_ament_install']
[0.706s] Level 1:colcon.colcon_core.package_identification:_identify(src/cuadriganuevo) by extension 'ignore'
[0.706s] Level 1:colcon.colcon_core.package_identification:_identify(src/cuadriganuevo) by extension 'ignore_ament_install'
[0.706s] Level 1:colcon.colcon_core.package_identification:_identify(src/cuadriganuevo) by extensions ['colcon_pkg']
[0.706s] Level 1:colcon.colcon_core.package_identification:_identify(src/cuadriganuevo) by extension 'colcon_pkg'
[0.706s] Level 1:colcon.colcon_core.package_identification:_identify(src/cuadriganuevo) by extensions ['colcon_meta']
[0.706s] Level 1:colcon.colcon_core.package_identification:_identify(src/cuadriganuevo) by extension 'colcon_meta'
[0.706s] Level 1:colcon.colcon_core.package_identification:_identify(src/cuadriganuevo) by extensions ['ros']
[0.706s] Level 1:colcon.colcon_core.package_identification:_identify(src/cuadriganuevo) by extension 'ros'
[0.707s] DEBUG:colcon.colcon_core.package_identification:Package 'src/cuadriganuevo' with type 'ros.ament_cmake' and name 'cuadriganuevo'
[0.707s] Level 1:colcon.colcon_core.package_identification:_identify(src/joy) by extensions ['ignore', 'ignore_ament_install']
[0.707s] Level 1:colcon.colcon_core.package_identification:_identify(src/joy) by extension 'ignore'
[0.708s] Level 1:colcon.colcon_core.package_identification:_identify(src/joy) by extension 'ignore_ament_install'
[0.708s] Level 1:colcon.colcon_core.package_identification:_identify(src/joy) by extensions ['colcon_pkg']
[0.708s] Level 1:colcon.colcon_core.package_identification:_identify(src/joy) by extension 'colcon_pkg'
[0.708s] Level 1:colcon.colcon_core.package_identification:_identify(src/joy) by extensions ['colcon_meta']
[0.708s] Level 1:colcon.colcon_core.package_identification:_identify(src/joy) by extension 'colcon_meta'
[0.708s] Level 1:colcon.colcon_core.package_identification:_identify(src/joy) by extensions ['ros']
[0.708s] Level 1:colcon.colcon_core.package_identification:_identify(src/joy) by extension 'ros'
[0.709s] DEBUG:colcon.colcon_core.package_identification:Package 'src/joy' with type 'ros.ament_cmake' and name 'joy'
[0.709s] Level 1:colcon.colcon_core.package_identification:_identify(src/teleop_twist_keyboard) by extensions ['ignore', 'ignore_ament_install']
[0.710s] Level 1:colcon.colcon_core.package_identification:_identify(src/teleop_twist_keyboard) by extension 'ignore'
[0.710s] Level 1:colcon.colcon_core.package_identification:_identify(src/teleop_twist_keyboard) by extension 'ignore_ament_install'
[0.710s] Level 1:colcon.colcon_core.package_identification:_identify(src/teleop_twist_keyboard) by extensions ['colcon_pkg']
[0.710s] Level 1:colcon.colcon_core.package_identification:_identify(src/teleop_twist_keyboard) by extension 'colcon_pkg'
[0.710s] Level 1:colcon.colcon_core.package_identification:_identify(src/teleop_twist_keyboard) by extensions ['colcon_meta']
[0.710s] Level 1:colcon.colcon_core.package_identification:_identify(src/teleop_twist_keyboard) by extension 'colcon_meta'
[0.710s] Level 1:colcon.colcon_core.package_identification:_identify(src/teleop_twist_keyboard) by extensions ['ros']
[0.710s] Level 1:colcon.colcon_core.package_identification:_identify(src/teleop_twist_keyboard) by extension 'ros'
[0.711s] DEBUG:colcon.colcon_core.package_identification:Package 'src/teleop_twist_keyboard' with type 'ros.ament_python' and name 'teleop_twist_keyboard'
[0.711s] Level 1:colcon.colcon_core.package_discovery:discover_packages(recursive) using defaults
[0.711s] Level 1:colcon.colcon_core.package_discovery:discover_packages(ignore) discover
[0.711s] Level 1:colcon.colcon_core.package_discovery:discover_packages(ignore) using defaults
[0.711s] Level 1:colcon.colcon_core.package_discovery:discover_packages(path) discover
[0.711s] Level 1:colcon.colcon_core.package_discovery:discover_packages(path) using defaults
[0.764s] Level 1:colcon.colcon_core.package_discovery:discover_packages(prefix_path) check parameters
[0.764s] Level 1:colcon.colcon_core.package_discovery:discover_packages(prefix_path) discover
[0.773s] DEBUG:colcon.colcon_installed_package_information.package_discovery:Found 6 installed packages in /home/laura_benitez/urdf_ws/install
[0.774s] DEBUG:colcon.colcon_installed_package_information.package_discovery:Found 3 installed packages in /home/laura_benitez/rosgame_ws/install
[0.775s] DEBUG:colcon.colcon_installed_package_information.package_discovery:Found 5 installed packages in /home/laura_benitez/cypr_ws/install
[0.776s] DEBUG:colcon.colcon_installed_package_information.package_discovery:Found 1 installed packages in /home/laura_benitez/test_ws/install
[0.779s] DEBUG:colcon.colcon_installed_package_information.package_discovery:Found 272 installed packages in /opt/ros/humble
[0.780s] Level 1:colcon.colcon_core.package_discovery:discover_packages(prefix_path) using defaults
[0.860s] WARNING:colcon.colcon_core.package_selection:Some selected packages are already built in one or more underlay workspaces:
	'teleop_twist_keyboard' is in: /home/laura_benitez/urdf_ws/install/teleop_twist_keyboard, /opt/ros/humble
	'joy' is in: /home/laura_benitez/urdf_ws/install/joy, /opt/ros/humble
If a package in a merged underlay workspace is overridden and it installs headers, then all packages in the overlay must sort their include directories by workspace order. Failure to do so may result in build failures or undefined behavior at run time.
If the overridden package is used by another package in any underlay, then the overriding package in the overlay must be API and ABI compatible or undefined behavior at run time may occur.

If you understand the risks and want to override a package anyways, add the following to the command line:
	--allow-overriding joy teleop_twist_keyboard

This may be promoted to an error in a future release of colcon-override-check.
[0.868s] Level 5:colcon.colcon_core.verb:set package 'cuadriga_interfaces' build argument 'cmake_args' from command line to 'None'
[0.868s] Level 5:colcon.colcon_core.verb:set package 'cuadriga_interfaces' build argument 'cmake_target' from command line to 'None'
[0.868s] Level 5:colcon.colcon_core.verb:set package 'cuadriga_interfaces' build argument 'cmake_target_skip_unavailable' from command line to 'False'
[0.868s] Level 5:colcon.colcon_core.verb:set package 'cuadriga_interfaces' build argument 'cmake_clean_cache' from command line to 'False'
[0.868s] Level 5:colcon.colcon_core.verb:set package 'cuadriga_interfaces' build argument 'cmake_clean_first' from command line to 'False'
[0.868s] Level 5:colcon.colcon_core.verb:set package 'cuadriga_interfaces' build argument 'cmake_force_configure' from command line to 'False'
[0.868s] Level 5:colcon.colcon_core.verb:set package 'cuadriga_interfaces' build argument 'ament_cmake_args' from command line to 'None'
[0.868s] Level 5:colcon.colcon_core.verb:set package 'cuadriga_interfaces' build argument 'catkin_cmake_args' from command line to 'None'
[0.868s] Level 5:colcon.colcon_core.verb:set package 'cuadriga_interfaces' build argument 'catkin_skip_building_tests' from command line to 'False'
[0.868s] DEBUG:colcon.colcon_core.verb:Building package 'cuadriga_interfaces' with the following arguments: {'ament_cmake_args': None, 'build_base': '/home/laura_benitez/urdf_ws/build/cuadriga_interfaces', 'catkin_cmake_args': None, 'catkin_skip_building_tests': False, 'cmake_args': None, 'cmake_clean_cache': False, 'cmake_clean_first': False, 'cmake_force_configure': False, 'cmake_target': None, 'cmake_target_skip_unavailable': False, 'install_base': '/home/laura_benitez/urdf_ws/install/cuadriga_interfaces', 'merge_install': False, 'path': '/home/laura_benitez/urdf_ws/src/cuadriga_interfaces', 'symlink_install': False, 'test_result_base': None}
[0.869s] Level 5:colcon.colcon_core.verb:set package 'cuadriganuevo' build argument 'cmake_args' from command line to 'None'
[0.869s] Level 5:colcon.colcon_core.verb:set package 'cuadriganuevo' build argument 'cmake_target' from command line to 'None'
[0.869s] Level 5:colcon.colcon_core.verb:set package 'cuadriganuevo' build argument 'cmake_target_skip_unavailable' from command line to 'False'
[0.869s] Level 5:colcon.colcon_core.verb:set package 'cuadriganuevo' build argument 'cmake_clean_cache' from command line to 'False'
[0.869s] Level 5:colcon.colcon_core.verb:set package 'cuadriganuevo' build argument 'cmake_clean_first' from command line to 'False'
[0.869s] Level 5:colcon.colcon_core.verb:set package 'cuadriganuevo' build argument 'cmake_force_configure' from command line to 'False'
[0.869s] Level 5:colcon.colcon_core.verb:set package 'cuadriganuevo' build argument 'ament_cmake_args' from command line to 'None'
[0.869s] Level 5:colcon.colcon_core.verb:set package 'cuadriganuevo' build argument 'catkin_cmake_args' from command line to 'None'
[0.869s] Level 5:colcon.colcon_core.verb:set package 'cuadriganuevo' build argument 'catkin_skip_building_tests' from command line to 'False'
[0.869s] DEBUG:colcon.colcon_core.verb:Building package 'cuadriganuevo' with the following arguments: {'ament_cmake_args': None, 'build_base': '/home/laura_benitez/urdf_ws/build/cuadriganuevo', 'catkin_cmake_args': None, 'catkin_skip_building_tests': False, 'cmake_args': None, 'cmake_clean_cache': False, 'cmake_clean_first': False, 'cmake_force_configure': False, 'cmake_target': None, 'cmake_target_skip_unavailable': False, 'install_base': '/home/laura_benitez/urdf_ws/install/cuadriganuevo', 'merge_install': False, 'path': '/home/laura_benitez/urdf_ws/src/cuadriganuevo', 'symlink_install': False, 'test_result_base': None}
[0.869s] Level 5:colcon.colcon_core.verb:set package 'joy' build argument 'cmake_args' from command line to 'None'
[0.869s] Level 5:colcon.colcon_core.verb:set package 'joy' build argument 'cmake_target' from command line to 'None'
[0.869s] Level 5:colcon.colcon_core.verb:set package 'joy' build argument 'cmake_target_skip_unavailable' from command line to 'False'
[0.869s] Level 5:colcon.colcon_core.verb:set package 'joy' build argument 'cmake_clean_cache' from command line to 'False'
[0.870s] Level 5:colcon.colcon_core.verb:set package 'joy' build argument 'cmake_clean_first' from command line to 'False'
[0.870s] Level 5:colcon.colcon_core.verb:set package 'joy' build argument 'cmake_force_configure' from command line to 'False'
[0.870s] Level 5:colcon.colcon_core.verb:set package 'joy' build argument 'ament_cmake_args' from command line to 'None'
[0.870s] Level 5:colcon.colcon_core.verb:set package 'joy' build argument 'catkin_cmake_args' from command line to 'None'
[0.870s] Level 5:colcon.colcon_core.verb:set package 'joy' build argument 'catkin_skip_building_tests' from command line to 'False'
[0.870s] DEBUG:colcon.colcon_core.verb:Building package 'joy' with the following arguments: {'ament_cmake_args': None, 'build_base': '/home/laura_benitez/urdf_ws/build/joy', 'catkin_cmake_args': None, 'catkin_skip_building_tests': False, 'cmake_args': None, 'cmake_clean_cache': False, 'cmake_clean_first': False, 'cmake_force_configure': False, 'cmake_target': None, 'cmake_target_skip_unavailable': False, 'install_base': '/home/laura_benitez/urdf_ws/install/joy', 'merge_install': False, 'path': '/home/laura_benitez/urdf_ws/src/joy', 'symlink_install': False, 'test_result_base': None}
[0.870s] Level 5:colcon.colcon_core.verb:set package 'ros_tcp_endpoint' build argument 'cmake_args' from command line to 'None'
[0.870s] Level 5:colcon.colcon_core.verb:set package 'ros_tcp_endpoint' build argument 'cmake_target' from command line to 'None'
[0.870s] Level 5:colcon.colcon_core.verb:set package 'ros_tcp_endpoint' build argument 'cmake_target_skip_unavailable' from command line to 'False'
[0.870s] Level 5:colcon.colcon_core.verb:set package 'ros_tcp_endpoint' build argument 'cmake_clean_cache' from command line to 'False'
[0.870s] Level 5:colcon.colcon_core.verb:set package 'ros_tcp_endpoint' build argument 'cmake_clean_first' from command line to 'False'
[0.870s] Level 5:colcon.colcon_core.verb:set package 'ros_tcp_endpoint' build argument 'cmake_force_configure' from command line to 'False'
[0.870s] Level 5:colcon.colcon_core.verb:set package 'ros_tcp_endpoint' build argument 'ament_cmake_args' from command line to 'None'
[0.870s] Level 5:colcon.colcon_core.verb:set package 'ros_tcp_endpoint' build argument 'catkin_cmake_args' from command line to 'None'
[0.870s] Level 5:colcon.colcon_core.verb:set package 'ros_tcp_endpoint' build argument 'catkin_skip_building_tests' from command line to 'False'
[0.870s] DEBUG:colcon.colcon_core.verb:Building package 'ros_tcp_endpoint' with the following arguments: {'ament_cmake_args': None, 'build_base': '/home/laura_benitez/urdf_ws/build/ros_tcp_endpoint', 'catkin_cmake_args': None, 'catkin_skip_building_tests': False, 'cmake_args': None, 'cmake_clean_cache': False, 'cmake_clean_first': False, 'cmake_force_configure': False, 'cmake_target': None, 'cmake_target_skip_unavailable': False, 'install_base': '/home/laura_benitez/urdf_ws/install/ros_tcp_endpoint', 'merge_install': False, 'path': '/home/laura_benitez/urdf_ws/src/ROS-TCP-Endpoint-main-ros2', 'symlink_install': False, 'test_result_base': None}
[0.871s] Level 5:colcon.colcon_core.verb:set package 'teleop_twist_keyboard' build argument 'cmake_args' from command line to 'None'
[0.871s] Level 5:colcon.colcon_core.verb:set package 'teleop_twist_keyboard' build argument 'cmake_target' from command line to 'None'
[0.871s] Level 5:colcon.colcon_core.verb:set package 'teleop_twist_keyboard' build argument 'cmake_target_skip_unavailable' from command line to 'False'
[0.871s] Level 5:colcon.colcon_core.verb:set package 'teleop_twist_keyboard' build argument 'cmake_clean_cache' from command line to 'False'
[0.871s] Level 5:colcon.colcon_core.verb:set package 'teleop_twist_keyboard' build argument 'cmake_clean_first' from command line to 'False'
[0.871s] Level 5:colcon.colcon_core.verb:set package 'teleop_twist_keyboard' build argument 'cmake_force_configure' from command line to 'False'
[0.871s] Level 5:colcon.colcon_core.verb:set package 'teleop_twist_keyboard' build argument 'ament_cmake_args' from command line to 'None'
[0.871s] Level 5:colcon.colcon_core.verb:set package 'teleop_twist_keyboard' build argument 'catkin_cmake_args' from command line to 'None'
[0.871s] Level 5:colcon.colcon_core.verb:set package 'teleop_twist_keyboard' build argument 'catkin_skip_building_tests' from command line to 'False'
[0.871s] DEBUG:colcon.colcon_core.verb:Building package 'teleop_twist_keyboard' with the following arguments: {'ament_cmake_args': None, 'build_base': '/home/laura_benitez/urdf_ws/build/teleop_twist_keyboard', 'catkin_cmake_args': None, 'catkin_skip_building_tests': False, 'cmake_args': None, 'cmake_clean_cache': False, 'cmake_clean_first': False, 'cmake_force_configure': False, 'cmake_target': None, 'cmake_target_skip_unavailable': False, 'install_base': '/home/laura_benitez/urdf_ws/install/teleop_twist_keyboard', 'merge_install': False, 'path': '/home/laura_benitez/urdf_ws/src/teleop_twist_keyboard', 'symlink_install': False, 'test_result_base': None}
[0.871s] Level 5:colcon.colcon_core.verb:set package 'cuadriga' build argument 'cmake_args' from command line to 'None'
[0.871s] Level 5:colcon.colcon_core.verb:set package 'cuadriga' build argument 'cmake_target' from command line to 'None'
[0.871s] Level 5:colcon.colcon_core.verb:set package 'cuadriga' build argument 'cmake_target_skip_unavailable' from command line to 'False'
[0.871s] Level 5:colcon.colcon_core.verb:set package 'cuadriga' build argument 'cmake_clean_cache' from command line to 'False'
[0.871s] Level 5:colcon.colcon_core.verb:set package 'cuadriga' build argument 'cmake_clean_first' from command line to 'False'
[0.871s] Level 5:colcon.colcon_core.verb:set package 'cuadriga' build argument 'cmake_force_configure' from command line to 'False'
[0.871s] Level 5:colcon.colcon_core.verb:set package 'cuadriga' build argument 'ament_cmake_args' from command line to 'None'
[0.871s] Level 5:colcon.colcon_core.verb:set package 'cuadriga' build argument 'catkin_cmake_args' from command line to 'None'
[0.871s] Level 5:colcon.colcon_core.verb:set package 'cuadriga' build argument 'catkin_skip_building_tests' from command line to 'False'
[0.871s] DEBUG:colcon.colcon_core.verb:Building package 'cuadriga' with the following arguments: {'ament_cmake_args': None, 'build_base': '/home/laura_benitez/urdf_ws/build/cuadriga', 'catkin_cmake_args': None, 'catkin_skip_building_tests': False, 'cmake_args': None, 'cmake_clean_cache': False, 'cmake_clean_first': False, 'cmake_force_configure': False, 'cmake_target': None, 'cmake_target_skip_unavailable': False, 'install_base': '/home/laura_benitez/urdf_ws/install/cuadriga', 'merge_install': False, 'path': '/home/laura_benitez/urdf_ws/src/cuadriga', 'symlink_install': False, 'test_result_base': None}
[0.872s] INFO:colcon.colcon_core.executor:Executing jobs using 'parallel' executor
[0.873s] DEBUG:colcon.colcon_parallel_executor.executor.parallel:run_until_complete
[0.873s] INFO:colcon.colcon_ros.task.ament_cmake.build:Building ROS package in '/home/laura_benitez/urdf_ws/src/cuadriga_interfaces' with build type 'ament_cmake'
[0.873s] INFO:colcon.colcon_cmake.task.cmake.build:Building CMake package in '/home/laura_benitez/urdf_ws/src/cuadriga_interfaces'
[0.881s] INFO:colcon.colcon_core.plugin_system:Skipping extension 'colcon_core.shell.bat': Not used on non-Windows systems
[0.882s] INFO:colcon.colcon_core.shell:Skip shell extension 'powershell' for command environment: Not usable outside of PowerShell
[0.882s] DEBUG:colcon.colcon_core.shell:Skip shell extension 'dsv' for command environment
[0.899s] INFO:colcon.colcon_ros.task.ament_cmake.build:Building ROS package in '/home/laura_benitez/urdf_ws/src/cuadriganuevo' with build type 'ament_cmake'
[0.900s] INFO:colcon.colcon_cmake.task.cmake.build:Building CMake package in '/home/laura_benitez/urdf_ws/src/cuadriganuevo'
[0.900s] INFO:colcon.colcon_core.shell:Skip shell extension 'powershell' for command environment: Not usable outside of PowerShell
[0.900s] DEBUG:colcon.colcon_core.shell:Skip shell extension 'dsv' for command environment
[0.915s] INFO:colcon.colcon_ros.task.ament_cmake.build:Building ROS package in '/home/laura_benitez/urdf_ws/src/joy' with build type 'ament_cmake'
[0.915s] INFO:colcon.colcon_cmake.task.cmake.build:Building CMake package in '/home/laura_benitez/urdf_ws/src/joy'
[0.916s] INFO:colcon.colcon_core.shell:Skip shell extension 'powershell' for command environment: Not usable outside of PowerShell
[0.916s] DEBUG:colcon.colcon_core.shell:Skip shell extension 'dsv' for command environment
[0.929s] INFO:colcon.colcon_ros.task.ament_python.build:Building ROS package in '/home/laura_benitez/urdf_ws/src/ROS-TCP-Endpoint-main-ros2' with build type 'ament_python'
[0.930s] Level 1:colcon.colcon_core.shell:create_environment_hook('ros_tcp_endpoint', 'ament_prefix_path')
[0.930s] INFO:colcon.colcon_core.shell:Creating environment hook '/home/laura_benitez/urdf_ws/install/ros_tcp_endpoint/share/ros_tcp_endpoint/hook/ament_prefix_path.ps1'
[0.931s] INFO:colcon.colcon_core.shell:Creating environment descriptor '/home/laura_benitez/urdf_ws/install/ros_tcp_endpoint/share/ros_tcp_endpoint/hook/ament_prefix_path.dsv'
[0.932s] INFO:colcon.colcon_core.shell:Creating environment hook '/home/laura_benitez/urdf_ws/install/ros_tcp_endpoint/share/ros_tcp_endpoint/hook/ament_prefix_path.sh'
[0.934s] INFO:colcon.colcon_core.shell:Skip shell extension 'powershell' for command environment: Not usable outside of PowerShell
[0.934s] DEBUG:colcon.colcon_core.shell:Skip shell extension 'dsv' for command environment
[0.950s] INFO:colcon.colcon_ros.task.ament_python.build:Building ROS package in '/home/laura_benitez/urdf_ws/src/teleop_twist_keyboard' with build type 'ament_python'
[0.950s] Level 1:colcon.colcon_core.shell:create_environment_hook('teleop_twist_keyboard', 'ament_prefix_path')
[0.950s] INFO:colcon.colcon_core.shell:Creating environment hook '/home/laura_benitez/urdf_ws/install/teleop_twist_keyboard/share/teleop_twist_keyboard/hook/ament_prefix_path.ps1'
[0.951s] INFO:colcon.colcon_core.shell:Creating environment descriptor '/home/laura_benitez/urdf_ws/install/teleop_twist_keyboard/share/teleop_twist_keyboard/hook/ament_prefix_path.dsv'
[0.952s] INFO:colcon.colcon_core.shell:Creating environment hook '/home/laura_benitez/urdf_ws/install/teleop_twist_keyboard/share/teleop_twist_keyboard/hook/ament_prefix_path.sh'
[0.953s] INFO:colcon.colcon_core.shell:Skip shell extension 'powershell' for command environment: Not usable outside of PowerShell
[0.953s] DEBUG:colcon.colcon_core.shell:Skip shell extension 'dsv' for command environment
[0.980s] DEBUG:colcon.colcon_core.event_handler.log_command:Invoking command in '/home/laura_benitez/urdf_ws/build/cuadriga_interfaces': CMAKE_PREFIX_PATH=${CMAKE_PREFIX_PATH}:/home/laura_benitez/urdf_ws/install/teleop_twist_keyboard:/home/laura_benitez/urdf_ws/install/ros_tcp_endpoint:/opt/ros/humble /usr/bin/cmake --build /home/laura_benitez/urdf_ws/build/cuadriga_interfaces -- -j16 -l16
[0.989s] DEBUG:colcon.colcon_core.event_handler.log_command:Invoking command in '/home/laura_benitez/urdf_ws/build/cuadriganuevo': CMAKE_PREFIX_PATH=${CMAKE_PREFIX_PATH}:/home/laura_benitez/urdf_ws/install/teleop_twist_keyboard:/home/laura_benitez/urdf_ws/install/ros_tcp_endpoint:/opt/ros/humble /usr/bin/cmake --build /home/laura_benitez/urdf_ws/build/cuadriganuevo -- -j16 -l16
[0.998s] DEBUG:colcon.colcon_core.event_handler.log_command:Invoking command in '/home/laura_benitez/urdf_ws/build/joy': CMAKE_PREFIX_PATH=${CMAKE_PREFIX_PATH}:/home/laura_benitez/urdf_ws/install/teleop_twist_keyboard:/home/laura_benitez/urdf_ws/install/ros_tcp_endpoint:/opt/ros/humble /usr/bin/cmake --build /home/laura_benitez/urdf_ws/build/joy -- -j16 -l16
[1.699s] INFO:colcon.colcon_core.task.python.build:Building Python package in '/home/laura_benitez/urdf_ws/src/ROS-TCP-Endpoint-main-ros2'
[1.700s] INFO:colcon.colcon_core.shell:Skip shell extension 'powershell' for command environment: Not usable outside of PowerShell
[1.700s] DEBUG:colcon.colcon_core.shell:Skip shell extension 'dsv' for command environment
[1.726s] DEBUG:colcon.colcon_core.event_handler.log_command:Invoked command in '/home/laura_benitez/urdf_ws/build/cuadriganuevo' returned '0': CMAKE_PREFIX_PATH=${CMAKE_PREFIX_PATH}:/home/laura_benitez/urdf_ws/install/teleop_twist_keyboard:/home/laura_benitez/urdf_ws/install/ros_tcp_endpoint:/opt/ros/humble /usr/bin/cmake --build /home/laura_benitez/urdf_ws/build/cuadriganuevo -- -j16 -l16
[1.759s] DEBUG:colcon.colcon_core.event_handler.log_command:Invoking command in '/home/laura_benitez/urdf_ws/build/cuadriganuevo': CMAKE_PREFIX_PATH=${CMAKE_PREFIX_PATH}:/home/laura_benitez/urdf_ws/install/teleop_twist_keyboard:/home/laura_benitez/urdf_ws/install/ros_tcp_endpoint:/opt/ros/humble /usr/bin/cmake --install /home/laura_benitez/urdf_ws/build/cuadriganuevo
[2.343s] INFO:colcon.colcon_core.task.python.build:Building Python package in '/home/laura_benitez/urdf_ws/src/teleop_twist_keyboard'
[2.343s] INFO:colcon.colcon_core.shell:Skip shell extension 'powershell' for command environment: Not usable outside of PowerShell
[2.344s] DEBUG:colcon.colcon_core.shell:Skip shell extension 'dsv' for command environment
[2.370s] DEBUG:colcon.colcon_core.event_handler.log_command:Invoked command in '/home/laura_benitez/urdf_ws/build/joy' returned '0': CMAKE_PREFIX_PATH=${CMAKE_PREFIX_PATH}:/home/laura_benitez/urdf_ws/install/teleop_twist_keyboard:/home/laura_benitez/urdf_ws/install/ros_tcp_endpoint:/opt/ros/humble /usr/bin/cmake --build /home/laura_benitez/urdf_ws/build/joy -- -j16 -l16
[2.371s] DEBUG:colcon.colcon_core.event_handler.log_command:Invoking command in '/home/laura_benitez/urdf_ws/build/joy': CMAKE_PREFIX_PATH=${CMAKE_PREFIX_PATH}:/home/laura_benitez/urdf_ws/install/teleop_twist_keyboard:/home/laura_benitez/urdf_ws/install/ros_tcp_endpoint:/opt/ros/humble /usr/bin/cmake --install /home/laura_benitez/urdf_ws/build/joy
[2.375s] Level 1:colcon.colcon_core.environment:create_environment_scripts_only(cuadriganuevo)
[2.382s] DEBUG:colcon.colcon_core.event_handler.log_command:Invoked command in '/home/laura_benitez/urdf_ws/build/cuadriga_interfaces' returned '0': CMAKE_PREFIX_PATH=${CMAKE_PREFIX_PATH}:/home/laura_benitez/urdf_ws/install/teleop_twist_keyboard:/home/laura_benitez/urdf_ws/install/ros_tcp_endpoint:/opt/ros/humble /usr/bin/cmake --build /home/laura_benitez/urdf_ws/build/cuadriga_interfaces -- -j16 -l16
[2.383s] DEBUG:colcon.colcon_core.event_handler.log_command:Invoking command in '/home/laura_benitez/urdf_ws/build/cuadriga_interfaces': CMAKE_PREFIX_PATH=${CMAKE_PREFIX_PATH}:/home/laura_benitez/urdf_ws/install/teleop_twist_keyboard:/home/laura_benitez/urdf_ws/install/ros_tcp_endpoint:/opt/ros/humble /usr/bin/cmake --install /home/laura_benitez/urdf_ws/build/cuadriga_interfaces
[2.383s] DEBUG:colcon.colcon_core.event_handler.log_command:Invoked command in '/home/laura_benitez/urdf_ws/build/cuadriganuevo' returned '0': CMAKE_PREFIX_PATH=${CMAKE_PREFIX_PATH}:/home/laura_benitez/urdf_ws/install/teleop_twist_keyboard:/home/laura_benitez/urdf_ws/install/ros_tcp_endpoint:/opt/ros/humble /usr/bin/cmake --install /home/laura_benitez/urdf_ws/build/cuadriganuevo
[2.387s] Level 1:colcon.colcon_core.environment:checking '/home/laura_benitez/urdf_ws/install/cuadriganuevo' for CMake module files
[2.390s] Level 1:colcon.colcon_core.environment:checking '/home/laura_benitez/urdf_ws/install/cuadriganuevo' for CMake config files
[2.391s] Level 1:colcon.colcon_core.shell:create_environment_hook('cuadriganuevo', 'cmake_prefix_path')
[2.392s] INFO:colcon.colcon_core.shell:Creating environment hook '/home/laura_benitez/urdf_ws/install/cuadriganuevo/share/cuadriganuevo/hook/cmake_prefix_path.ps1'
[2.393s] INFO:colcon.colcon_core.shell:Creating environment descriptor '/home/laura_benitez/urdf_ws/install/cuadriganuevo/share/cuadriganuevo/hook/cmake_prefix_path.dsv'
[2.394s] INFO:colcon.colcon_core.shell:Creating environment hook '/home/laura_benitez/urdf_ws/install/cuadriganuevo/share/cuadriganuevo/hook/cmake_prefix_path.sh'
[2.396s] Level 1:colcon.colcon_core.environment:checking '/home/laura_benitez/urdf_ws/install/cuadriganuevo/bin'
[2.397s] Level 1:colcon.colcon_core.environment:checking '/home/laura_benitez/urdf_ws/install/cuadriganuevo/lib/pkgconfig/cuadriganuevo.pc'
[2.397s] Level 1:colcon.colcon_core.environment:checking '/home/laura_benitez/urdf_ws/install/cuadriganuevo/lib/python3.10/site-packages'
[2.397s] Level 1:colcon.colcon_core.environment:checking '/home/laura_benitez/urdf_ws/install/cuadriganuevo/bin'
[2.398s] INFO:colcon.colcon_core.shell:Creating package script '/home/laura_benitez/urdf_ws/install/cuadriganuevo/share/cuadriganuevo/package.ps1'
[2.400s] INFO:colcon.colcon_core.shell:Creating package descriptor '/home/laura_benitez/urdf_ws/install/cuadriganuevo/share/cuadriganuevo/package.dsv'
[2.402s] INFO:colcon.colcon_core.shell:Creating package script '/home/laura_benitez/urdf_ws/install/cuadriganuevo/share/cuadriganuevo/package.sh'
[2.404s] INFO:colcon.colcon_core.shell:Creating package script '/home/laura_benitez/urdf_ws/install/cuadriganuevo/share/cuadriganuevo/package.bash'
[2.406s] INFO:colcon.colcon_core.shell:Creating package script '/home/laura_benitez/urdf_ws/install/cuadriganuevo/share/cuadriganuevo/package.zsh'
[2.409s] Level 1:colcon.colcon_core.environment:create_file_with_runtime_dependencies(/home/laura_benitez/urdf_ws/install/cuadriganuevo/share/colcon-core/packages/cuadriganuevo)
[2.411s] Level 1:colcon.colcon_core.environment:create_environment_scripts_only(cuadriganuevo)
[2.411s] Level 1:colcon.colcon_core.environment:checking '/home/laura_benitez/urdf_ws/install/cuadriganuevo' for CMake module files
[2.412s] Level 1:colcon.colcon_core.environment:checking '/home/laura_benitez/urdf_ws/install/cuadriganuevo' for CMake config files
[2.414s] Level 1:colcon.colcon_core.shell:create_environment_hook('cuadriganuevo', 'cmake_prefix_path')
[2.414s] INFO:colcon.colcon_core.shell:Creating environment hook '/home/laura_benitez/urdf_ws/install/cuadriganuevo/share/cuadriganuevo/hook/cmake_prefix_path.ps1'
[2.415s] INFO:colcon.colcon_core.shell:Creating environment descriptor '/home/laura_benitez/urdf_ws/install/cuadriganuevo/share/cuadriganuevo/hook/cmake_prefix_path.dsv'
[2.415s] INFO:colcon.colcon_core.shell:Creating environment hook '/home/laura_benitez/urdf_ws/install/cuadriganuevo/share/cuadriganuevo/hook/cmake_prefix_path.sh'
[2.417s] Level 1:colcon.colcon_core.environment:checking '/home/laura_benitez/urdf_ws/install/cuadriganuevo/bin'
[2.417s] Level 1:colcon.colcon_core.environment:checking '/home/laura_benitez/urdf_ws/install/cuadriganuevo/lib/pkgconfig/cuadriganuevo.pc'
[2.417s] Level 1:colcon.colcon_core.environment:checking '/home/laura_benitez/urdf_ws/install/cuadriganuevo/lib/python3.10/site-packages'
[2.418s] Level 1:colcon.colcon_core.environment:checking '/home/laura_benitez/urdf_ws/install/cuadriganuevo/bin'
[2.418s] INFO:colcon.colcon_core.shell:Creating package script '/home/laura_benitez/urdf_ws/install/cuadriganuevo/share/cuadriganuevo/package.ps1'
[2.419s] INFO:colcon.colcon_core.shell:Creating package descriptor '/home/laura_benitez/urdf_ws/install/cuadriganuevo/share/cuadriganuevo/package.dsv'
[2.420s] INFO:colcon.colcon_core.shell:Creating package script '/home/laura_benitez/urdf_ws/install/cuadriganuevo/share/cuadriganuevo/package.sh'
[2.421s] INFO:colcon.colcon_core.shell:Creating package script '/home/laura_benitez/urdf_ws/install/cuadriganuevo/share/cuadriganuevo/package.bash'
[2.422s] INFO:colcon.colcon_core.shell:Creating package script '/home/laura_benitez/urdf_ws/install/cuadriganuevo/share/cuadriganuevo/package.zsh'
[2.423s] Level 1:colcon.colcon_core.environment:create_file_with_runtime_dependencies(/home/laura_benitez/urdf_ws/install/cuadriganuevo/share/colcon-core/packages/cuadriganuevo)
[2.433s] Level 1:colcon.colcon_core.environment:create_environment_scripts_only(joy)
[2.434s] Level 1:colcon.colcon_core.environment:checking '/home/laura_benitez/urdf_ws/install/joy' for CMake module files
[2.438s] Level 1:colcon.colcon_core.environment:checking '/home/laura_benitez/urdf_ws/install/joy' for CMake config files
[2.443s] Level 1:colcon.colcon_core.shell:create_environment_hook('joy', 'cmake_prefix_path')
[2.443s] INFO:colcon.colcon_core.shell:Creating environment hook '/home/laura_benitez/urdf_ws/install/joy/share/joy/hook/cmake_prefix_path.ps1'
[2.445s] INFO:colcon.colcon_core.shell:Creating environment descriptor '/home/laura_benitez/urdf_ws/install/joy/share/joy/hook/cmake_prefix_path.dsv'
[2.446s] INFO:colcon.colcon_core.shell:Creating environment hook '/home/laura_benitez/urdf_ws/install/joy/share/joy/hook/cmake_prefix_path.sh'
[2.448s] DEBUG:colcon.colcon_core.event_handler.log_command:Invoked command in '/home/laura_benitez/urdf_ws/build/joy' returned '0': CMAKE_PREFIX_PATH=${CMAKE_PREFIX_PATH}:/home/laura_benitez/urdf_ws/install/teleop_twist_keyboard:/home/laura_benitez/urdf_ws/install/ros_tcp_endpoint:/opt/ros/humble /usr/bin/cmake --install /home/laura_benitez/urdf_ws/build/joy
[2.449s] Level 1:colcon.colcon_core.environment:checking '/home/laura_benitez/urdf_ws/install/joy/lib'
[2.450s] Level 1:colcon.colcon_core.shell:create_environment_hook('joy', 'ld_library_path_lib')
[2.450s] INFO:colcon.colcon_core.shell:Creating environment hook '/home/laura_benitez/urdf_ws/install/joy/share/joy/hook/ld_library_path_lib.ps1'
[2.452s] INFO:colcon.colcon_core.shell:Creating environment descriptor '/home/laura_benitez/urdf_ws/install/joy/share/joy/hook/ld_library_path_lib.dsv'
[2.453s] INFO:colcon.colcon_core.shell:Creating environment hook '/home/laura_benitez/urdf_ws/install/joy/share/joy/hook/ld_library_path_lib.sh'
[2.455s] Level 1:colcon.colcon_core.environment:checking '/home/laura_benitez/urdf_ws/install/joy/bin'
[2.455s] Level 1:colcon.colcon_core.environment:checking '/home/laura_benitez/urdf_ws/install/joy/lib/pkgconfig/joy.pc'
[2.455s] Level 1:colcon.colcon_core.environment:checking '/home/laura_benitez/urdf_ws/install/joy/lib/python3.10/site-packages'
[2.456s] Level 1:colcon.colcon_core.environment:checking '/home/laura_benitez/urdf_ws/install/joy/bin'
[2.456s] INFO:colcon.colcon_core.shell:Creating package script '/home/laura_benitez/urdf_ws/install/joy/share/joy/package.ps1'
[2.457s] INFO:colcon.colcon_core.shell:Creating package descriptor '/home/laura_benitez/urdf_ws/install/joy/share/joy/package.dsv'
[2.458s] INFO:colcon.colcon_core.shell:Creating package script '/home/laura_benitez/urdf_ws/install/joy/share/joy/package.sh'
[2.459s] INFO:colcon.colcon_core.shell:Creating package script '/home/laura_benitez/urdf_ws/install/joy/share/joy/package.bash'
[2.460s] INFO:colcon.colcon_core.shell:Creating package script '/home/laura_benitez/urdf_ws/install/joy/share/joy/package.zsh'
[2.461s] Level 1:colcon.colcon_core.environment:create_file_with_runtime_dependencies(/home/laura_benitez/urdf_ws/install/joy/share/colcon-core/packages/joy)
[2.463s] Level 1:colcon.colcon_core.environment:create_environment_scripts_only(joy)
[2.463s] Level 1:colcon.colcon_core.environment:checking '/home/laura_benitez/urdf_ws/install/joy' for CMake module files
[2.464s] Level 1:colcon.colcon_core.environment:checking '/home/laura_benitez/urdf_ws/install/joy' for CMake config files
[2.466s] Level 1:colcon.colcon_core.shell:create_environment_hook('joy', 'cmake_prefix_path')
[2.466s] INFO:colcon.colcon_core.shell:Creating environment hook '/home/laura_benitez/urdf_ws/install/joy/share/joy/hook/cmake_prefix_path.ps1'
[2.467s] INFO:colcon.colcon_core.shell:Creating environment descriptor '/home/laura_benitez/urdf_ws/install/joy/share/joy/hook/cmake_prefix_path.dsv'
[2.468s] INFO:colcon.colcon_core.shell:Creating environment hook '/home/laura_benitez/urdf_ws/install/joy/share/joy/hook/cmake_prefix_path.sh'
[2.469s] Level 1:colcon.colcon_core.environment:checking '/home/laura_benitez/urdf_ws/install/joy/lib'
[2.469s] Level 1:colcon.colcon_core.shell:create_environment_hook('joy', 'ld_library_path_lib')
[2.470s] INFO:colcon.colcon_core.shell:Creating environment hook '/home/laura_benitez/urdf_ws/install/joy/share/joy/hook/ld_library_path_lib.ps1'
[2.471s] INFO:colcon.colcon_core.shell:Creating environment descriptor '/home/laura_benitez/urdf_ws/install/joy/share/joy/hook/ld_library_path_lib.dsv'
[2.472s] INFO:colcon.colcon_core.shell:Creating environment hook '/home/laura_benitez/urdf_ws/install/joy/share/joy/hook/ld_library_path_lib.sh'
[2.473s] Level 1:colcon.colcon_core.environment:checking '/home/laura_benitez/urdf_ws/install/joy/bin'
[2.473s] Level 1:colcon.colcon_core.environment:checking '/home/laura_benitez/urdf_ws/install/joy/lib/pkgconfig/joy.pc'
[2.473s] Level 1:colcon.colcon_core.environment:checking '/home/laura_benitez/urdf_ws/install/joy/lib/python3.10/site-packages'
[2.474s] Level 1:colcon.colcon_core.environment:checking '/home/laura_benitez/urdf_ws/install/joy/bin'
[2.474s] INFO:colcon.colcon_core.shell:Creating package script '/home/laura_benitez/urdf_ws/install/joy/share/joy/package.ps1'
[2.475s] INFO:colcon.colcon_core.shell:Creating package descriptor '/home/laura_benitez/urdf_ws/install/joy/share/joy/package.dsv'
[2.476s] INFO:colcon.colcon_core.shell:Creating package script '/home/laura_benitez/urdf_ws/install/joy/share/joy/package.sh'
[2.477s] INFO:colcon.colcon_core.shell:Creating package script '/home/laura_benitez/urdf_ws/install/joy/share/joy/package.bash'
[2.479s] INFO:colcon.colcon_core.shell:Creating package script '/home/laura_benitez/urdf_ws/install/joy/share/joy/package.zsh'
[2.480s] Level 1:colcon.colcon_core.environment:create_file_with_runtime_dependencies(/home/laura_benitez/urdf_ws/install/joy/share/colcon-core/packages/joy)
[2.576s] Level 1:colcon.colcon_core.environment:create_environment_scripts_only(cuadriga_interfaces)
[2.576s] Level 1:colcon.colcon_core.environment:checking '/home/laura_benitez/urdf_ws/install/cuadriga_interfaces' for CMake module files
[2.577s] DEBUG:colcon.colcon_core.event_handler.log_command:Invoked command in '/home/laura_benitez/urdf_ws/build/cuadriga_interfaces' returned '0': CMAKE_PREFIX_PATH=${CMAKE_PREFIX_PATH}:/home/laura_benitez/urdf_ws/install/teleop_twist_keyboard:/home/laura_benitez/urdf_ws/install/ros_tcp_endpoint:/opt/ros/humble /usr/bin/cmake --install /home/laura_benitez/urdf_ws/build/cuadriga_interfaces
[2.580s] Level 1:colcon.colcon_core.environment:checking '/home/laura_benitez/urdf_ws/install/cuadriga_interfaces' for CMake config files
[2.584s] Level 1:colcon.colcon_core.shell:create_environment_hook('cuadriga_interfaces', 'cmake_prefix_path')
[2.585s] INFO:colcon.colcon_core.shell:Creating environment hook '/home/laura_benitez/urdf_ws/install/cuadriga_interfaces/share/cuadriga_interfaces/hook/cmake_prefix_path.ps1'
[2.586s] INFO:colcon.colcon_core.shell:Creating environment descriptor '/home/laura_benitez/urdf_ws/install/cuadriga_interfaces/share/cuadriga_interfaces/hook/cmake_prefix_path.dsv'
[2.587s] INFO:colcon.colcon_core.shell:Creating environment hook '/home/laura_benitez/urdf_ws/install/cuadriga_interfaces/share/cuadriga_interfaces/hook/cmake_prefix_path.sh'
[2.589s] Level 1:colcon.colcon_core.environment:checking '/home/laura_benitez/urdf_ws/install/cuadriga_interfaces/lib'
[2.589s] Level 1:colcon.colcon_core.shell:create_environment_hook('cuadriga_interfaces', 'ld_library_path_lib')
[2.589s] INFO:colcon.colcon_core.shell:Creating environment hook '/home/laura_benitez/urdf_ws/install/cuadriga_interfaces/share/cuadriga_interfaces/hook/ld_library_path_lib.ps1'
[2.591s] INFO:colcon.colcon_core.shell:Creating environment descriptor '/home/laura_benitez/urdf_ws/install/cuadriga_interfaces/share/cuadriga_interfaces/hook/ld_library_path_lib.dsv'
[2.591s] INFO:colcon.colcon_core.shell:Creating environment hook '/home/laura_benitez/urdf_ws/install/cuadriga_interfaces/share/cuadriga_interfaces/hook/ld_library_path_lib.sh'
[2.592s] Level 1:colcon.colcon_core.environment:checking '/home/laura_benitez/urdf_ws/install/cuadriga_interfaces/bin'
[2.593s] Level 1:colcon.colcon_core.environment:checking '/home/laura_benitez/urdf_ws/install/cuadriga_interfaces/lib/pkgconfig/cuadriga_interfaces.pc'
[2.593s] Level 1:colcon.colcon_core.environment:checking '/home/laura_benitez/urdf_ws/install/cuadriga_interfaces/lib/python3.10/site-packages'
[2.593s] Level 1:colcon.colcon_core.environment:checking '/home/laura_benitez/urdf_ws/install/cuadriga_interfaces/bin'
[2.594s] INFO:colcon.colcon_core.shell:Creating package script '/home/laura_benitez/urdf_ws/install/cuadriga_interfaces/share/cuadriga_interfaces/package.ps1'
[2.595s] INFO:colcon.colcon_core.shell:Creating package descriptor '/home/laura_benitez/urdf_ws/install/cuadriga_interfaces/share/cuadriga_interfaces/package.dsv'
[2.596s] INFO:colcon.colcon_core.shell:Creating package script '/home/laura_benitez/urdf_ws/install/cuadriga_interfaces/share/cuadriga_interfaces/package.sh'
[2.597s] INFO:colcon.colcon_core.shell:Creating package script '/home/laura_benitez/urdf_ws/install/cuadriga_interfaces/share/cuadriga_interfaces/package.bash'
[2.598s] INFO:colcon.colcon_core.shell:Creating package script '/home/laura_benitez/urdf_ws/install/cuadriga_interfaces/share/cuadriga_interfaces/package.zsh'
[2.599s] Level 1:colcon.colcon_core.environment:create_file_with_runtime_dependencies(/home/laura_benitez/urdf_ws/install/cuadriga_interfaces/share/colcon-core/packages/cuadriga_interfaces)
[2.600s] Level 1:colcon.colcon_core.environment:create_environment_scripts_only(cuadriga_interfaces)
[2.601s] Level 1:colcon.colcon_core.environment:checking '/home/laura_benitez/urdf_ws/install/cuadriga_interfaces' for CMake module files
[2.603s] Level 1:colcon.colcon_core.environment:checking '/home/laura_benitez/urdf_ws/install/cuadriga_interfaces' for CMake config files
[2.606s] Level 1:colcon.colcon_core.shell:create_environment_hook('cuadriga_interfaces', 'cmake_prefix_path')
[2.606s] INFO:colcon.colcon_core.shell:Creating environment hook '/home/laura_benitez/urdf_ws/install/cuadriga_interfaces/share/cuadriga_interfaces/hook/cmake_prefix_path.ps1'
[2.607s] INFO:colcon.colcon_core.shell:Creating environment descriptor '/home/laura_benitez/urdf_ws/install/cuadriga_interfaces/share/cuadriga_interfaces/hook/cmake_prefix_path.dsv'
[2.608s] INFO:colcon.colcon_core.shell:Creating environment hook '/home/laura_benitez/urdf_ws/install/cuadriga_interfaces/share/cuadriga_interfaces/hook/cmake_prefix_path.sh'
[2.610s] Level 1:colcon.colcon_core.environment:checking '/home/laura_benitez/urdf_ws/install/cuadriga_interfaces/lib'
[2.610s] Level 1:colcon.colcon_core.shell:create_environment_hook('cuadriga_interfaces', 'ld_library_path_lib')
[2.610s] INFO:colcon.colcon_core.shell:Creating environment hook '/home/laura_benitez/urdf_ws/install/cuadriga_interfaces/share/cuadriga_interfaces/hook/ld_library_path_lib.ps1'
[2.611s] INFO:colcon.colcon_core.shell:Creating environment descriptor '/home/laura_benitez/urdf_ws/install/cuadriga_interfaces/share/cuadriga_interfaces/hook/ld_library_path_lib.dsv'
[2.612s] INFO:colcon.colcon_core.shell:Creating environment hook '/home/laura_benitez/urdf_ws/install/cuadriga_interfaces/share/cuadriga_interfaces/hook/ld_library_path_lib.sh'
[2.612s] Level 1:colcon.colcon_core.environment:checking '/home/laura_benitez/urdf_ws/install/cuadriga_interfaces/bin'
[2.612s] Level 1:colcon.colcon_core.environment:checking '/home/laura_benitez/urdf_ws/install/cuadriga_interfaces/lib/pkgconfig/cuadriga_interfaces.pc'
[2.613s] Level 1:colcon.colcon_core.environment:checking '/home/laura_benitez/urdf_ws/install/cuadriga_interfaces/lib/python3.10/site-packages'
[2.613s] Level 1:colcon.colcon_core.environment:checking '/home/laura_benitez/urdf_ws/install/cuadriga_interfaces/bin'
[2.613s] INFO:colcon.colcon_core.shell:Creating package script '/home/laura_benitez/urdf_ws/install/cuadriga_interfaces/share/cuadriga_interfaces/package.ps1'
[2.614s] INFO:colcon.colcon_core.shell:Creating package descriptor '/home/laura_benitez/urdf_ws/install/cuadriga_interfaces/share/cuadriga_interfaces/package.dsv'
[2.615s] INFO:colcon.colcon_core.shell:Creating package script '/home/laura_benitez/urdf_ws/install/cuadriga_interfaces/share/cuadriga_interfaces/package.sh'
[2.616s] INFO:colcon.colcon_core.shell:Creating package script '/home/laura_benitez/urdf_ws/install/cuadriga_interfaces/share/cuadriga_interfaces/package.bash'
[2.617s] INFO:colcon.colcon_core.shell:Creating package script '/home/laura_benitez/urdf_ws/install/cuadriga_interfaces/share/cuadriga_interfaces/package.zsh'
[2.618s] Level 1:colcon.colcon_core.environment:create_file_with_runtime_dependencies(/home/laura_benitez/urdf_ws/install/cuadriga_interfaces/share/colcon-core/packages/cuadriga_interfaces)
[2.618s] INFO:colcon.colcon_ros.task.ament_cmake.build:Building ROS package in '/home/laura_benitez/urdf_ws/src/cuadriga' with build type 'ament_cmake'
[2.619s] INFO:colcon.colcon_cmake.task.cmake.build:Building CMake package in '/home/laura_benitez/urdf_ws/src/cuadriga'
[2.619s] INFO:colcon.colcon_core.shell:Skip shell extension 'powershell' for command environment: Not usable outside of PowerShell
[2.619s] DEBUG:colcon.colcon_core.shell:Skip shell extension 'dsv' for command environment
[2.682s] DEBUG:colcon.colcon_core.event_handler.log_command:Invoking command in '/home/laura_benitez/urdf_ws/build/cuadriga': CMAKE_PREFIX_PATH=/home/laura_benitez/urdf_ws/install/cuadriga_interfaces:/home/laura_benitez/urdf_ws/install/joy:/home/laura_benitez/urdf_ws/install/cuadriganuevo:/home/laura_benitez/urdf_ws/install/cuadriga:/home/laura_benitez/test_ws/install/mi_robot_description:/home/laura_benitez/rosgame_ws/install/warrior_15:/home/laura_benitez/rosgame_ws/install/rosgame_msgs:/home/laura_benitez/rosgame_ws/install/rosgame_bridge:/home/laura_benitez/cypr_ws/install/navigation:/home/laura_benitez/cypr_ws/install/motion:/home/laura_benitez/cypr_ws/install/localization:/home/laura_benitez/cypr_ws/install/keyboard_control:/home/laura_benitez/cypr_ws/install/arm_controller:/home/laura_benitez/urdf_ws/install/teleop_twist_keyboard:/home/laura_benitez/urdf_ws/install/ros_tcp_endpoint:/opt/ros/humble LD_LIBRARY_PATH=/home/laura_benitez/urdf_ws/install/cuadriga_interfaces/lib:/home/laura_benitez/urdf_ws/install/joy/lib:/home/laura_benitez/rosgame_ws/install/rosgame_msgs/lib:/home/laura_benitez/rosgame_ws/install/rosgame_bridge/lib:/home/laura_benitez/cypr_ws/install/navigation/lib:/home/laura_benitez/cypr_ws/install/localization/lib:/opt/ros/humble/opt/rviz_ogre_vendor/lib:/opt/ros/humble/lib/x86_64-linux-gnu:/opt/ros/humble/lib /usr/bin/cmake --build /home/laura_benitez/urdf_ws/build/cuadriga -- -j16 -l16
[3.426s] DEBUG:colcon.colcon_core.event_handler.log_command:Invoking command in '/home/laura_benitez/urdf_ws/src/teleop_twist_keyboard': PYTHONPATH=/home/laura_benitez/urdf_ws/build/teleop_twist_keyboard/prefix_override:/usr/lib/python3/dist-packages/colcon_core/task/python/colcon_distutils_commands:/home/laura_benitez/urdf_ws/install/teleop_twist_keyboard/lib/python3.10/site-packages:${PYTHONPATH} /usr/bin/python3 -W ignore:setup.py install is deprecated -W ignore:easy_install command is deprecated setup.py egg_info --egg-base ../../build/teleop_twist_keyboard build --build-base /home/laura_benitez/urdf_ws/build/teleop_twist_keyboard/build install --record /home/laura_benitez/urdf_ws/build/teleop_twist_keyboard/install.log --single-version-externally-managed install_data
[3.429s] DEBUG:colcon.colcon_core.event_handler.log_command:Invoking command in '/home/laura_benitez/urdf_ws/src/ROS-TCP-Endpoint-main-ros2': PYTHONPATH=/home/laura_benitez/urdf_ws/build/ros_tcp_endpoint/prefix_override:/usr/lib/python3/dist-packages/colcon_core/task/python/colcon_distutils_commands:/home/laura_benitez/urdf_ws/install/ros_tcp_endpoint/lib/python3.10/site-packages:${PYTHONPATH} /usr/bin/python3 -W ignore:setup.py install is deprecated -W ignore:easy_install command is deprecated setup.py egg_info --egg-base ../../build/ros_tcp_endpoint build --build-base /home/laura_benitez/urdf_ws/build/ros_tcp_endpoint/build install --record /home/laura_benitez/urdf_ws/build/ros_tcp_endpoint/install.log --install-scripts $base/lib/ros_tcp_endpoint --single-version-externally-managed install_data
[4.088s] Level 1:colcon.colcon_core.environment:checking '/home/laura_benitez/urdf_ws/install/ros_tcp_endpoint' for CMake module files
[4.089s] DEBUG:colcon.colcon_core.event_handler.log_command:Invoked command in '/home/laura_benitez/urdf_ws/src/ROS-TCP-Endpoint-main-ros2' returned '0': PYTHONPATH=/home/laura_benitez/urdf_ws/build/ros_tcp_endpoint/prefix_override:/usr/lib/python3/dist-packages/colcon_core/task/python/colcon_distutils_commands:/home/laura_benitez/urdf_ws/install/ros_tcp_endpoint/lib/python3.10/site-packages:${PYTHONPATH} /usr/bin/python3 -W ignore:setup.py install is deprecated -W ignore:easy_install command is deprecated setup.py egg_info --egg-base ../../build/ros_tcp_endpoint build --build-base /home/laura_benitez/urdf_ws/build/ros_tcp_endpoint/build install --record /home/laura_benitez/urdf_ws/build/ros_tcp_endpoint/install.log --install-scripts $base/lib/ros_tcp_endpoint --single-version-externally-managed install_data
[4.090s] Level 1:colcon.colcon_core.environment:checking '/home/laura_benitez/urdf_ws/install/ros_tcp_endpoint' for CMake config files
[4.092s] Level 1:colcon.colcon_core.environment:checking '/home/laura_benitez/urdf_ws/install/ros_tcp_endpoint/lib'
[4.092s] Level 1:colcon.colcon_core.environment:checking '/home/laura_benitez/urdf_ws/install/ros_tcp_endpoint/bin'
[4.093s] Level 1:colcon.colcon_core.environment:checking '/home/laura_benitez/urdf_ws/install/ros_tcp_endpoint/lib/pkgconfig/ros_tcp_endpoint.pc'
[4.093s] Level 1:colcon.colcon_core.environment:checking '/home/laura_benitez/urdf_ws/install/ros_tcp_endpoint/lib/python3.10/site-packages'
[4.093s] Level 1:colcon.colcon_core.shell:create_environment_hook('ros_tcp_endpoint', 'pythonpath')
[4.093s] INFO:colcon.colcon_core.shell:Creating environment hook '/home/laura_benitez/urdf_ws/install/ros_tcp_endpoint/share/ros_tcp_endpoint/hook/pythonpath.ps1'
[4.094s] INFO:colcon.colcon_core.shell:Creating environment descriptor '/home/laura_benitez/urdf_ws/install/ros_tcp_endpoint/share/ros_tcp_endpoint/hook/pythonpath.dsv'
[4.096s] INFO:colcon.colcon_core.shell:Creating environment hook '/home/laura_benitez/urdf_ws/install/ros_tcp_endpoint/share/ros_tcp_endpoint/hook/pythonpath.sh'
[4.097s] Level 1:colcon.colcon_core.environment:checking '/home/laura_benitez/urdf_ws/install/ros_tcp_endpoint/bin'
[4.097s] Level 1:colcon.colcon_core.environment:create_environment_scripts_only(ros_tcp_endpoint)
[4.097s] INFO:colcon.colcon_core.shell:Creating package script '/home/laura_benitez/urdf_ws/install/ros_tcp_endpoint/share/ros_tcp_endpoint/package.ps1'
[4.098s] INFO:colcon.colcon_core.shell:Creating package descriptor '/home/laura_benitez/urdf_ws/install/ros_tcp_endpoint/share/ros_tcp_endpoint/package.dsv'
[4.099s] INFO:colcon.colcon_core.shell:Creating package script '/home/laura_benitez/urdf_ws/install/ros_tcp_endpoint/share/ros_tcp_endpoint/package.sh'
[4.100s] INFO:colcon.colcon_core.shell:Creating package script '/home/laura_benitez/urdf_ws/install/ros_tcp_endpoint/share/ros_tcp_endpoint/package.bash'
[4.102s] INFO:colcon.colcon_core.shell:Creating package script '/home/laura_benitez/urdf_ws/install/ros_tcp_endpoint/share/ros_tcp_endpoint/package.zsh'
[4.102s] Level 1:colcon.colcon_core.environment:create_file_with_runtime_dependencies(/home/laura_benitez/urdf_ws/install/ros_tcp_endpoint/share/colcon-core/packages/ros_tcp_endpoint)
[4.105s] Level 1:colcon.colcon_core.environment:checking '/home/laura_benitez/urdf_ws/install/teleop_twist_keyboard' for CMake module files
[4.107s] Level 1:colcon.colcon_core.environment:checking '/home/laura_benitez/urdf_ws/install/teleop_twist_keyboard' for CMake config files
[4.108s] DEBUG:colcon.colcon_core.event_handler.log_command:Invoked command in '/home/laura_benitez/urdf_ws/src/teleop_twist_keyboard' returned '0': PYTHONPATH=/home/laura_benitez/urdf_ws/build/teleop_twist_keyboard/prefix_override:/usr/lib/python3/dist-packages/colcon_core/task/python/colcon_distutils_commands:/home/laura_benitez/urdf_ws/install/teleop_twist_keyboard/lib/python3.10/site-packages:${PYTHONPATH} /usr/bin/python3 -W ignore:setup.py install is deprecated -W ignore:easy_install command is deprecated setup.py egg_info --egg-base ../../build/teleop_twist_keyboard build --build-base /home/laura_benitez/urdf_ws/build/teleop_twist_keyboard/build install --record /home/laura_benitez/urdf_ws/build/teleop_twist_keyboard/install.log --single-version-externally-managed install_data
[4.110s] Level 1:colcon.colcon_core.environment:checking '/home/laura_benitez/urdf_ws/install/teleop_twist_keyboard/lib'
[4.110s] Level 1:colcon.colcon_core.environment:checking '/home/laura_benitez/urdf_ws/install/teleop_twist_keyboard/bin'
[4.110s] Level 1:colcon.colcon_core.environment:checking '/home/laura_benitez/urdf_ws/install/teleop_twist_keyboard/lib/pkgconfig/teleop_twist_keyboard.pc'
[4.111s] Level 1:colcon.colcon_core.environment:checking '/home/laura_benitez/urdf_ws/install/teleop_twist_keyboard/lib/python3.10/site-packages'
[4.111s] Level 1:colcon.colcon_core.shell:create_environment_hook('teleop_twist_keyboard', 'pythonpath')
[4.111s] INFO:colcon.colcon_core.shell:Creating environment hook '/home/laura_benitez/urdf_ws/install/teleop_twist_keyboard/share/teleop_twist_keyboard/hook/pythonpath.ps1'
[4.112s] INFO:colcon.colcon_core.shell:Creating environment descriptor '/home/laura_benitez/urdf_ws/install/teleop_twist_keyboard/share/teleop_twist_keyboard/hook/pythonpath.dsv'
[4.113s] INFO:colcon.colcon_core.shell:Creating environment hook '/home/laura_benitez/urdf_ws/install/teleop_twist_keyboard/share/teleop_twist_keyboard/hook/pythonpath.sh'
[4.114s] Level 1:colcon.colcon_core.environment:checking '/home/laura_benitez/urdf_ws/install/teleop_twist_keyboard/bin'
[4.114s] Level 1:colcon.colcon_core.environment:create_environment_scripts_only(teleop_twist_keyboard)
[4.115s] INFO:colcon.colcon_core.shell:Creating package script '/home/laura_benitez/urdf_ws/install/teleop_twist_keyboard/share/teleop_twist_keyboard/package.ps1'
[4.116s] INFO:colcon.colcon_core.shell:Creating package descriptor '/home/laura_benitez/urdf_ws/install/teleop_twist_keyboard/share/teleop_twist_keyboard/package.dsv'
[4.117s] INFO:colcon.colcon_core.shell:Creating package script '/home/laura_benitez/urdf_ws/install/teleop_twist_keyboard/share/teleop_twist_keyboard/package.sh'
[4.118s] INFO:colcon.colcon_core.shell:Creating package script '/home/laura_benitez/urdf_ws/install/teleop_twist_keyboard/share/teleop_twist_keyboard/package.bash'
[4.118s] INFO:colcon.colcon_core.shell:Creating package script '/home/laura_benitez/urdf_ws/install/teleop_twist_keyboard/share/teleop_twist_keyboard/package.zsh'
[4.119s] Level 1:colcon.colcon_core.environment:create_file_with_runtime_dependencies(/home/laura_benitez/urdf_ws/install/teleop_twist_keyboard/share/colcon-core/packages/teleop_twist_keyboard)
[20.930s] DEBUG:colcon.colcon_core.event_handler.log_command:Invoked command in '/home/laura_benitez/urdf_ws/build/cuadriga' returned '0': CMAKE_PREFIX_PATH=/home/laura_benitez/urdf_ws/install/cuadriga_interfaces:/home/laura_benitez/urdf_ws/install/joy:/home/laura_benitez/urdf_ws/install/cuadriganuevo:/home/laura_benitez/urdf_ws/install/cuadriga:/home/laura_benitez/test_ws/install/mi_robot_description:/home/laura_benitez/rosgame_ws/install/warrior_15:/home/laura_benitez/rosgame_ws/install/rosgame_msgs:/home/laura_benitez/rosgame_ws/install/rosgame_bridge:/home/laura_benitez/cypr_ws/install/navigation:/home/laura_benitez/cypr_ws/install/motion:/home/laura_benitez/cypr_ws/install/localization:/home/laura_benitez/cypr_ws/install/keyboard_control:/home/laura_benitez/cypr_ws/install/arm_controller:/home/laura_benitez/urdf_ws/install/teleop_twist_keyboard:/home/laura_benitez/urdf_ws/install/ros_tcp_endpoint:/opt/ros/humble LD_LIBRARY_PATH=/home/laura_benitez/urdf_ws/install/cuadriga_interfaces/lib:/home/laura_benitez/urdf_ws/install/joy/lib:/home/laura_benitez/rosgame_ws/install/rosgame_msgs/lib:/home/laura_benitez/rosgame_ws/install/rosgame_bridge/lib:/home/laura_benitez/cypr_ws/install/navigation/lib:/home/laura_benitez/cypr_ws/install/localization/lib:/opt/ros/humble/opt/rviz_ogre_vendor/lib:/opt/ros/humble/lib/x86_64-linux-gnu:/opt/ros/humble/lib /usr/bin/cmake --build /home/laura_benitez/urdf_ws/build/cuadriga -- -j16 -l16
[20.934s] DEBUG:colcon.colcon_core.event_handler.log_command:Invoking command in '/home/laura_benitez/urdf_ws/build/cuadriga': CMAKE_PREFIX_PATH=/home/laura_benitez/urdf_ws/install/cuadriga_interfaces:/home/laura_benitez/urdf_ws/install/joy:/home/laura_benitez/urdf_ws/install/cuadriganuevo:/home/laura_benitez/urdf_ws/install/cuadriga:/home/laura_benitez/test_ws/install/mi_robot_description:/home/laura_benitez/rosgame_ws/install/warrior_15:/home/laura_benitez/rosgame_ws/install/rosgame_msgs:/home/laura_benitez/rosgame_ws/install/rosgame_bridge:/home/laura_benitez/cypr_ws/install/navigation:/home/laura_benitez/cypr_ws/install/motion:/home/laura_benitez/cypr_ws/install/localization:/home/laura_benitez/cypr_ws/install/keyboard_control:/home/laura_benitez/cypr_ws/install/arm_controller:/home/laura_benitez/urdf_ws/install/teleop_twist_keyboard:/home/laura_benitez/urdf_ws/install/ros_tcp_endpoint:/opt/ros/humble LD_LIBRARY_PATH=/home/laura_benitez/urdf_ws/install/cuadriga_interfaces/lib:/home/laura_benitez/urdf_ws/install/joy/lib:/home/laura_benitez/rosgame_ws/install/rosgame_msgs/lib:/home/laura_benitez/rosgame_ws/install/rosgame_bridge/lib:/home/laura_benitez/cypr_ws/install/navigation/lib:/home/laura_benitez/cypr_ws/install/localization/lib:/opt/ros/humble/opt/rviz_ogre_vendor/lib:/opt/ros/humble/lib/x86_64-linux-gnu:/opt/ros/humble/lib /usr/bin/cmake --install /home/laura_benitez/urdf_ws/build/cuadriga
[21.015s] Level 1:colcon.colcon_core.environment:create_environment_scripts_only(cuadriga)
[21.015s] Level 1:colcon.colcon_core.environment:checking '/home/laura_benitez/urdf_ws/install/cuadriga' for CMake module files
[21.016s] DEBUG:colcon.colcon_core.event_handler.log_command:Invoked command in '/home/laura_benitez/urdf_ws/build/cuadriga' returned '0': CMAKE_PREFIX_PATH=/home/laura_benitez/urdf_ws/install/cuadriga_interfaces:/home/laura_benitez/urdf_ws/install/joy:/home/laura_benitez/urdf_ws/install/cuadriganuevo:/home/laura_benitez/urdf_ws/install/cuadriga:/home/laura_benitez/test_ws/install/mi_robot_description:/home/laura_benitez/rosgame_ws/install/warrior_15:/home/laura_benitez/rosgame_ws/install/rosgame_msgs:/home/laura_benitez/rosgame_ws/install/rosgame_bridge:/home/laura_benitez/cypr_ws/install/navigation:/home/laura_benitez/cypr_ws/install/motion:/home/laura_benitez/cypr_ws/install/localization:/home/laura_benitez/cypr_ws/install/keyboard_control:/home/laura_benitez/cypr_ws/install/arm_controller:/home/laura_benitez/urdf_ws/install/teleop_twist_keyboard:/home/laura_benitez/urdf_ws/install/ros_tcp_endpoint:/opt/ros/humble LD_LIBRARY_PATH=/home/laura_benitez/urdf_ws/install/cuadriga_interfaces/lib:/home/laura_benitez/urdf_ws/install/joy/lib:/home/laura_benitez/rosgame_ws/install/rosgame_msgs/lib:/home/laura_benitez/rosgame_ws/install/rosgame_bridge/lib:/home/laura_benitez/cypr_ws/install/navigation/lib:/home/laura_benitez/cypr_ws/install/localization/lib:/opt/ros/humble/opt/rviz_ogre_vendor/lib:/opt/ros/humble/lib/x86_64-linux-gnu:/opt/ros/humble/lib /usr/bin/cmake --install /home/laura_benitez/urdf_ws/build/cuadriga
[21.018s] Level 1:colcon.colcon_core.environment:checking '/home/laura_benitez/urdf_ws/install/cuadriga' for CMake config files
[21.020s] Level 1:colcon.colcon_core.shell:create_environment_hook('cuadriga', 'cmake_prefix_path')
[21.021s] INFO:colcon.colcon_core.shell:Creating environment hook '/home/laura_benitez/urdf_ws/install/cuadriga/share/cuadriga/hook/cmake_prefix_path.ps1'
[21.022s] INFO:colcon.colcon_core.shell:Creating environment descriptor '/home/laura_benitez/urdf_ws/install/cuadriga/share/cuadriga/hook/cmake_prefix_path.dsv'
[21.024s] INFO:colcon.colcon_core.shell:Creating environment hook '/home/laura_benitez/urdf_ws/install/cuadriga/share/cuadriga/hook/cmake_prefix_path.sh'
[21.026s] Level 1:colcon.colcon_core.environment:checking '/home/laura_benitez/urdf_ws/install/cuadriga/lib'
[21.026s] Level 1:colcon.colcon_core.environment:checking '/home/laura_benitez/urdf_ws/install/cuadriga/bin'
[21.026s] Level 1:colcon.colcon_core.environment:checking '/home/laura_benitez/urdf_ws/install/cuadriga/lib/pkgconfig/cuadriga.pc'
[21.027s] Level 1:colcon.colcon_core.environment:checking '/home/laura_benitez/urdf_ws/install/cuadriga/lib/python3.10/site-packages'
[21.027s] Level 1:colcon.colcon_core.environment:checking '/home/laura_benitez/urdf_ws/install/cuadriga/bin'
[21.028s] INFO:colcon.colcon_core.shell:Creating package script '/home/laura_benitez/urdf_ws/install/cuadriga/share/cuadriga/package.ps1'
[21.029s] INFO:colcon.colcon_core.shell:Creating package descriptor '/home/laura_benitez/urdf_ws/install/cuadriga/share/cuadriga/package.dsv'
[21.030s] INFO:colcon.colcon_core.shell:Creating package script '/home/laura_benitez/urdf_ws/install/cuadriga/share/cuadriga/package.sh'
[21.031s] INFO:colcon.colcon_core.shell:Creating package script '/home/laura_benitez/urdf_ws/install/cuadriga/share/cuadriga/package.bash'
[21.032s] INFO:colcon.colcon_core.shell:Creating package script '/home/laura_benitez/urdf_ws/install/cuadriga/share/cuadriga/package.zsh'
[21.034s] Level 1:colcon.colcon_core.environment:create_file_with_runtime_dependencies(/home/laura_benitez/urdf_ws/install/cuadriga/share/colcon-core/packages/cuadriga)
[21.035s] Level 1:colcon.colcon_core.environment:create_environment_scripts_only(cuadriga)
[21.036s] Level 1:colcon.colcon_core.environment:checking '/home/laura_benitez/urdf_ws/install/cuadriga' for CMake module files
[21.037s] Level 1:colcon.colcon_core.environment:checking '/home/laura_benitez/urdf_ws/install/cuadriga' for CMake config files
[21.039s] Level 1:colcon.colcon_core.shell:create_environment_hook('cuadriga', 'cmake_prefix_path')
[21.039s] INFO:colcon.colcon_core.shell:Creating environment hook '/home/laura_benitez/urdf_ws/install/cuadriga/share/cuadriga/hook/cmake_prefix_path.ps1'
[21.040s] INFO:colcon.colcon_core.shell:Creating environment descriptor '/home/laura_benitez/urdf_ws/install/cuadriga/share/cuadriga/hook/cmake_prefix_path.dsv'
[21.041s] INFO:colcon.colcon_core.shell:Creating environment hook '/home/laura_benitez/urdf_ws/install/cuadriga/share/cuadriga/hook/cmake_prefix_path.sh'
[21.042s] Level 1:colcon.colcon_core.environment:checking '/home/laura_benitez/urdf_ws/install/cuadriga/lib'
[21.042s] Level 1:colcon.colcon_core.environment:checking '/home/laura_benitez/urdf_ws/install/cuadriga/bin'
[21.043s] Level 1:colcon.colcon_core.environment:checking '/home/laura_benitez/urdf_ws/install/cuadriga/lib/pkgconfig/cuadriga.pc'
[21.043s] Level 1:colcon.colcon_core.environment:checking '/home/laura_benitez/urdf_ws/install/cuadriga/lib/python3.10/site-packages'
[21.043s] Level 1:colcon.colcon_core.environment:checking '/home/laura_benitez/urdf_ws/install/cuadriga/bin'
[21.044s] INFO:colcon.colcon_core.shell:Creating package script '/home/laura_benitez/urdf_ws/install/cuadriga/share/cuadriga/package.ps1'
[21.045s] INFO:colcon.colcon_core.shell:Creating package descriptor '/home/laura_benitez/urdf_ws/install/cuadriga/share/cuadriga/package.dsv'
[21.047s] INFO:colcon.colcon_core.shell:Creating package script '/home/laura_benitez/urdf_ws/install/cuadriga/share/cuadriga/package.sh'
[21.055s] INFO:colcon.colcon_core.shell:Creating package script '/home/laura_benitez/urdf_ws/install/cuadriga/share/cuadriga/package.bash'
[21.057s] INFO:colcon.colcon_core.shell:Creating package script '/home/laura_benitez/urdf_ws/install/cuadriga/share/cuadriga/package.zsh'
[21.058s] Level 1:colcon.colcon_core.environment:create_file_with_runtime_dependencies(/home/laura_benitez/urdf_ws/install/cuadriga/share/colcon-core/packages/cuadriga)
[21.058s] DEBUG:colcon.colcon_parallel_executor.executor.parallel:closing loop
[21.059s] DEBUG:colcon.colcon_parallel_executor.executor.parallel:loop closed
[21.059s] DEBUG:colcon.colcon_parallel_executor.executor.parallel:run_until_complete finished with '0'
[21.059s] DEBUG:colcon.colcon_core.event_reactor:joining thread
[21.151s] INFO:colcon.colcon_core.plugin_system:Skipping extension 'colcon_notification.desktop_notification.notify_send': Could not find 'notify-send'
[21.151s] INFO:colcon.colcon_core.plugin_system:Skipping extension 'colcon_notification.desktop_notification.terminal_notifier': Not used on non-Darwin systems
[21.151s] INFO:colcon.colcon_core.plugin_system:Skipping extension 'colcon_notification.desktop_notification.win32': Not used on non-Windows systems
[21.151s] INFO:colcon.colcon_notification.desktop_notification:Sending desktop notification using 'notify2'
[21.178s] DEBUG:colcon.colcon_notification.desktop_notification.notify2:Failed to initialize notify2: org.freedesktop.DBus.Error.Spawn.ExecFailed: /usr/bin/dbus-launch terminated abnormally with the following error: Autolaunch error: X11 initialization failed.

[21.179s] DEBUG:colcon.colcon_core.event_reactor:joined thread
[21.180s] INFO:colcon.colcon_core.shell:Creating prefix script '/home/laura_benitez/urdf_ws/install/local_setup.ps1'
[21.183s] INFO:colcon.colcon_core.shell:Creating prefix util module '/home/laura_benitez/urdf_ws/install/_local_setup_util_ps1.py'
[21.185s] INFO:colcon.colcon_core.shell:Creating prefix chain script '/home/laura_benitez/urdf_ws/install/setup.ps1'
[21.192s] INFO:colcon.colcon_core.shell:Creating prefix script '/home/laura_benitez/urdf_ws/install/local_setup.sh'
[21.194s] INFO:colcon.colcon_core.shell:Creating prefix util module '/home/laura_benitez/urdf_ws/install/_local_setup_util_sh.py'
[21.195s] INFO:colcon.colcon_core.shell:Creating prefix chain script '/home/laura_benitez/urdf_ws/install/setup.sh'
[21.201s] INFO:colcon.colcon_core.shell:Creating prefix script '/home/laura_benitez/urdf_ws/install/local_setup.bash'
[21.202s] INFO:colcon.colcon_core.shell:Creating prefix chain script '/home/laura_benitez/urdf_ws/install/setup.bash'
[21.208s] INFO:colcon.colcon_core.shell:Creating prefix script '/home/laura_benitez/urdf_ws/install/local_setup.zsh'
[21.210s] INFO:colcon.colcon_core.shell:Creating prefix chain script '/home/laura_benitez/urdf_ws/install/setup.zsh'
