[4.098s] Invoking command in '/home/laura_benitez/urdf_ws/src/ROS-TCP-Endpoint-main-ros2': PYTHONPATH=/home/laura_benitez/urdf_ws/build/ros_tcp_endpoint/prefix_override:/usr/lib/python3/dist-packages/colcon_core/task/python/colcon_distutils_commands:/home/laura_benitez/urdf_ws/install/ros_tcp_endpoint/lib/python3.10/site-packages:${PYTHONPATH} /usr/bin/python3 -W ignore:setup.py install is deprecated -W ignore:easy_install command is deprecated setup.py egg_info --egg-base ../../build/ros_tcp_endpoint build --build-base /home/laura_benitez/urdf_ws/build/ros_tcp_endpoint/build install --record /home/laura_benitez/urdf_ws/build/ros_tcp_endpoint/install.log --install-scripts $base/lib/ros_tcp_endpoint --single-version-externally-managed install_data
[4.948s] /usr/lib/python3/dist-packages/setuptools/dist.py:723: UserWarning: Usage of dash-separated 'script-dir' will not be supported in future versions. Please use the underscore name 'script_dir' instead
[4.948s]   warnings.warn(
[4.972s] running egg_info
[4.973s] writing ../../build/ros_tcp_endpoint/ros_tcp_endpoint.egg-info/PKG-INFO
[4.974s] writing dependency_links to ../../build/ros_tcp_endpoint/ros_tcp_endpoint.egg-info/dependency_links.txt
[4.975s] writing entry points to ../../build/ros_tcp_endpoint/ros_tcp_endpoint.egg-info/entry_points.txt
[4.975s] writing requirements to ../../build/ros_tcp_endpoint/ros_tcp_endpoint.egg-info/requires.txt
[4.976s] writing top-level names to ../../build/ros_tcp_endpoint/ros_tcp_endpoint.egg-info/top_level.txt
[4.985s] reading manifest file '../../build/ros_tcp_endpoint/ros_tcp_endpoint.egg-info/SOURCES.txt'
[4.986s] adding license file 'LICENSE'
[4.987s] adding license file 'LICENSE:Zone.Identifier'
[4.987s] writing manifest file '../../build/ros_tcp_endpoint/ros_tcp_endpoint.egg-info/SOURCES.txt'
[4.988s] running build
[4.988s] running build_py
[4.994s] running install
[4.995s] running install_lib
[5.006s] running install_data
[5.007s] running install_egg_info
[5.012s] removing '/home/laura_benitez/urdf_ws/install/ros_tcp_endpoint/lib/python3.10/site-packages/ros_tcp_endpoint-0.0.1-py3.10.egg-info' (and everything under it)
[5.016s] Copying ../../build/ros_tcp_endpoint/ros_tcp_endpoint.egg-info to /home/laura_benitez/urdf_ws/install/ros_tcp_endpoint/lib/python3.10/site-packages/ros_tcp_endpoint-0.0.1-py3.10.egg-info
[5.028s] running install_scripts
[5.085s] Installing default_server_endpoint script to /home/laura_benitez/urdf_ws/install/ros_tcp_endpoint/lib/ros_tcp_endpoint
[5.087s] writing list of installed files to '/home/laura_benitez/urdf_ws/build/ros_tcp_endpoint/install.log'
[5.135s] Invoked command in '/home/laura_benitez/urdf_ws/src/ROS-TCP-Endpoint-main-ros2' returned '0': PYTHONPATH=/home/laura_benitez/urdf_ws/build/ros_tcp_endpoint/prefix_override:/usr/lib/python3/dist-packages/colcon_core/task/python/colcon_distutils_commands:/home/laura_benitez/urdf_ws/install/ros_tcp_endpoint/lib/python3.10/site-packages:${PYTHONPATH} /usr/bin/python3 -W ignore:setup.py install is deprecated -W ignore:easy_install command is deprecated setup.py egg_info --egg-base ../../build/ros_tcp_endpoint build --build-base /home/laura_benitez/urdf_ws/build/ros_tcp_endpoint/build install --record /home/laura_benitez/urdf_ws/build/ros_tcp_endpoint/install.log --install-scripts $base/lib/ros_tcp_endpoint --single-version-externally-managed install_data
