running egg_info
writing ../../build/gpx_loader/gpx_loader.egg-info/PKG-INFO
writing dependency_links to ../../build/gpx_loader/gpx_loader.egg-info/dependency_links.txt
writing entry points to ../../build/gpx_loader/gpx_loader.egg-info/entry_points.txt
writing requirements to ../../build/gpx_loader/gpx_loader.egg-info/requires.txt
writing top-level names to ../../build/gpx_loader/gpx_loader.egg-info/top_level.txt
reading manifest file '../../build/gpx_loader/gpx_loader.egg-info/SOURCES.txt'
writing manifest file '../../build/gpx_loader/gpx_loader.egg-info/SOURCES.txt'
running build
running build_py
copying gpx_loader/gpx_loader_node.py -> /home/laura_benitez/urdf_ws/build/gpx_loader/build/lib/gpx_loader
running install
running install_lib
copying /home/laura_benitez/urdf_ws/build/gpx_loader/build/lib/gpx_loader/gpx_loader_node.py -> /home/laura_benitez/urdf_ws/install/gpx_loader/lib/python3.10/site-packages/gpx_loader
byte-compiling /home/laura_benitez/urdf_ws/install/gpx_loader/lib/python3.10/site-packages/gpx_loader/gpx_loader_node.py to gpx_loader_node.cpython-310.pyc
running install_data
running install_egg_info
removing '/home/laura_benitez/urdf_ws/install/gpx_loader/lib/python3.10/site-packages/gpx_loader-0.0.0-py3.10.egg-info' (and everything under it)
Copying ../../build/gpx_loader/gpx_loader.egg-info to /home/laura_benitez/urdf_ws/install/gpx_loader/lib/python3.10/site-packages/gpx_loader-0.0.0-py3.10.egg-info
running install_scripts
Installing gpx_loader_node script to /home/laura_benitez/urdf_ws/install/gpx_loader/lib/gpx_loader
writing list of installed files to '/home/laura_benitez/urdf_ws/build/gpx_loader/install.log'
