[3.037s] Invoking command in '/home/laura_benitez/urdf_ws/src/gpx_loader': AMENT_PREFIX_PATH=/home/laura_benitez/urdf_ws/install/cuadriga_interfaces:${AMENT_PREFIX_PATH} CMAKE_PREFIX_PATH=/home/laura_benitez/urdf_ws/install/cuadriga_interfaces:${CMAKE_PREFIX_PATH} LD_LIBRARY_PATH=/home/laura_benitez/urdf_ws/install/cuadriga_interfaces/lib:${LD_LIBRARY_PATH} PYTHONPATH=/home/laura_benitez/urdf_ws/build/gpx_loader/prefix_override:/usr/lib/python3/dist-packages/colcon_core/task/python/colcon_distutils_commands:/home/laura_benitez/urdf_ws/install/gpx_loader/lib/python3.10/site-packages:/home/laura_benitez/urdf_ws/install/cuadriga_interfaces/local/lib/python3.10/dist-packages:${PYTHONPATH} /usr/bin/python3 -W ignore:setup.py install is deprecated -W ignore:easy_install command is deprecated setup.py egg_info --egg-base ../../build/gpx_loader build --build-base /home/laura_benitez/urdf_ws/build/gpx_loader/build install --record /home/laura_benitez/urdf_ws/build/gpx_loader/install.log --single-version-externally-managed install_data
[4.091s] running egg_info
[4.092s] writing ../../build/gpx_loader/gpx_loader.egg-info/PKG-INFO
[4.093s] writing dependency_links to ../../build/gpx_loader/gpx_loader.egg-info/dependency_links.txt
[4.094s] writing entry points to ../../build/gpx_loader/gpx_loader.egg-info/entry_points.txt
[4.095s] writing requirements to ../../build/gpx_loader/gpx_loader.egg-info/requires.txt
[4.095s] writing top-level names to ../../build/gpx_loader/gpx_loader.egg-info/top_level.txt
[4.102s] reading manifest file '../../build/gpx_loader/gpx_loader.egg-info/SOURCES.txt'
[4.104s] writing manifest file '../../build/gpx_loader/gpx_loader.egg-info/SOURCES.txt'
[4.105s] running build
[4.105s] running build_py
[4.106s] copying gpx_loader/gpx_loader_node.py -> /home/laura_benitez/urdf_ws/build/gpx_loader/build/lib/gpx_loader
[4.108s] running install
[4.109s] running install_lib
[4.112s] copying /home/laura_benitez/urdf_ws/build/gpx_loader/build/lib/gpx_loader/gpx_loader_node.py -> /home/laura_benitez/urdf_ws/install/gpx_loader/lib/python3.10/site-packages/gpx_loader
[4.131s] byte-compiling /home/laura_benitez/urdf_ws/install/gpx_loader/lib/python3.10/site-packages/gpx_loader/gpx_loader_node.py to gpx_loader_node.cpython-310.pyc
[4.136s] running install_data
[4.136s] running install_egg_info
[4.141s] removing '/home/laura_benitez/urdf_ws/install/gpx_loader/lib/python3.10/site-packages/gpx_loader-0.0.0-py3.10.egg-info' (and everything under it)
[4.145s] Copying ../../build/gpx_loader/gpx_loader.egg-info to /home/laura_benitez/urdf_ws/install/gpx_loader/lib/python3.10/site-packages/gpx_loader-0.0.0-py3.10.egg-info
[4.162s] running install_scripts
[4.224s] Installing gpx_loader_node script to /home/laura_benitez/urdf_ws/install/gpx_loader/lib/gpx_loader
[4.225s] writing list of installed files to '/home/laura_benitez/urdf_ws/build/gpx_loader/install.log'
[4.275s] Invoked command in '/home/laura_benitez/urdf_ws/src/gpx_loader' returned '0': AMENT_PREFIX_PATH=/home/laura_benitez/urdf_ws/install/cuadriga_interfaces:${AMENT_PREFIX_PATH} CMAKE_PREFIX_PATH=/home/laura_benitez/urdf_ws/install/cuadriga_interfaces:${CMAKE_PREFIX_PATH} LD_LIBRARY_PATH=/home/laura_benitez/urdf_ws/install/cuadriga_interfaces/lib:${LD_LIBRARY_PATH} PYTHONPATH=/home/laura_benitez/urdf_ws/build/gpx_loader/prefix_override:/usr/lib/python3/dist-packages/colcon_core/task/python/colcon_distutils_commands:/home/laura_benitez/urdf_ws/install/gpx_loader/lib/python3.10/site-packages:/home/laura_benitez/urdf_ws/install/cuadriga_interfaces/local/lib/python3.10/dist-packages:${PYTHONPATH} /usr/bin/python3 -W ignore:setup.py install is deprecated -W ignore:easy_install command is deprecated setup.py egg_info --egg-base ../../build/gpx_loader build --build-base /home/laura_benitez/urdf_ws/build/gpx_loader/build install --record /home/laura_benitez/urdf_ws/build/gpx_loader/install.log --single-version-externally-managed install_data
