[0.179s] Invoking command in '/home/laura_benitez/urdf_ws/build/cartographer_example': CMAKE_PREFIX_PATH=${CMAKE_PREFIX_PATH}:/home/laura_benitez/urdf_ws/install/teleop_twist_keyboard:/home/laura_benitez/urdf_ws/install/ros_tcp_endpoint:/home/laura_benitez/urdf_ws/install/kml_exporter:/home/laura_benitez/urdf_ws/install/gpx_loader:/opt/ros/humble /usr/bin/cmake --build /home/laura_benitez/urdf_ws/build/cartographer_example -- -j16 -l16
[1.977s] Invoked command in '/home/laura_benitez/urdf_ws/build/cartographer_example' returned '0': CMAKE_PREFIX_PATH=${CMAKE_PREFIX_PATH}:/home/laura_benitez/urdf_ws/install/teleop_twist_keyboard:/home/laura_benitez/urdf_ws/install/ros_tcp_endpoint:/home/laura_benitez/urdf_ws/install/kml_exporter:/home/laura_benitez/urdf_ws/install/gpx_loader:/opt/ros/humble /usr/bin/cmake --build /home/laura_benitez/urdf_ws/build/cartographer_example -- -j16 -l16
[1.989s] Invoking command in '/home/laura_benitez/urdf_ws/build/cartographer_example': CMAKE_PREFIX_PATH=${CMAKE_PREFIX_PATH}:/home/laura_benitez/urdf_ws/install/teleop_twist_keyboard:/home/laura_benitez/urdf_ws/install/ros_tcp_endpoint:/home/laura_benitez/urdf_ws/install/kml_exporter:/home/laura_benitez/urdf_ws/install/gpx_loader:/opt/ros/humble /usr/bin/cmake --install /home/laura_benitez/urdf_ws/build/cartographer_example
[2.807s] -- Install configuration: ""
[2.808s] -- Up-to-date: /home/laura_benitez/urdf_ws/install/cartographer_example/share/ament_index/resource_index/package_run_dependencies/cartographer_example
[2.808s] -- Up-to-date: /home/laura_benitez/urdf_ws/install/cartographer_example/share/ament_index/resource_index/parent_prefix_path/cartographer_example
[2.809s] -- Up-to-date: /home/laura_benitez/urdf_ws/install/cartographer_example/share/cartographer_example/environment/ament_prefix_path.sh
[2.844s] -- Up-to-date: /home/laura_benitez/urdf_ws/install/cartographer_example/share/cartographer_example/environment/ament_prefix_path.dsv
[2.844s] -- Up-to-date: /home/laura_benitez/urdf_ws/install/cartographer_example/share/cartographer_example/environment/path.sh
[2.845s] -- Up-to-date: /home/laura_benitez/urdf_ws/install/cartographer_example/share/cartographer_example/environment/path.dsv
[2.845s] -- Up-to-date: /home/laura_benitez/urdf_ws/install/cartographer_example/share/cartographer_example/local_setup.bash
[2.846s] -- Up-to-date: /home/laura_benitez/urdf_ws/install/cartographer_example/share/cartographer_example/local_setup.sh
[2.846s] -- Up-to-date: /home/laura_benitez/urdf_ws/install/cartographer_example/share/cartographer_example/local_setup.zsh
[2.846s] -- Up-to-date: /home/laura_benitez/urdf_ws/install/cartographer_example/share/cartographer_example/local_setup.dsv
[2.847s] -- Installing: /home/laura_benitez/urdf_ws/install/cartographer_example/share/cartographer_example/package.dsv
[2.847s] -- Up-to-date: /home/laura_benitez/urdf_ws/install/cartographer_example/share/ament_index/resource_index/packages/cartographer_example
[2.848s] -- Up-to-date: /home/laura_benitez/urdf_ws/install/cartographer_example/share/cartographer_example/cmake/cartographer_exampleConfig.cmake
[2.848s] -- Up-to-date: /home/laura_benitez/urdf_ws/install/cartographer_example/share/cartographer_example/cmake/cartographer_exampleConfig-version.cmake
[2.848s] -- Up-to-date: /home/laura_benitez/urdf_ws/install/cartographer_example/share/cartographer_example/package.xml
[2.921s] Invoked command in '/home/laura_benitez/urdf_ws/build/cartographer_example' returned '0': CMAKE_PREFIX_PATH=${CMAKE_PREFIX_PATH}:/home/laura_benitez/urdf_ws/install/teleop_twist_keyboard:/home/laura_benitez/urdf_ws/install/ros_tcp_endpoint:/home/laura_benitez/urdf_ws/install/kml_exporter:/home/laura_benitez/urdf_ws/install/gpx_loader:/opt/ros/humble /usr/bin/cmake --install /home/laura_benitez/urdf_ws/build/cartographer_example
