[0.153s] Invoking command in '/home/laura_benitez/urdf_ws/build/joy': CMAKE_PREFIX_PATH=${CMAKE_PREFIX_PATH}:/home/laura_benitez/urdf_ws/install/teleop_twist_keyboard:/home/laura_benitez/urdf_ws/install/ros_tcp_endpoint:/home/laura_benitez/urdf_ws/install/kml_exporter:/home/laura_benitez/urdf_ws/install/gpx_loader:/opt/ros/humble /usr/bin/cmake --build /home/laura_benitez/urdf_ws/build/joy -- -j16 -l16
[1.869s] [ 33%] Built target joy_enumerate_devices
[1.869s] [ 66%] Built target joy_node
[1.870s] [100%] Built target joy
[1.905s] Invoked command in '/home/laura_benitez/urdf_ws/build/joy' returned '0': CMAKE_PREFIX_PATH=${CMAKE_PREFIX_PATH}:/home/laura_benitez/urdf_ws/install/teleop_twist_keyboard:/home/laura_benitez/urdf_ws/install/ros_tcp_endpoint:/home/laura_benitez/urdf_ws/install/kml_exporter:/home/laura_benitez/urdf_ws/install/gpx_loader:/opt/ros/humble /usr/bin/cmake --build /home/laura_benitez/urdf_ws/build/joy -- -j16 -l16
[1.909s] Invoking command in '/home/laura_benitez/urdf_ws/build/joy': CMAKE_PREFIX_PATH=${CMAKE_PREFIX_PATH}:/home/laura_benitez/urdf_ws/install/teleop_twist_keyboard:/home/laura_benitez/urdf_ws/install/ros_tcp_endpoint:/home/laura_benitez/urdf_ws/install/kml_exporter:/home/laura_benitez/urdf_ws/install/gpx_loader:/opt/ros/humble /usr/bin/cmake --install /home/laura_benitez/urdf_ws/build/joy
[2.681s] -- Install configuration: ""
[2.681s] -- Up-to-date: /home/laura_benitez/urdf_ws/install/joy/lib/libjoy.so
[2.681s] -- Up-to-date: /home/laura_benitez/urdf_ws/install/joy/lib/joy/joy_node
[2.682s] -- Up-to-date: /home/laura_benitez/urdf_ws/install/joy/lib/joy/joy_enumerate_devices
[2.682s] -- Up-to-date: /home/laura_benitez/urdf_ws/install/joy/include/joy
[2.683s] -- Up-to-date: /home/laura_benitez/urdf_ws/install/joy/include/joy/joy
[2.683s] -- Up-to-date: /home/laura_benitez/urdf_ws/install/joy/include/joy/joy/joy.hpp
[2.683s] -- Up-to-date: /home/laura_benitez/urdf_ws/install/joy/include/joy/joy/joy.hpp:Zone.Identifier
[2.684s] -- Up-to-date: /home/laura_benitez/urdf_ws/install/joy/share/joy/config
[2.684s] -- Up-to-date: /home/laura_benitez/urdf_ws/install/joy/share/joy/config/joy-params.yaml
[2.684s] -- Up-to-date: /home/laura_benitez/urdf_ws/install/joy/share/joy/config/joy-params.yaml:Zone.Identifier
[2.684s] -- Up-to-date: /home/laura_benitez/urdf_ws/install/joy/share/joy/launch
[2.685s] -- Up-to-date: /home/laura_benitez/urdf_ws/install/joy/share/joy/launch/joy-composed-launch.py
[2.685s] -- Up-to-date: /home/laura_benitez/urdf_ws/install/joy/share/joy/launch/joy-composed-launch.py:Zone.Identifier
[2.686s] -- Up-to-date: /home/laura_benitez/urdf_ws/install/joy/share/joy/launch/joy-launch_test.py
[2.686s] -- Up-to-date: /home/laura_benitez/urdf_ws/install/joy/share/joy/launch/joy-launch_test.py:Zone.Identifier
[2.687s] -- Up-to-date: /home/laura_benitez/urdf_ws/install/joy/share/ament_index/resource_index/package_run_dependencies/joy
[2.687s] -- Up-to-date: /home/laura_benitez/urdf_ws/install/joy/share/ament_index/resource_index/parent_prefix_path/joy
[2.687s] -- Up-to-date: /home/laura_benitez/urdf_ws/install/joy/share/joy/environment/ament_prefix_path.sh
[2.688s] -- Up-to-date: /home/laura_benitez/urdf_ws/install/joy/share/joy/environment/ament_prefix_path.dsv
[2.688s] -- Up-to-date: /home/laura_benitez/urdf_ws/install/joy/share/joy/environment/path.sh
[2.688s] -- Up-to-date: /home/laura_benitez/urdf_ws/install/joy/share/joy/environment/path.dsv
[2.689s] -- Up-to-date: /home/laura_benitez/urdf_ws/install/joy/share/joy/local_setup.bash
[2.689s] -- Up-to-date: /home/laura_benitez/urdf_ws/install/joy/share/joy/local_setup.sh
[2.689s] -- Up-to-date: /home/laura_benitez/urdf_ws/install/joy/share/joy/local_setup.zsh
[2.689s] -- Up-to-date: /home/laura_benitez/urdf_ws/install/joy/share/joy/local_setup.dsv
[2.690s] -- Installing: /home/laura_benitez/urdf_ws/install/joy/share/joy/package.dsv
[2.690s] -- Up-to-date: /home/laura_benitez/urdf_ws/install/joy/share/ament_index/resource_index/packages/joy
[2.690s] -- Up-to-date: /home/laura_benitez/urdf_ws/install/joy/share/ament_index/resource_index/rclcpp_components/joy
[2.691s] -- Up-to-date: /home/laura_benitez/urdf_ws/install/joy/share/joy/cmake/export_joyExport.cmake
[2.691s] -- Up-to-date: /home/laura_benitez/urdf_ws/install/joy/share/joy/cmake/export_joyExport-noconfig.cmake
[2.692s] -- Up-to-date: /home/laura_benitez/urdf_ws/install/joy/share/joy/cmake/ament_cmake_export_targets-extras.cmake
[2.692s] -- Up-to-date: /home/laura_benitez/urdf_ws/install/joy/share/joy/cmake/ament_cmake_export_dependencies-extras.cmake
[2.692s] -- Up-to-date: /home/laura_benitez/urdf_ws/install/joy/share/joy/cmake/joyConfig.cmake
[2.693s] -- Up-to-date: /home/laura_benitez/urdf_ws/install/joy/share/joy/cmake/joyConfig-version.cmake
[2.693s] -- Up-to-date: /home/laura_benitez/urdf_ws/install/joy/share/joy/package.xml
[2.694s] Invoked command in '/home/laura_benitez/urdf_ws/build/joy' returned '0': CMAKE_PREFIX_PATH=${CMAKE_PREFIX_PATH}:/home/laura_benitez/urdf_ws/install/teleop_twist_keyboard:/home/laura_benitez/urdf_ws/install/ros_tcp_endpoint:/home/laura_benitez/urdf_ws/install/kml_exporter:/home/laura_benitez/urdf_ws/install/gpx_loader:/opt/ros/humble /usr/bin/cmake --install /home/laura_benitez/urdf_ws/build/joy
