[8.684s] Invoking command in '/home/laura_benitez/urdf_ws/src/gpx_loader': CMAKE_PREFIX_PATH=/home/laura_benitez/urdf_ws/install/cuadriga_interfaces:/home/laura_benitez/urdf_ws/install/joy:/home/laura_benitez/urdf_ws/install/cuadriganuevo:/home/laura_benitez/urdf_ws/install/cuadriga:/home/laura_benitez/test_ws/install/mi_robot_description:/home/laura_benitez/rosgame_ws/install/warrior_15:/home/laura_benitez/rosgame_ws/install/rosgame_msgs:/home/laura_benitez/rosgame_ws/install/rosgame_bridge:/home/laura_benitez/cypr_ws/install/navigation:/home/laura_benitez/cypr_ws/install/motion:/home/laura_benitez/cypr_ws/install/localization:/home/laura_benitez/cypr_ws/install/keyboard_control:/home/laura_benitez/cypr_ws/install/arm_controller LD_LIBRARY_PATH=/home/laura_benitez/urdf_ws/install/cuadriga_interfaces/lib:/home/laura_benitez/urdf_ws/install/joy/lib:/home/laura_benitez/rosgame_ws/install/rosgame_msgs/lib:/home/laura_benitez/rosgame_ws/install/rosgame_bridge/lib:/home/laura_benitez/cypr_ws/install/navigation/lib:/home/laura_benitez/cypr_ws/install/localization/lib:/opt/ros/humble/opt/rviz_ogre_vendor/lib:/opt/ros/humble/lib/x86_64-linux-gnu:/opt/ros/humble/lib PYTHONPATH=/home/laura_benitez/urdf_ws/build/gpx_loader/prefix_override:/usr/lib/python3/dist-packages/colcon_core/task/python/colcon_distutils_commands:/home/laura_benitez/urdf_ws/install/gpx_loader/lib/python3.10/site-packages:${PYTHONPATH} /usr/bin/python3 -W ignore:setup.py install is deprecated -W ignore:easy_install command is deprecated setup.py egg_info --egg-base ../../build/gpx_loader build --build-base /home/laura_benitez/urdf_ws/build/gpx_loader/build install --record /home/laura_benitez/urdf_ws/build/gpx_loader/install.log --single-version-externally-managed install_data
[9.849s] running egg_info
[9.851s] writing ../../build/gpx_loader/gpx_loader.egg-info/PKG-INFO
[9.884s] writing dependency_links to ../../build/gpx_loader/gpx_loader.egg-info/dependency_links.txt
[9.886s] writing entry points to ../../build/gpx_loader/gpx_loader.egg-info/entry_points.txt
[9.913s] writing requirements to ../../build/gpx_loader/gpx_loader.egg-info/requires.txt
[9.913s] writing top-level names to ../../build/gpx_loader/gpx_loader.egg-info/top_level.txt
[9.914s] reading manifest file '../../build/gpx_loader/gpx_loader.egg-info/SOURCES.txt'
[9.922s] writing manifest file '../../build/gpx_loader/gpx_loader.egg-info/SOURCES.txt'
[9.922s] running build
[9.922s] running build_py
[9.925s] copying gpx_loader/gpx_loader_node.py -> /home/laura_benitez/urdf_ws/build/gpx_loader/build/lib/gpx_loader
[9.928s] running install
[9.929s] running install_lib
[9.934s] copying /home/laura_benitez/urdf_ws/build/gpx_loader/build/lib/gpx_loader/gpx_loader_node.py -> /home/laura_benitez/urdf_ws/install/gpx_loader/lib/python3.10/site-packages/gpx_loader
[9.955s] byte-compiling /home/laura_benitez/urdf_ws/install/gpx_loader/lib/python3.10/site-packages/gpx_loader/gpx_loader_node.py to gpx_loader_node.cpython-310.pyc
[9.959s] running install_data
[9.964s] running install_egg_info
[9.971s] removing '/home/laura_benitez/urdf_ws/install/gpx_loader/lib/python3.10/site-packages/gpx_loader-0.0.0-py3.10.egg-info' (and everything under it)
[9.976s] Copying ../../build/gpx_loader/gpx_loader.egg-info to /home/laura_benitez/urdf_ws/install/gpx_loader/lib/python3.10/site-packages/gpx_loader-0.0.0-py3.10.egg-info
[9.992s] running install_scripts
[10.049s] Installing gpx_loader_node script to /home/laura_benitez/urdf_ws/install/gpx_loader/lib/gpx_loader
[10.052s] writing list of installed files to '/home/laura_benitez/urdf_ws/build/gpx_loader/install.log'
[10.144s] Invoked command in '/home/laura_benitez/urdf_ws/src/gpx_loader' returned '0': CMAKE_PREFIX_PATH=/home/laura_benitez/urdf_ws/install/cuadriga_interfaces:/home/laura_benitez/urdf_ws/install/joy:/home/laura_benitez/urdf_ws/install/cuadriganuevo:/home/laura_benitez/urdf_ws/install/cuadriga:/home/laura_benitez/test_ws/install/mi_robot_description:/home/laura_benitez/rosgame_ws/install/warrior_15:/home/laura_benitez/rosgame_ws/install/rosgame_msgs:/home/laura_benitez/rosgame_ws/install/rosgame_bridge:/home/laura_benitez/cypr_ws/install/navigation:/home/laura_benitez/cypr_ws/install/motion:/home/laura_benitez/cypr_ws/install/localization:/home/laura_benitez/cypr_ws/install/keyboard_control:/home/laura_benitez/cypr_ws/install/arm_controller LD_LIBRARY_PATH=/home/laura_benitez/urdf_ws/install/cuadriga_interfaces/lib:/home/laura_benitez/urdf_ws/install/joy/lib:/home/laura_benitez/rosgame_ws/install/rosgame_msgs/lib:/home/laura_benitez/rosgame_ws/install/rosgame_bridge/lib:/home/laura_benitez/cypr_ws/install/navigation/lib:/home/laura_benitez/cypr_ws/install/localization/lib:/opt/ros/humble/opt/rviz_ogre_vendor/lib:/opt/ros/humble/lib/x86_64-linux-gnu:/opt/ros/humble/lib PYTHONPATH=/home/laura_benitez/urdf_ws/build/gpx_loader/prefix_override:/usr/lib/python3/dist-packages/colcon_core/task/python/colcon_distutils_commands:/home/laura_benitez/urdf_ws/install/gpx_loader/lib/python3.10/site-packages:${PYTHONPATH} /usr/bin/python3 -W ignore:setup.py install is deprecated -W ignore:easy_install command is deprecated setup.py egg_info --egg-base ../../build/gpx_loader build --build-base /home/laura_benitez/urdf_ws/build/gpx_loader/build install --record /home/laura_benitez/urdf_ws/build/gpx_loader/install.log --single-version-externally-managed install_data
