[0.076s] Invoking command in '/home/laura_benitez/urdf_ws/build/cuadriganuevo': CMAKE_PREFIX_PATH=${CMAKE_PREFIX_PATH}:/home/laura_benitez/urdf_ws/install/teleop_twist_keyboard:/home/laura_benitez/urdf_ws/install/ros_tcp_endpoint:/opt/ros/humble /usr/bin/cmake --build /home/laura_benitez/urdf_ws/build/cuadriganuevo -- -j16 -l16
[1.219s] Invoked command in '/home/laura_benitez/urdf_ws/build/cuadriganuevo' returned '0': CMAKE_PREFIX_PATH=${CMAKE_PREFIX_PATH}:/home/laura_benitez/urdf_ws/install/teleop_twist_keyboard:/home/laura_benitez/urdf_ws/install/ros_tcp_endpoint:/opt/ros/humble /usr/bin/cmake --build /home/laura_benitez/urdf_ws/build/cuadriganuevo -- -j16 -l16
[1.222s] Invoking command in '/home/laura_benitez/urdf_ws/build/cuadriganuevo': CMAKE_PREFIX_PATH=${CMAKE_PREFIX_PATH}:/home/laura_benitez/urdf_ws/install/teleop_twist_keyboard:/home/laura_benitez/urdf_ws/install/ros_tcp_endpoint:/opt/ros/humble /usr/bin/cmake --install /home/laura_benitez/urdf_ws/build/cuadriganuevo
[1.251s] -- Install configuration: ""
[1.251s] -- Up-to-date: /home/laura_benitez/urdf_ws/install/cuadriganuevo/share/cuadriganuevo//launch
[1.251s] -- Up-to-date: /home/laura_benitez/urdf_ws/install/cuadriganuevo/share/cuadriganuevo//launch/display.launch
[1.252s] -- Up-to-date: /home/laura_benitez/urdf_ws/install/cuadriganuevo/share/cuadriganuevo//launch/display.launch.py
[1.252s] -- Up-to-date: /home/laura_benitez/urdf_ws/install/cuadriganuevo/share/cuadriganuevo//meshes
[1.252s] -- Up-to-date: /home/laura_benitez/urdf_ws/install/cuadriganuevo/share/cuadriganuevo//meshes/Cadena_Derch_Link.STL
[1.253s] -- Up-to-date: /home/laura_benitez/urdf_ws/install/cuadriganuevo/share/cuadriganuevo//meshes/Cadena_Izq_Link.STL
[1.253s] -- Up-to-date: /home/laura_benitez/urdf_ws/install/cuadriganuevo/share/cuadriganuevo//meshes/Chasis_link.STL
[1.253s] -- Up-to-date: /home/laura_benitez/urdf_ws/install/cuadriganuevo/share/cuadriganuevo//meshes/Eng_RDD_Link.STL
[1.253s] -- Up-to-date: /home/laura_benitez/urdf_ws/install/cuadriganuevo/share/cuadriganuevo//meshes/Eng_RDI_Link.STL
[1.253s] -- Up-to-date: /home/laura_benitez/urdf_ws/install/cuadriganuevo/share/cuadriganuevo//meshes/Eng_RTD_Link.STL
[1.254s] -- Up-to-date: /home/laura_benitez/urdf_ws/install/cuadriganuevo/share/cuadriganuevo//meshes/Eng_RTI_Link.STL
[1.254s] -- Up-to-date: /home/laura_benitez/urdf_ws/install/cuadriganuevo/share/cuadriganuevo//meshes/E_Central_Derch_Link.STL
[1.254s] -- Up-to-date: /home/laura_benitez/urdf_ws/install/cuadriganuevo/share/cuadriganuevo//meshes/E_Central_Izq_Link.STL
[1.254s] -- Up-to-date: /home/laura_benitez/urdf_ws/install/cuadriganuevo/share/cuadriganuevo//meshes/Motor_D_Link.STL
[1.255s] -- Up-to-date: /home/laura_benitez/urdf_ws/install/cuadriganuevo/share/cuadriganuevo//meshes/Motor_I_Link.STL
[1.255s] -- Up-to-date: /home/laura_benitez/urdf_ws/install/cuadriganuevo/share/cuadriganuevo//meshes/RDD_Link.STL
[1.256s] -- Up-to-date: /home/laura_benitez/urdf_ws/install/cuadriganuevo/share/cuadriganuevo//meshes/RDI_Link.STL
[1.256s] -- Up-to-date: /home/laura_benitez/urdf_ws/install/cuadriganuevo/share/cuadriganuevo//meshes/RTD_Link.STL
[1.257s] -- Up-to-date: /home/laura_benitez/urdf_ws/install/cuadriganuevo/share/cuadriganuevo//meshes/RTI_Link.STL
[1.257s] -- Up-to-date: /home/laura_benitez/urdf_ws/install/cuadriganuevo/share/cuadriganuevo//urdf
[1.257s] -- Up-to-date: /home/laura_benitez/urdf_ws/install/cuadriganuevo/share/cuadriganuevo//urdf/cuadriganuevo.csv
[1.257s] -- Up-to-date: /home/laura_benitez/urdf_ws/install/cuadriganuevo/share/cuadriganuevo//urdf/cuadriganuevo.urdf
[1.258s] -- Up-to-date: /home/laura_benitez/urdf_ws/install/cuadriganuevo/share/cuadriganuevo//config
[1.258s] -- Up-to-date: /home/laura_benitez/urdf_ws/install/cuadriganuevo/share/cuadriganuevo//config/joint_names_CuadrigaNuevo.SLDASM.yaml
[1.258s] -- Up-to-date: /home/laura_benitez/urdf_ws/install/cuadriganuevo/share/cuadriganuevo//config/params.yaml
[1.258s] -- Up-to-date: /home/laura_benitez/urdf_ws/install/cuadriganuevo/share/ament_index/resource_index/package_run_dependencies/cuadriganuevo
[1.259s] -- Up-to-date: /home/laura_benitez/urdf_ws/install/cuadriganuevo/share/ament_index/resource_index/parent_prefix_path/cuadriganuevo
[1.259s] -- Up-to-date: /home/laura_benitez/urdf_ws/install/cuadriganuevo/share/cuadriganuevo/environment/ament_prefix_path.sh
[1.259s] -- Up-to-date: /home/laura_benitez/urdf_ws/install/cuadriganuevo/share/cuadriganuevo/environment/ament_prefix_path.dsv
[1.260s] -- Up-to-date: /home/laura_benitez/urdf_ws/install/cuadriganuevo/share/cuadriganuevo/environment/path.sh
[1.260s] -- Up-to-date: /home/laura_benitez/urdf_ws/install/cuadriganuevo/share/cuadriganuevo/environment/path.dsv
[1.260s] -- Up-to-date: /home/laura_benitez/urdf_ws/install/cuadriganuevo/share/cuadriganuevo/local_setup.bash
[1.260s] -- Up-to-date: /home/laura_benitez/urdf_ws/install/cuadriganuevo/share/cuadriganuevo/local_setup.sh
[1.261s] -- Up-to-date: /home/laura_benitez/urdf_ws/install/cuadriganuevo/share/cuadriganuevo/local_setup.zsh
[1.261s] -- Up-to-date: /home/laura_benitez/urdf_ws/install/cuadriganuevo/share/cuadriganuevo/local_setup.dsv
[1.261s] -- Installing: /home/laura_benitez/urdf_ws/install/cuadriganuevo/share/cuadriganuevo/package.dsv
[1.264s] -- Up-to-date: /home/laura_benitez/urdf_ws/install/cuadriganuevo/share/ament_index/resource_index/packages/cuadriganuevo
[1.265s] -- Up-to-date: /home/laura_benitez/urdf_ws/install/cuadriganuevo/share/cuadriganuevo/cmake/cuadriganuevoConfig.cmake
[1.265s] -- Up-to-date: /home/laura_benitez/urdf_ws/install/cuadriganuevo/share/cuadriganuevo/cmake/cuadriganuevoConfig-version.cmake
[1.265s] -- Up-to-date: /home/laura_benitez/urdf_ws/install/cuadriganuevo/share/cuadriganuevo/package.xml
[1.317s] Invoked command in '/home/laura_benitez/urdf_ws/build/cuadriganuevo' returned '0': CMAKE_PREFIX_PATH=${CMAKE_PREFIX_PATH}:/home/laura_benitez/urdf_ws/install/teleop_twist_keyboard:/home/laura_benitez/urdf_ws/install/ros_tcp_endpoint:/opt/ros/humble /usr/bin/cmake --install /home/laura_benitez/urdf_ws/build/cuadriganuevo
