[0.078s] Invoking command in '/home/laura_benitez/urdf_ws/build/cuadriga_interfaces': CMAKE_PREFIX_PATH=${CMAKE_PREFIX_PATH}:/home/laura_benitez/urdf_ws/install/teleop_twist_keyboard:/home/laura_benitez/urdf_ws/install/ros_tcp_endpoint:/home/laura_benitez/urdf_ws/install/kml_exporter:/home/laura_benitez/urdf_ws/install/gpx_loader:/opt/ros/humble /usr/bin/cmake --build /home/laura_benitez/urdf_ws/build/cuadriga_interfaces -- -j16 -l16
[1.105s] [  3%] Built target cuadriga_interfaces__cpp
[1.106s] [ 12%] Built target cuadriga_interfaces__rosidl_generator_c
[1.106s] [ 12%] Built target ament_cmake_python_copy_cuadriga_interfaces
[1.106s] [ 29%] Built target cuadriga_interfaces__rosidl_typesupport_cpp
[1.107s] [ 32%] Built target cuadriga_interfaces__rosidl_typesupport_introspection_cpp
[1.107s] [ 41%] Built target cuadriga_interfaces__rosidl_typesupport_fastrtps_cpp
[1.107s] [ 54%] Built target cuadriga_interfaces__rosidl_typesupport_c
[1.107s] [ 61%] Built target cuadriga_interfaces__rosidl_typesupport_introspection_c
[1.107s] [ 70%] Built target cuadriga_interfaces__rosidl_typesupport_fastrtps_c
[1.108s] [ 70%] Built target cuadriga_interfaces
[1.108s] [ 74%] Built target cuadriga_interfaces__py
[1.108s] [ 80%] Built target cuadriga_interfaces__rosidl_generator_py
[1.108s] [ 87%] Built target cuadriga_interfaces__rosidl_typesupport_fastrtps_c__pyext
[1.109s] [100%] Built target cuadriga_interfaces__rosidl_typesupport_c__pyext
[1.109s] [100%] Built target cuadriga_interfaces__rosidl_typesupport_introspection_c__pyext
[1.110s] running egg_info
[1.110s] writing cuadriga_interfaces.egg-info/PKG-INFO
[1.110s] writing dependency_links to cuadriga_interfaces.egg-info/dependency_links.txt
[1.110s] writing top-level names to cuadriga_interfaces.egg-info/top_level.txt
[1.110s] reading manifest file 'cuadriga_interfaces.egg-info/SOURCES.txt'
[1.110s] writing manifest file 'cuadriga_interfaces.egg-info/SOURCES.txt'
[1.110s] [100%] Built target ament_cmake_python_build_cuadriga_interfaces_egg
[1.648s] Invoked command in '/home/laura_benitez/urdf_ws/build/cuadriga_interfaces' returned '0': CMAKE_PREFIX_PATH=${CMAKE_PREFIX_PATH}:/home/laura_benitez/urdf_ws/install/teleop_twist_keyboard:/home/laura_benitez/urdf_ws/install/ros_tcp_endpoint:/home/laura_benitez/urdf_ws/install/kml_exporter:/home/laura_benitez/urdf_ws/install/gpx_loader:/opt/ros/humble /usr/bin/cmake --build /home/laura_benitez/urdf_ws/build/cuadriga_interfaces -- -j16 -l16
[1.649s] Invoking command in '/home/laura_benitez/urdf_ws/build/cuadriga_interfaces': CMAKE_PREFIX_PATH=${CMAKE_PREFIX_PATH}:/home/laura_benitez/urdf_ws/install/teleop_twist_keyboard:/home/laura_benitez/urdf_ws/install/ros_tcp_endpoint:/home/laura_benitez/urdf_ws/install/kml_exporter:/home/laura_benitez/urdf_ws/install/gpx_loader:/opt/ros/humble /usr/bin/cmake --install /home/laura_benitez/urdf_ws/build/cuadriga_interfaces
[1.668s] -- Install configuration: ""
[1.668s] -- Up-to-date: /home/laura_benitez/urdf_ws/install/cuadriga_interfaces/share/ament_index/resource_index/rosidl_interfaces/cuadriga_interfaces
[1.669s] -- Up-to-date: /home/laura_benitez/urdf_ws/install/cuadriga_interfaces/include/cuadriga_interfaces/cuadriga_interfaces
[1.669s] -- Up-to-date: /home/laura_benitez/urdf_ws/install/cuadriga_interfaces/include/cuadriga_interfaces/cuadriga_interfaces/msg
[1.669s] -- Up-to-date: /home/laura_benitez/urdf_ws/install/cuadriga_interfaces/include/cuadriga_interfaces/cuadriga_interfaces/msg/detail
[1.670s] -- Up-to-date: /home/laura_benitez/urdf_ws/install/cuadriga_interfaces/include/cuadriga_interfaces/cuadriga_interfaces/msg/detail/gpx_path__functions.c
[1.670s] -- Up-to-date: /home/laura_benitez/urdf_ws/install/cuadriga_interfaces/include/cuadriga_interfaces/cuadriga_interfaces/msg/detail/gpx_path__functions.h
[1.670s] -- Up-to-date: /home/laura_benitez/urdf_ws/install/cuadriga_interfaces/include/cuadriga_interfaces/cuadriga_interfaces/msg/detail/gpx_path__struct.h
[1.671s] -- Up-to-date: /home/laura_benitez/urdf_ws/install/cuadriga_interfaces/include/cuadriga_interfaces/cuadriga_interfaces/msg/detail/gpx_path__type_support.h
[1.671s] -- Up-to-date: /home/laura_benitez/urdf_ws/install/cuadriga_interfaces/include/cuadriga_interfaces/cuadriga_interfaces/msg/detail/gpx_point__functions.c
[1.672s] -- Up-to-date: /home/laura_benitez/urdf_ws/install/cuadriga_interfaces/include/cuadriga_interfaces/cuadriga_interfaces/msg/detail/gpx_point__functions.h
[1.672s] -- Up-to-date: /home/laura_benitez/urdf_ws/install/cuadriga_interfaces/include/cuadriga_interfaces/cuadriga_interfaces/msg/detail/gpx_point__struct.h
[1.672s] -- Up-to-date: /home/laura_benitez/urdf_ws/install/cuadriga_interfaces/include/cuadriga_interfaces/cuadriga_interfaces/msg/detail/gpx_point__type_support.h
[1.673s] -- Up-to-date: /home/laura_benitez/urdf_ws/install/cuadriga_interfaces/include/cuadriga_interfaces/cuadriga_interfaces/msg/gpx_path.h
[1.673s] -- Up-to-date: /home/laura_benitez/urdf_ws/install/cuadriga_interfaces/include/cuadriga_interfaces/cuadriga_interfaces/msg/gpx_point.h
[1.673s] -- Up-to-date: /home/laura_benitez/urdf_ws/install/cuadriga_interfaces/include/cuadriga_interfaces/cuadriga_interfaces/msg/rosidl_generator_c__visibility_control.h
[1.673s] -- Up-to-date: /home/laura_benitez/urdf_ws/install/cuadriga_interfaces/share/cuadriga_interfaces/environment/library_path.sh
[1.673s] -- Up-to-date: /home/laura_benitez/urdf_ws/install/cuadriga_interfaces/share/cuadriga_interfaces/environment/library_path.dsv
[1.674s] -- Up-to-date: /home/laura_benitez/urdf_ws/install/cuadriga_interfaces/lib/libcuadriga_interfaces__rosidl_generator_c.so
[1.674s] -- Up-to-date: /home/laura_benitez/urdf_ws/install/cuadriga_interfaces/include/cuadriga_interfaces/cuadriga_interfaces
[1.675s] -- Up-to-date: /home/laura_benitez/urdf_ws/install/cuadriga_interfaces/include/cuadriga_interfaces/cuadriga_interfaces/msg
[1.675s] -- Up-to-date: /home/laura_benitez/urdf_ws/install/cuadriga_interfaces/include/cuadriga_interfaces/cuadriga_interfaces/msg/detail
[1.675s] -- Up-to-date: /home/laura_benitez/urdf_ws/install/cuadriga_interfaces/include/cuadriga_interfaces/cuadriga_interfaces/msg/detail/gpx_path__rosidl_typesupport_fastrtps_c.h
[1.675s] -- Up-to-date: /home/laura_benitez/urdf_ws/install/cuadriga_interfaces/include/cuadriga_interfaces/cuadriga_interfaces/msg/detail/gpx_point__rosidl_typesupport_fastrtps_c.h
[1.676s] -- Up-to-date: /home/laura_benitez/urdf_ws/install/cuadriga_interfaces/include/cuadriga_interfaces/cuadriga_interfaces/msg/rosidl_typesupport_fastrtps_c__visibility_control.h
[1.676s] -- Up-to-date: /home/laura_benitez/urdf_ws/install/cuadriga_interfaces/lib/libcuadriga_interfaces__rosidl_typesupport_fastrtps_c.so
[1.677s] -- Up-to-date: /home/laura_benitez/urdf_ws/install/cuadriga_interfaces/include/cuadriga_interfaces/cuadriga_interfaces
[1.677s] -- Up-to-date: /home/laura_benitez/urdf_ws/install/cuadriga_interfaces/include/cuadriga_interfaces/cuadriga_interfaces/msg
[1.677s] -- Up-to-date: /home/laura_benitez/urdf_ws/install/cuadriga_interfaces/include/cuadriga_interfaces/cuadriga_interfaces/msg/detail
[1.677s] -- Up-to-date: /home/laura_benitez/urdf_ws/install/cuadriga_interfaces/include/cuadriga_interfaces/cuadriga_interfaces/msg/detail/gpx_path__rosidl_typesupport_introspection_c.h
[1.677s] -- Up-to-date: /home/laura_benitez/urdf_ws/install/cuadriga_interfaces/include/cuadriga_interfaces/cuadriga_interfaces/msg/detail/gpx_path__type_support.c
[1.678s] -- Up-to-date: /home/laura_benitez/urdf_ws/install/cuadriga_interfaces/include/cuadriga_interfaces/cuadriga_interfaces/msg/detail/gpx_point__rosidl_typesupport_introspection_c.h
[1.678s] -- Up-to-date: /home/laura_benitez/urdf_ws/install/cuadriga_interfaces/include/cuadriga_interfaces/cuadriga_interfaces/msg/detail/gpx_point__type_support.c
[1.678s] -- Up-to-date: /home/laura_benitez/urdf_ws/install/cuadriga_interfaces/include/cuadriga_interfaces/cuadriga_interfaces/msg/rosidl_typesupport_introspection_c__visibility_control.h
[1.678s] -- Up-to-date: /home/laura_benitez/urdf_ws/install/cuadriga_interfaces/lib/libcuadriga_interfaces__rosidl_typesupport_introspection_c.so
[1.679s] -- Up-to-date: /home/laura_benitez/urdf_ws/install/cuadriga_interfaces/lib/libcuadriga_interfaces__rosidl_typesupport_c.so
[1.680s] -- Up-to-date: /home/laura_benitez/urdf_ws/install/cuadriga_interfaces/include/cuadriga_interfaces/cuadriga_interfaces
[1.680s] -- Up-to-date: /home/laura_benitez/urdf_ws/install/cuadriga_interfaces/include/cuadriga_interfaces/cuadriga_interfaces/msg
[1.680s] -- Up-to-date: /home/laura_benitez/urdf_ws/install/cuadriga_interfaces/include/cuadriga_interfaces/cuadriga_interfaces/msg/detail
[1.680s] -- Up-to-date: /home/laura_benitez/urdf_ws/install/cuadriga_interfaces/include/cuadriga_interfaces/cuadriga_interfaces/msg/detail/gpx_path__builder.hpp
[1.681s] -- Up-to-date: /home/laura_benitez/urdf_ws/install/cuadriga_interfaces/include/cuadriga_interfaces/cuadriga_interfaces/msg/detail/gpx_path__struct.hpp
[1.681s] -- Up-to-date: /home/laura_benitez/urdf_ws/install/cuadriga_interfaces/include/cuadriga_interfaces/cuadriga_interfaces/msg/detail/gpx_path__traits.hpp
[1.681s] -- Up-to-date: /home/laura_benitez/urdf_ws/install/cuadriga_interfaces/include/cuadriga_interfaces/cuadriga_interfaces/msg/detail/gpx_path__type_support.hpp
[1.681s] -- Up-to-date: /home/laura_benitez/urdf_ws/install/cuadriga_interfaces/include/cuadriga_interfaces/cuadriga_interfaces/msg/detail/gpx_point__builder.hpp
[1.681s] -- Up-to-date: /home/laura_benitez/urdf_ws/install/cuadriga_interfaces/include/cuadriga_interfaces/cuadriga_interfaces/msg/detail/gpx_point__struct.hpp
[1.682s] -- Up-to-date: /home/laura_benitez/urdf_ws/install/cuadriga_interfaces/include/cuadriga_interfaces/cuadriga_interfaces/msg/detail/gpx_point__traits.hpp
[1.682s] -- Up-to-date: /home/laura_benitez/urdf_ws/install/cuadriga_interfaces/include/cuadriga_interfaces/cuadriga_interfaces/msg/detail/gpx_point__type_support.hpp
[1.682s] -- Up-to-date: /home/laura_benitez/urdf_ws/install/cuadriga_interfaces/include/cuadriga_interfaces/cuadriga_interfaces/msg/gpx_path.hpp
[1.682s] -- Up-to-date: /home/laura_benitez/urdf_ws/install/cuadriga_interfaces/include/cuadriga_interfaces/cuadriga_interfaces/msg/gpx_point.hpp
[1.683s] -- Up-to-date: /home/laura_benitez/urdf_ws/install/cuadriga_interfaces/include/cuadriga_interfaces/cuadriga_interfaces/msg/rosidl_generator_cpp__visibility_control.hpp
[1.683s] -- Up-to-date: /home/laura_benitez/urdf_ws/install/cuadriga_interfaces/include/cuadriga_interfaces/cuadriga_interfaces
[1.683s] -- Up-to-date: /home/laura_benitez/urdf_ws/install/cuadriga_interfaces/include/cuadriga_interfaces/cuadriga_interfaces/msg
[1.683s] -- Up-to-date: /home/laura_benitez/urdf_ws/install/cuadriga_interfaces/include/cuadriga_interfaces/cuadriga_interfaces/msg/detail
[1.683s] -- Up-to-date: /home/laura_benitez/urdf_ws/install/cuadriga_interfaces/include/cuadriga_interfaces/cuadriga_interfaces/msg/detail/dds_fastrtps
[1.683s] -- Up-to-date: /home/laura_benitez/urdf_ws/install/cuadriga_interfaces/include/cuadriga_interfaces/cuadriga_interfaces/msg/detail/gpx_path__rosidl_typesupport_fastrtps_cpp.hpp
[1.684s] -- Up-to-date: /home/laura_benitez/urdf_ws/install/cuadriga_interfaces/include/cuadriga_interfaces/cuadriga_interfaces/msg/detail/gpx_point__rosidl_typesupport_fastrtps_cpp.hpp
[1.684s] -- Up-to-date: /home/laura_benitez/urdf_ws/install/cuadriga_interfaces/include/cuadriga_interfaces/cuadriga_interfaces/msg/rosidl_typesupport_fastrtps_cpp__visibility_control.h
[1.684s] -- Up-to-date: /home/laura_benitez/urdf_ws/install/cuadriga_interfaces/lib/libcuadriga_interfaces__rosidl_typesupport_fastrtps_cpp.so
[1.685s] -- Up-to-date: /home/laura_benitez/urdf_ws/install/cuadriga_interfaces/include/cuadriga_interfaces/cuadriga_interfaces
[1.685s] -- Up-to-date: /home/laura_benitez/urdf_ws/install/cuadriga_interfaces/include/cuadriga_interfaces/cuadriga_interfaces/msg
[1.686s] -- Up-to-date: /home/laura_benitez/urdf_ws/install/cuadriga_interfaces/include/cuadriga_interfaces/cuadriga_interfaces/msg/detail
[1.686s] -- Up-to-date: /home/laura_benitez/urdf_ws/install/cuadriga_interfaces/include/cuadriga_interfaces/cuadriga_interfaces/msg/detail/gpx_path__rosidl_typesupport_introspection_cpp.hpp
[1.686s] -- Up-to-date: /home/laura_benitez/urdf_ws/install/cuadriga_interfaces/include/cuadriga_interfaces/cuadriga_interfaces/msg/detail/gpx_path__type_support.cpp
[1.686s] -- Up-to-date: /home/laura_benitez/urdf_ws/install/cuadriga_interfaces/include/cuadriga_interfaces/cuadriga_interfaces/msg/detail/gpx_point__rosidl_typesupport_introspection_cpp.hpp
[1.687s] -- Up-to-date: /home/laura_benitez/urdf_ws/install/cuadriga_interfaces/include/cuadriga_interfaces/cuadriga_interfaces/msg/detail/gpx_point__type_support.cpp
[1.688s] -- Up-to-date: /home/laura_benitez/urdf_ws/install/cuadriga_interfaces/lib/libcuadriga_interfaces__rosidl_typesupport_introspection_cpp.so
[1.689s] -- Up-to-date: /home/laura_benitez/urdf_ws/install/cuadriga_interfaces/lib/libcuadriga_interfaces__rosidl_typesupport_cpp.so
[1.689s] -- Up-to-date: /home/laura_benitez/urdf_ws/install/cuadriga_interfaces/share/cuadriga_interfaces/environment/pythonpath.sh
[1.690s] -- Up-to-date: /home/laura_benitez/urdf_ws/install/cuadriga_interfaces/share/cuadriga_interfaces/environment/pythonpath.dsv
[1.690s] -- Up-to-date: /home/laura_benitez/urdf_ws/install/cuadriga_interfaces/local/lib/python3.10/dist-packages/cuadriga_interfaces-0.0.0-py3.10.egg-info
[1.690s] -- Installing: /home/laura_benitez/urdf_ws/install/cuadriga_interfaces/local/lib/python3.10/dist-packages/cuadriga_interfaces-0.0.0-py3.10.egg-info/dependency_links.txt
[1.692s] -- Installing: /home/laura_benitez/urdf_ws/install/cuadriga_interfaces/local/lib/python3.10/dist-packages/cuadriga_interfaces-0.0.0-py3.10.egg-info/PKG-INFO
[1.693s] -- Installing: /home/laura_benitez/urdf_ws/install/cuadriga_interfaces/local/lib/python3.10/dist-packages/cuadriga_interfaces-0.0.0-py3.10.egg-info/SOURCES.txt
[1.697s] -- Installing: /home/laura_benitez/urdf_ws/install/cuadriga_interfaces/local/lib/python3.10/dist-packages/cuadriga_interfaces-0.0.0-py3.10.egg-info/top_level.txt
[1.697s] -- Up-to-date: /home/laura_benitez/urdf_ws/install/cuadriga_interfaces/local/lib/python3.10/dist-packages/cuadriga_interfaces
[1.698s] -- Up-to-date: /home/laura_benitez/urdf_ws/install/cuadriga_interfaces/local/lib/python3.10/dist-packages/cuadriga_interfaces/cuadriga_interfaces_s__rosidl_typesupport_c.cpython-310-x86_64-linux-gnu.so
[1.698s] -- Up-to-date: /home/laura_benitez/urdf_ws/install/cuadriga_interfaces/local/lib/python3.10/dist-packages/cuadriga_interfaces/cuadriga_interfaces_s__rosidl_typesupport_fastrtps_c.cpython-310-x86_64-linux-gnu.so
[1.698s] -- Up-to-date: /home/laura_benitez/urdf_ws/install/cuadriga_interfaces/local/lib/python3.10/dist-packages/cuadriga_interfaces/cuadriga_interfaces_s__rosidl_typesupport_introspection_c.cpython-310-x86_64-linux-gnu.so
[1.699s] -- Up-to-date: /home/laura_benitez/urdf_ws/install/cuadriga_interfaces/local/lib/python3.10/dist-packages/cuadriga_interfaces/libcuadriga_interfaces__rosidl_generator_py.so
[1.699s] -- Up-to-date: /home/laura_benitez/urdf_ws/install/cuadriga_interfaces/local/lib/python3.10/dist-packages/cuadriga_interfaces/msg
[1.699s] -- Up-to-date: /home/laura_benitez/urdf_ws/install/cuadriga_interfaces/local/lib/python3.10/dist-packages/cuadriga_interfaces/msg/_gpx_path.py
[1.700s] -- Up-to-date: /home/laura_benitez/urdf_ws/install/cuadriga_interfaces/local/lib/python3.10/dist-packages/cuadriga_interfaces/msg/_gpx_path_s.c
[1.700s] -- Up-to-date: /home/laura_benitez/urdf_ws/install/cuadriga_interfaces/local/lib/python3.10/dist-packages/cuadriga_interfaces/msg/_gpx_point.py
[1.700s] -- Up-to-date: /home/laura_benitez/urdf_ws/install/cuadriga_interfaces/local/lib/python3.10/dist-packages/cuadriga_interfaces/msg/_gpx_point_s.c
[1.701s] -- Up-to-date: /home/laura_benitez/urdf_ws/install/cuadriga_interfaces/local/lib/python3.10/dist-packages/cuadriga_interfaces/msg/__init__.py
[1.701s] -- Up-to-date: /home/laura_benitez/urdf_ws/install/cuadriga_interfaces/local/lib/python3.10/dist-packages/cuadriga_interfaces/_cuadriga_interfaces_s.ep.rosidl_typesupport_c.c
[1.701s] -- Up-to-date: /home/laura_benitez/urdf_ws/install/cuadriga_interfaces/local/lib/python3.10/dist-packages/cuadriga_interfaces/_cuadriga_interfaces_s.ep.rosidl_typesupport_fastrtps_c.c
[1.701s] -- Up-to-date: /home/laura_benitez/urdf_ws/install/cuadriga_interfaces/local/lib/python3.10/dist-packages/cuadriga_interfaces/_cuadriga_interfaces_s.ep.rosidl_typesupport_introspection_c.c
[1.702s] -- Up-to-date: /home/laura_benitez/urdf_ws/install/cuadriga_interfaces/local/lib/python3.10/dist-packages/cuadriga_interfaces/__init__.py
[1.770s] Listing '/home/laura_benitez/urdf_ws/install/cuadriga_interfaces/local/lib/python3.10/dist-packages/cuadriga_interfaces'...
[1.770s] Listing '/home/laura_benitez/urdf_ws/install/cuadriga_interfaces/local/lib/python3.10/dist-packages/cuadriga_interfaces/msg'...
[1.776s] -- Up-to-date: /home/laura_benitez/urdf_ws/install/cuadriga_interfaces/local/lib/python3.10/dist-packages/cuadriga_interfaces/cuadriga_interfaces_s__rosidl_typesupport_fastrtps_c.cpython-310-x86_64-linux-gnu.so
[1.777s] -- Up-to-date: /home/laura_benitez/urdf_ws/install/cuadriga_interfaces/local/lib/python3.10/dist-packages/cuadriga_interfaces/cuadriga_interfaces_s__rosidl_typesupport_introspection_c.cpython-310-x86_64-linux-gnu.so
[1.779s] -- Up-to-date: /home/laura_benitez/urdf_ws/install/cuadriga_interfaces/local/lib/python3.10/dist-packages/cuadriga_interfaces/cuadriga_interfaces_s__rosidl_typesupport_c.cpython-310-x86_64-linux-gnu.so
[1.780s] -- Up-to-date: /home/laura_benitez/urdf_ws/install/cuadriga_interfaces/lib/libcuadriga_interfaces__rosidl_generator_py.so
[1.780s] -- Up-to-date: /home/laura_benitez/urdf_ws/install/cuadriga_interfaces/share/cuadriga_interfaces/msg/GPXPath.idl
[1.781s] -- Up-to-date: /home/laura_benitez/urdf_ws/install/cuadriga_interfaces/share/cuadriga_interfaces/msg/GPXPath.msg
[1.781s] -- Up-to-date: /home/laura_benitez/urdf_ws/install/cuadriga_interfaces/share/ament_index/resource_index/package_run_dependencies/cuadriga_interfaces
[1.781s] -- Up-to-date: /home/laura_benitez/urdf_ws/install/cuadriga_interfaces/share/ament_index/resource_index/parent_prefix_path/cuadriga_interfaces
[1.781s] -- Up-to-date: /home/laura_benitez/urdf_ws/install/cuadriga_interfaces/share/cuadriga_interfaces/environment/ament_prefix_path.sh
[1.782s] -- Up-to-date: /home/laura_benitez/urdf_ws/install/cuadriga_interfaces/share/cuadriga_interfaces/environment/ament_prefix_path.dsv
[1.782s] -- Up-to-date: /home/laura_benitez/urdf_ws/install/cuadriga_interfaces/share/cuadriga_interfaces/environment/path.sh
[1.782s] -- Up-to-date: /home/laura_benitez/urdf_ws/install/cuadriga_interfaces/share/cuadriga_interfaces/environment/path.dsv
[1.782s] -- Up-to-date: /home/laura_benitez/urdf_ws/install/cuadriga_interfaces/share/cuadriga_interfaces/local_setup.bash
[1.782s] -- Up-to-date: /home/laura_benitez/urdf_ws/install/cuadriga_interfaces/share/cuadriga_interfaces/local_setup.sh
[1.783s] -- Up-to-date: /home/laura_benitez/urdf_ws/install/cuadriga_interfaces/share/cuadriga_interfaces/local_setup.zsh
[1.783s] -- Up-to-date: /home/laura_benitez/urdf_ws/install/cuadriga_interfaces/share/cuadriga_interfaces/local_setup.dsv
[1.783s] -- Installing: /home/laura_benitez/urdf_ws/install/cuadriga_interfaces/share/cuadriga_interfaces/package.dsv
[1.785s] -- Up-to-date: /home/laura_benitez/urdf_ws/install/cuadriga_interfaces/share/ament_index/resource_index/packages/cuadriga_interfaces
[1.786s] -- Up-to-date: /home/laura_benitez/urdf_ws/install/cuadriga_interfaces/share/cuadriga_interfaces/cmake/export_cuadriga_interfaces__rosidl_generator_cExport.cmake
[1.786s] -- Up-to-date: /home/laura_benitez/urdf_ws/install/cuadriga_interfaces/share/cuadriga_interfaces/cmake/export_cuadriga_interfaces__rosidl_generator_cExport-noconfig.cmake
[1.786s] -- Up-to-date: /home/laura_benitez/urdf_ws/install/cuadriga_interfaces/share/cuadriga_interfaces/cmake/export_cuadriga_interfaces__rosidl_typesupport_fastrtps_cExport.cmake
[1.787s] -- Up-to-date: /home/laura_benitez/urdf_ws/install/cuadriga_interfaces/share/cuadriga_interfaces/cmake/export_cuadriga_interfaces__rosidl_typesupport_fastrtps_cExport-noconfig.cmake
[1.787s] -- Up-to-date: /home/laura_benitez/urdf_ws/install/cuadriga_interfaces/share/cuadriga_interfaces/cmake/cuadriga_interfaces__rosidl_typesupport_introspection_cExport.cmake
[1.788s] -- Up-to-date: /home/laura_benitez/urdf_ws/install/cuadriga_interfaces/share/cuadriga_interfaces/cmake/cuadriga_interfaces__rosidl_typesupport_introspection_cExport-noconfig.cmake
[1.788s] -- Up-to-date: /home/laura_benitez/urdf_ws/install/cuadriga_interfaces/share/cuadriga_interfaces/cmake/cuadriga_interfaces__rosidl_typesupport_cExport.cmake
[1.788s] -- Up-to-date: /home/laura_benitez/urdf_ws/install/cuadriga_interfaces/share/cuadriga_interfaces/cmake/cuadriga_interfaces__rosidl_typesupport_cExport-noconfig.cmake
[1.789s] -- Up-to-date: /home/laura_benitez/urdf_ws/install/cuadriga_interfaces/share/cuadriga_interfaces/cmake/export_cuadriga_interfaces__rosidl_generator_cppExport.cmake
[1.789s] -- Up-to-date: /home/laura_benitez/urdf_ws/install/cuadriga_interfaces/share/cuadriga_interfaces/cmake/export_cuadriga_interfaces__rosidl_typesupport_fastrtps_cppExport.cmake
[1.790s] -- Up-to-date: /home/laura_benitez/urdf_ws/install/cuadriga_interfaces/share/cuadriga_interfaces/cmake/export_cuadriga_interfaces__rosidl_typesupport_fastrtps_cppExport-noconfig.cmake
[1.790s] -- Up-to-date: /home/laura_benitez/urdf_ws/install/cuadriga_interfaces/share/cuadriga_interfaces/cmake/cuadriga_interfaces__rosidl_typesupport_introspection_cppExport.cmake
[1.791s] -- Up-to-date: /home/laura_benitez/urdf_ws/install/cuadriga_interfaces/share/cuadriga_interfaces/cmake/cuadriga_interfaces__rosidl_typesupport_introspection_cppExport-noconfig.cmake
[1.791s] -- Up-to-date: /home/laura_benitez/urdf_ws/install/cuadriga_interfaces/share/cuadriga_interfaces/cmake/cuadriga_interfaces__rosidl_typesupport_cppExport.cmake
[1.791s] -- Up-to-date: /home/laura_benitez/urdf_ws/install/cuadriga_interfaces/share/cuadriga_interfaces/cmake/cuadriga_interfaces__rosidl_typesupport_cppExport-noconfig.cmake
[1.792s] -- Up-to-date: /home/laura_benitez/urdf_ws/install/cuadriga_interfaces/share/cuadriga_interfaces/cmake/export_cuadriga_interfaces__rosidl_generator_pyExport.cmake
[1.792s] -- Up-to-date: /home/laura_benitez/urdf_ws/install/cuadriga_interfaces/share/cuadriga_interfaces/cmake/export_cuadriga_interfaces__rosidl_generator_pyExport-noconfig.cmake
[1.793s] -- Up-to-date: /home/laura_benitez/urdf_ws/install/cuadriga_interfaces/share/cuadriga_interfaces/cmake/rosidl_cmake-extras.cmake
[1.793s] -- Up-to-date: /home/laura_benitez/urdf_ws/install/cuadriga_interfaces/share/cuadriga_interfaces/cmake/ament_cmake_export_dependencies-extras.cmake
[1.793s] -- Up-to-date: /home/laura_benitez/urdf_ws/install/cuadriga_interfaces/share/cuadriga_interfaces/cmake/ament_cmake_export_include_directories-extras.cmake
[1.793s] -- Up-to-date: /home/laura_benitez/urdf_ws/install/cuadriga_interfaces/share/cuadriga_interfaces/cmake/ament_cmake_export_libraries-extras.cmake
[1.793s] -- Up-to-date: /home/laura_benitez/urdf_ws/install/cuadriga_interfaces/share/cuadriga_interfaces/cmake/ament_cmake_export_targets-extras.cmake
[1.794s] -- Up-to-date: /home/laura_benitez/urdf_ws/install/cuadriga_interfaces/share/cuadriga_interfaces/cmake/rosidl_cmake_export_typesupport_targets-extras.cmake
[1.794s] -- Up-to-date: /home/laura_benitez/urdf_ws/install/cuadriga_interfaces/share/cuadriga_interfaces/cmake/rosidl_cmake_export_typesupport_libraries-extras.cmake
[1.794s] -- Up-to-date: /home/laura_benitez/urdf_ws/install/cuadriga_interfaces/share/cuadriga_interfaces/cmake/cuadriga_interfacesConfig.cmake
[1.794s] -- Up-to-date: /home/laura_benitez/urdf_ws/install/cuadriga_interfaces/share/cuadriga_interfaces/cmake/cuadriga_interfacesConfig-version.cmake
[1.795s] -- Up-to-date: /home/laura_benitez/urdf_ws/install/cuadriga_interfaces/share/cuadriga_interfaces/package.xml
[1.799s] Invoked command in '/home/laura_benitez/urdf_ws/build/cuadriga_interfaces' returned '0': CMAKE_PREFIX_PATH=${CMAKE_PREFIX_PATH}:/home/laura_benitez/urdf_ws/install/teleop_twist_keyboard:/home/laura_benitez/urdf_ws/install/ros_tcp_endpoint:/home/laura_benitez/urdf_ws/install/kml_exporter:/home/laura_benitez/urdf_ws/install/gpx_loader:/opt/ros/humble /usr/bin/cmake --install /home/laura_benitez/urdf_ws/build/cuadriga_interfaces
